Component: ARM Compiler 5.06 update 1 (build 61) Tool: armlink [4d35a8]

==============================================================================

Section Cross References

    startup_stm32f103xb.o(RESET) refers to startup_stm32f103xb.o(STACK) for __initial_sp
    startup_stm32f103xb.o(RESET) refers to startup_stm32f103xb.o(.text) for Reset_Handler
    startup_stm32f103xb.o(RESET) refers to stm32f1xx_it.o(i.NMI_Handler) for NMI_Handler
    startup_stm32f103xb.o(RESET) refers to stm32f1xx_it.o(i.HardFault_Handler) for HardFault_Handler
    startup_stm32f103xb.o(RESET) refers to stm32f1xx_it.o(i.MemManage_Handler) for MemManage_Handler
    startup_stm32f103xb.o(RESET) refers to stm32f1xx_it.o(i.BusFault_Handler) for BusFault_Handler
    startup_stm32f103xb.o(RESET) refers to stm32f1xx_it.o(i.UsageFault_Handler) for UsageFault_Handler
    startup_stm32f103xb.o(RESET) refers to port.o(.emb_text) for SVC_Handler
    startup_stm32f103xb.o(RESET) refers to stm32f1xx_it.o(i.DebugMon_Handler) for DebugMon_Handler
    startup_stm32f103xb.o(RESET) refers to stm32f1xx_it.o(i.SysTick_Handler) for SysTick_Handler
    startup_stm32f103xb.o(RESET) refers to stm32f1xx_it.o(i.USB_LP_CAN1_RX0_IRQHandler) for USB_LP_CAN1_RX0_IRQHandler
    startup_stm32f103xb.o(RESET) refers to porttimer.o(i.TIM2_IRQHandler) for TIM2_IRQHandler
    startup_stm32f103xb.o(RESET) refers to portserial.o(i.USART3_IRQHandler) for USART3_IRQHandler
    startup_stm32f103xb.o(.text) refers to system_stm32f1xx.o(i.SystemInit) for SystemInit
    startup_stm32f103xb.o(.text) refers to entry.o(.ARM.Collect$$$$00000000) for __main
    main.o(i.SystemClock_Config) refers to memseta.o(.text) for __aeabi_memclr4
    main.o(i.SystemClock_Config) refers to stm32f1xx_hal_rcc.o(i.HAL_RCC_OscConfig) for HAL_RCC_OscConfig
    main.o(i.SystemClock_Config) refers to stm32f1xx_hal_rcc.o(i.HAL_RCC_ClockConfig) for HAL_RCC_ClockConfig
    main.o(i.main) refers to stm32f1xx_hal.o(i.HAL_Init) for HAL_Init
    main.o(i.main) refers to main.o(i.SystemClock_Config) for SystemClock_Config
    main.o(i.main) refers to gpio.o(i.MX_GPIO_Init) for MX_GPIO_Init
    main.o(i.main) refers to can.o(i.MX_CAN_Init) for MX_CAN_Init
    main.o(i.main) refers to usart.o(i.MX_USART1_UART_Init) for MX_USART1_UART_Init
    main.o(i.main) refers to tim.o(i.MX_TIM2_Init) for MX_TIM2_Init
    main.o(i.main) refers to usart.o(i.MX_USART3_UART_Init) for MX_USART3_UART_Init
    main.o(i.main) refers to stm32f1xx_hal_cortex.o(i.HAL_NVIC_SetPriority) for HAL_NVIC_SetPriority
    main.o(i.main) refers to stm32f1xx_hal_cortex.o(i.HAL_NVIC_EnableIRQ) for HAL_NVIC_EnableIRQ
    main.o(i.main) refers to cmsis_os2.o(i.osKernelInitialize) for osKernelInitialize
    main.o(i.main) refers to freertos.o(i.MX_FREERTOS_Init) for MX_FREERTOS_Init
    main.o(i.main) refers to cmsis_os2.o(i.osKernelStart) for osKernelStart
    gpio.o(i.MX_GPIO_Init) refers to stm32f1xx_hal_gpio.o(i.HAL_GPIO_WritePin) for HAL_GPIO_WritePin
    gpio.o(i.MX_GPIO_Init) refers to stm32f1xx_hal_gpio.o(i.HAL_GPIO_Init) for HAL_GPIO_Init
    freertos.o(i.Can) refers to can.o(i.CAN_Send_Message) for CAN_Send_Message
    freertos.o(i.Can) refers to cmsis_os2.o(i.osDelay) for osDelay
    freertos.o(i.Cmd) refers to cmsis_os2.o(i.osDelay) for osDelay
    freertos.o(i.MX_FREERTOS_Init) refers to cmsis_os2.o(i.osMutexNew) for osMutexNew
    freertos.o(i.MX_FREERTOS_Init) refers to cmsis_os2.o(i.osSemaphoreNew) for osSemaphoreNew
    freertos.o(i.MX_FREERTOS_Init) refers to cmsis_os2.o(i.osMessageQueueNew) for osMessageQueueNew
    freertos.o(i.MX_FREERTOS_Init) refers to cmsis_os2.o(i.osThreadNew) for osThreadNew
    freertos.o(i.MX_FREERTOS_Init) refers to freertos.o(.constdata) for .constdata
    freertos.o(i.MX_FREERTOS_Init) refers to freertos.o(.data) for .data
    freertos.o(i.MX_FREERTOS_Init) refers to freertos.o(i.StartDefaultTask) for StartDefaultTask
    freertos.o(i.MX_FREERTOS_Init) refers to freertos.o(i.Modbus) for Modbus
    freertos.o(i.MX_FREERTOS_Init) refers to freertos.o(i.Can) for Can
    freertos.o(i.MX_FREERTOS_Init) refers to freertos.o(i.Cmd) for Cmd
    freertos.o(i.Modbus) refers to mb.o(i.eMBInit) for eMBInit
    freertos.o(i.Modbus) refers to mb.o(i.eMBEnable) for eMBEnable
    freertos.o(i.Modbus) refers to mb.o(i.eMBPoll) for eMBPoll
    freertos.o(i.StartDefaultTask) refers to cmsis_os2.o(i.osDelay) for osDelay
    freertos.o(.constdata) refers to freertos.o(.conststring) for .conststring
    can.o(i.CAN_Send_Message) refers to stm32f1xx_hal_can.o(i.HAL_CAN_AddTxMessage) for HAL_CAN_AddTxMessage
    can.o(i.CAN_Send_Message) refers to can.o(.bss) for .bss
    can.o(i.CAN_Send_Message) refers to demo.o(.data) for usRegHoldingBuf
    can.o(i.CAN_Send_Message) refers to can.o(.data) for .data
    can.o(i.HAL_CAN_MspDeInit) refers to stm32f1xx_hal_gpio.o(i.HAL_GPIO_DeInit) for HAL_GPIO_DeInit
    can.o(i.HAL_CAN_MspDeInit) refers to stm32f1xx_hal_cortex.o(i.HAL_NVIC_DisableIRQ) for HAL_NVIC_DisableIRQ
[...]
    i.USB_LP_CAN1_RX0_IRQHandler             0x08001cbc   Section        0  stm32f1xx_it.o(i.USB_LP_CAN1_RX0_IRQHandler)
    i.UsageFault_Handler                     0x08001cc8   Section        0  stm32f1xx_it.o(i.UsageFault_Handler)
    i.__NVIC_SetPriority                     0x08001cca   Section        0  stm32f1xx_hal_cortex.o(i.__NVIC_SetPriority)
    __NVIC_SetPriority                       0x08001ccb   Thumb Code    32  stm32f1xx_hal_cortex.o(i.__NVIC_SetPriority)
    i.__scatterload_copy                     0x08001cea   Section       14  handlers.o(i.__scatterload_copy)
    i.__scatterload_null                     0x08001cf8   Section        2  handlers.o(i.__scatterload_null)
    i.__scatterload_zeroinit                 0x08001cfa   Section       14  handlers.o(i.__scatterload_zeroinit)
    i.eMBASCIIInit                           0x08001d08   Section        0  mbascii.o(i.eMBASCIIInit)
    i.eMBASCIIReceive                        0x08001d38   Section        0  mbascii.o(i.eMBASCIIReceive)
    i.eMBASCIISend                           0x08001d80   Section        0  mbascii.o(i.eMBASCIISend)
    i.eMBASCIIStart                          0x08001dc8   Section        0  mbascii.o(i.eMBASCIIStart)
    i.eMBASCIIStop                           0x08001de4   Section        0  mbascii.o(i.eMBASCIIStop)
    i.eMBEnable                              0x08001df8   Section        0  mb.o(i.eMBEnable)
    i.eMBFuncReadCoils                       0x08001e18   Section        0  mbfunccoils.o(i.eMBFuncReadCoils)
    i.eMBFuncReadDiscreteInputs              0x08001e86   Section        0  mbfuncdisc.o(i.eMBFuncReadDiscreteInputs)
    i.eMBFuncReadHoldingRegister             0x08001ef4   Section        0  mbfuncholding.o(i.eMBFuncReadHoldingRegister)
    i.eMBFuncReadInputRegister               0x08001f4e   Section        0  mbfuncinput.o(i.eMBFuncReadInputRegister)
    i.eMBFuncReadWriteMultipleHoldingRegister 0x08001fac   Section        0  mbfuncholding.o(i.eMBFuncReadWriteMultipleHoldingRegister)
    i.eMBFuncReportSlaveID                   0x08002040   Section        0  mbfuncother.o(i.eMBFuncReportSlaveID)
    i.eMBFuncWriteCoil                       0x08002064   Section        0  mbfunccoils.o(i.eMBFuncWriteCoil)
    i.eMBFuncWriteHoldingRegister            0x080020b6   Section        0  mbfuncholding.o(i.eMBFuncWriteHoldingRegister)
    i.eMBFuncWriteMultipleCoils              0x080020e4   Section        0  mbfunccoils.o(i.eMBFuncWriteMultipleCoils)
    i.eMBFuncWriteMultipleHoldingRegister    0x08002142   Section        0  mbfuncholding.o(i.eMBFuncWriteMultipleHoldingRegister)
    i.eMBInit                                0x0800218c   Section        0  mb.o(i.eMBInit)
    i.eMBPoll                                0x08002254   Section        0  mb.o(i.eMBPoll)
    i.eMBRTUInit                             0x08002308   Section        0  mbrtu.o(i.eMBRTUInit)
    i.eMBRTUReceive                          0x08002344   Section        0  mbrtu.o(i.eMBRTUReceive)
    i.eMBRTUSend                             0x08002394   Section        0  mbrtu.o(i.eMBRTUSend)
    i.eMBRTUStart                            0x080023ec   Section        0  mbrtu.o(i.eMBRTUStart)
    i.eMBRTUStop                             0x08002408   Section        0  mbrtu.o(i.eMBRTUStop)
    i.eMBRegCoilsCB                          0x0800241c   Section        0  demo.o(i.eMBRegCoilsCB)
    i.eMBRegDiscreteCB                       0x0800248c   Section        0  demo.o(i.eMBRegDiscreteCB)
    i.eMBRegHoldingCB                        0x08002490   Section        0  demo.o(i.eMBRegHoldingCB)
    i.eMBRegInputCB                          0x08002500   Section        0  demo.o(i.eMBRegInputCB)
    i.main                                   0x08002540   Section        0  main.o(i.main)
    i.osDelay                                0x0800257c   Section        0  cmsis_os2.o(i.osDelay)
    i.osKernelInitialize                     0x080025b4   Section        0  cmsis_os2.o(i.osKernelInitialize)
    i.osKernelStart                          0x080025ec   Section        0  cmsis_os2.o(i.osKernelStart)
    i.osMessageQueueNew                      0x0800262c   Section        0  cmsis_os2.o(i.osMessageQueueNew)
    i.osMutexNew                             0x080026d4   Section        0  cmsis_os2.o(i.osMutexNew)
    i.osSemaphoreNew                         0x0800278c   Section        0  cmsis_os2.o(i.osSemaphoreNew)
    i.osThreadNew                            0x08002860   Section        0  cmsis_os2.o(i.osThreadNew)
    i.prvAddCurrentTaskToDelayedList         0x08002940   Section        0  tasks.o(i.prvAddCurrentTaskToDelayedList)
    prvAddCurrentTaskToDelayedList           0x08002941   Thumb Code    88  tasks.o(i.prvAddCurrentTaskToDelayedList)
    i.prvAddNewTaskToReadyList               0x080029a0   Section        0  tasks.o(i.prvAddNewTaskToReadyList)
    prvAddNewTaskToReadyList                 0x080029a1   Thumb Code   124  tasks.o(i.prvAddNewTaskToReadyList)
    i.prvCheckForValidListAndQueue           0x08002a28   Section        0  timers.o(i.prvCheckForValidListAndQueue)
    prvCheckForValidListAndQueue             0x08002a29   Thumb Code    68  timers.o(i.prvCheckForValidListAndQueue)
    i.prvCheckTasksWaitingTermination        0x08002a84   Section        0  tasks.o(i.prvCheckTasksWaitingTermination)
    prvCheckTasksWaitingTermination          0x08002a85   Thumb Code    56  tasks.o(i.prvCheckTasksWaitingTermination)
    i.prvCopyDataFromQueue                   0x08002ac4   Section        0  queue.o(i.prvCopyDataFromQueue)
    prvCopyDataFromQueue                     0x08002ac5   Thumb Code    36  queue.o(i.prvCopyDataFromQueue)
    i.prvCopyDataToQueue                     0x08002ae8   Section        0  queue.o(i.prvCopyDataToQueue)
    prvCopyDataToQueue                       0x08002ae9   Thumb Code   110  queue.o(i.prvCopyDataToQueue)
    i.prvDeleteTCB                           0x08002b56   Section        0  tasks.o(i.prvDeleteTCB)
    prvDeleteTCB                             0x08002b57   Thumb Code    64  tasks.o(i.prvDeleteTCB)
    i.prvGetNextExpireTime                   0x08002b98   Section        0  timers.o(i.prvGetNextExpireTime)
    prvGetNextExpireTime                     0x08002b99   Thumb Code    30  timers.o(i.prvGetNextExpireTime)
    i.prvHeapInit                            0x08002bbc   Section        0  heap_4.o(i.prvHeapInit)
    prvHeapInit                              0x08002bbd   Thumb Code    70  heap_4.o(i.prvHeapInit)
    i.prvIdleTask                            0x08002c0c   Section        0  tasks.o(i.prvIdleTask)
    prvIdleTask                              0x08002c0d   Thumb Code    30  tasks.o(i.prvIdleTask)
    i.prvInitialiseMutex                     0x08002c34   Section        0  queue.o(i.prvInitialiseMutex)
    prvInitialiseMutex                       0x08002c35   Thumb Code    24  queue.o(i.prvInitialiseMutex)
    i.prvInitialiseNewQueue                  0x08002c4c   Section        0  queue.o(i.prvInitialiseNewQueue)
    prvInitialiseNewQueue                    0x08002c4d   Thumb Code    34  queue.o(i.prvInitialiseNewQueue)
    i.prvInitialiseNewTask                   0x08002c6e   Section        0  tasks.o(i.prvInitialiseNewTask)
    prvInitialiseNewTask                     0x08002c6f   Thumb Code   140  tasks.o(i.prvInitialiseNewTask)
    i.prvInitialiseTaskLists                 0x08002cfc   Section        0  tasks.o(i.prvInitialiseTaskLists)
    prvInitialiseTaskLists                   0x08002cfd   Thumb Code    66  tasks.o(i.prvInitialiseTaskLists)
    i.prvInsertBlockIntoFreeList             0x08002d5c   Section        0  heap_4.o(i.prvInsertBlockIntoFreeList)
    prvInsertBlockIntoFreeList               0x08002d5d   Thumb Code    84  heap_4.o(i.prvInsertBlockIntoFreeList)
    i.prvInsertTimerInActiveList             0x08002db8   Section        0  timers.o(i.prvInsertTimerInActiveList)
    prvInsertTimerInActiveList               0x08002db9   Thumb Code    66  timers.o(i.prvInsertTimerInActiveList)
    i.prvIsQueueEmpty                        0x08002e00   Section        0  queue.o(i.prvIsQueueEmpty)
    prvIsQueueEmpty                          0x08002e01   Thumb Code    26  queue.o(i.prvIsQueueEmpty)
    i.prvIsQueueFull                         0x08002e1a   Section        0  queue.o(i.prvIsQueueFull)
    prvIsQueueFull                           0x08002e1b   Thumb Code    30  queue.o(i.prvIsQueueFull)
    i.prvProcessExpiredTimer                 0x08002e38   Section        0  timers.o(i.prvProcessExpiredTimer)
    prvProcessExpiredTimer                   0x08002e39   Thumb Code    88  timers.o(i.prvProcessExpiredTimer)
    i.prvProcessReceivedCommands             0x08002e94   Section        0  timers.o(i.prvProcessReceivedCommands)
    prvProcessReceivedCommands               0x08002e95   Thumb Code   210  timers.o(i.prvProcessReceivedCommands)
    i.prvProcessTimerOrBlockTask             0x08002f6c   Section        0  timers.o(i.prvProcessTimerOrBlockTask)
    prvProcessTimerOrBlockTask               0x08002f6d   Thumb Code   100  timers.o(i.prvProcessTimerOrBlockTask)
    i.prvResetNextTaskUnblockTime            0x08002fd8   Section        0  tasks.o(i.prvResetNextTaskUnblockTime)
    prvResetNextTaskUnblockTime              0x08002fd9   Thumb Code    30  tasks.o(i.prvResetNextTaskUnblockTime)
    i.prvSampleTimeNow                       0x08002ffc   Section        0  timers.o(i.prvSampleTimeNow)
    prvSampleTimeNow                         0x08002ffd   Thumb Code    38  timers.o(i.prvSampleTimeNow)
    i.prvSwitchTimerLists                    0x08003028   Section        0  timers.o(i.prvSwitchTimerLists)
    prvSwitchTimerLists                      0x08003029   Thumb Code   112  timers.o(i.prvSwitchTimerLists)
    i.prvTaskExitError                       0x0800309c   Section        0  port.o(i.prvTaskExitError)
    prvTaskExitError                         0x0800309d   Thumb Code    42  port.o(i.prvTaskExitError)
    i.prvTimerTask                           0x080030cc   Section        0  timers.o(i.prvTimerTask)
    prvTimerTask                             0x080030cd   Thumb Code    20  timers.o(i.prvTimerTask)
    i.prvUnlockQueue                         0x080030e0   Section        0  queue.o(i.prvUnlockQueue)
    prvUnlockQueue                           0x080030e1   Thumb Code   104  queue.o(i.prvUnlockQueue)
    i.prveMBError2Exception                  0x08003148   Section        0  mbutils.o(i.prveMBError2Exception)
    i.prvucMBBIN2CHAR                        0x08003160   Section        0  mbascii.o(i.prvucMBBIN2CHAR)
    prvucMBBIN2CHAR                          0x08003161   Thumb Code    28  mbascii.o(i.prvucMBBIN2CHAR)
    i.prvucMBLRC                             0x0800317c   Section        0  mbascii.o(i.prvucMBLRC)
    prvucMBLRC                               0x0800317d   Thumb Code    24  mbascii.o(i.prvucMBLRC)
    i.pvPortMalloc                           0x08003194   Section        0  heap_4.o(i.pvPortMalloc)
    i.pxPortInitialiseStack                  0x08003278   Section        0  port.o(i.pxPortInitialiseStack)
    i.usMBCRC16                              0x0800329c   Section        0  mbcrc.o(i.usMBCRC16)
    i.uxListRemove                           0x080032c8   Section        0  list.o(i.uxListRemove)
    i.vApplicationGetIdleTaskMemory          0x080032f0   Section        0  cmsis_os2.o(i.vApplicationGetIdleTaskMemory)
    i.vApplicationGetTimerTaskMemory         0x08003304   Section        0  cmsis_os2.o(i.vApplicationGetTimerTaskMemory)
    i.vListInitialise                        0x0800331c   Section        0  list.o(i.vListInitialise)
    i.vListInitialiseItem                    0x08003332   Section        0  list.o(i.vListInitialiseItem)
    i.vListInsert                            0x08003338   Section        0  list.o(i.vListInsert)
    i.vListInsertEnd                         0x0800336e   Section        0  list.o(i.vListInsertEnd)
    i.vMBPortSerialEnable                    0x08003388   Section        0  portserial.o(i.vMBPortSerialEnable)
    i.vMBPortTimersDisable                   0x080033cc   Section        0  porttimer.o(i.vMBPortTimersDisable)
    i.vMBPortTimersEnable                    0x08003408   Section        0  porttimer.o(i.vMBPortTimersEnable)
    i.vPortEnterCritical                     0x08003434   Section        0  port.o(i.vPortEnterCritical)
    i.vPortExitCritical                      0x08003474   Section        0  port.o(i.vPortExitCritical)
    i.vPortFree                              0x080034a0   Section        0  heap_4.o(i.vPortFree)
    i.vPortSetupTimerInterrupt               0x080034fc   Section        0  port.o(i.vPortSetupTimerInterrupt)
    i.vPortValidateInterruptPriority         0x08003520   Section        0  port.o(i.vPortValidateInterruptPriority)
    i.vQueueAddToRegistry                    0x08003574   Section        0  queue.o(i.vQueueAddToRegistry)
    i.vQueueDelete                           0x0800359c   Section        0  queue.o(i.vQueueDelete)
    i.vQueueUnregisterQueue                  0x080035d0   Section        0  queue.o(i.vQueueUnregisterQueue)
    i.vQueueWaitForMessageRestricted         0x080035f8   Section        0  queue.o(i.vQueueWaitForMessageRestricted)
    i.vTaskDelay                             0x08003644   Section        0  tasks.o(i.vTaskDelay)
    i.vTaskInternalSetTimeOutState           0x08003694   Section        0  tasks.o(i.vTaskInternalSetTimeOutState)
    i.vTaskMissedYield                       0x080036a4   Section        0  tasks.o(i.vTaskMissedYield)
    i.vTaskPlaceOnEventList                  0x080036b0   Section        0  tasks.o(i.vTaskPlaceOnEventList)
    i.vTaskPlaceOnEventListRestricted        0x080036e4   Section        0  tasks.o(i.vTaskPlaceOnEventListRestricted)
    i.vTaskStartScheduler                    0x08003720   Section        0  tasks.o(i.vTaskStartScheduler)
    i.vTaskSuspendAll                        0x080037b0   Section        0  tasks.o(i.vTaskSuspendAll)
    i.vTaskSwitchContext                     0x080037c0   Section        0  tasks.o(i.vTaskSwitchContext)
    i.xMBASCIIReceiveFSM                     0x0800382c   Section        0  mbascii.o(i.xMBASCIIReceiveFSM)
    i.xMBASCIITimerT1SExpired                0x08003910   Section        0  mbascii.o(i.xMBASCIITimerT1SExpired)
    i.xMBASCIITransmitFSM                    0x08003940   Section        0  mbascii.o(i.xMBASCIITransmitFSM)
    i.xMBPortEventGet                        0x080039ec   Section        0  portevent.o(i.xMBPortEventGet)
    i.xMBPortEventInit                       0x08003a08   Section        0  portevent.o(i.xMBPortEventInit)
    i.xMBPortEventPost                       0x08003a18   Section        0  portevent.o(i.xMBPortEventPost)
    i.xMBPortSerialGetByte                   0x08003a28   Section        0  portserial.o(i.xMBPortSerialGetByte)
    i.xMBPortSerialInit                      0x08003a44   Section        0  portserial.o(i.xMBPortSerialInit)
    i.xMBPortSerialPutByte                   0x08003a48   Section        0  portserial.o(i.xMBPortSerialPutByte)
    i.xMBPortTimersInit                      0x08003a64   Section        0  porttimer.o(i.xMBPortTimersInit)
    i.xMBRTUReceiveFSM                       0x08003a68   Section        0  mbrtu.o(i.xMBRTUReceiveFSM)
    i.xMBRTUTimerT35Expired                  0x08003ad0   Section        0  mbrtu.o(i.xMBRTUTimerT35Expired)
    i.xMBRTUTransmitFSM                      0x08003b10   Section        0  mbrtu.o(i.xMBRTUTransmitFSM)
    i.xPortStartScheduler                    0x08003b6c   Section        0  port.o(i.xPortStartScheduler)
    i.xPortSysTickHandler                    0x08003c20   Section        0  port.o(i.xPortSysTickHandler)
    i.xQueueCreateCountingSemaphore          0x08003c4c   Section        0  queue.o(i.xQueueCreateCountingSemaphore)
    i.xQueueCreateCountingSemaphoreStatic    0x08003c88   Section        0  queue.o(i.xQueueCreateCountingSemaphoreStatic)
    i.xQueueCreateMutex                      0x08003cca   Section        0  queue.o(i.xQueueCreateMutex)
    i.xQueueCreateMutexStatic                0x08003ce2   Section        0  queue.o(i.xQueueCreateMutexStatic)
    i.xQueueGenericCreate                    0x08003cfe   Section        0  queue.o(i.xQueueGenericCreate)
    i.xQueueGenericCreateStatic              0x08003d48   Section        0  queue.o(i.xQueueGenericCreateStatic)
    i.xQueueGenericReset                     0x08003db8   Section        0  queue.o(i.xQueueGenericReset)
    i.xQueueGenericSend                      0x08003e48   Section        0  queue.o(i.xQueueGenericSend)
    i.xQueueGenericSendFromISR               0x08003fb8   Section        0  queue.o(i.xQueueGenericSendFromISR)
    i.xQueueReceive                          0x08004074   Section        0  queue.o(i.xQueueReceive)
    i.xTaskCheckForTimeOut                   0x080041bc   Section        0  tasks.o(i.xTaskCheckForTimeOut)
    i.xTaskCreate                            0x0800423c   Section        0  tasks.o(i.xTaskCreate)
    i.xTaskCreateStatic                      0x080042a8   Section        0  tasks.o(i.xTaskCreateStatic)
    i.xTaskGetSchedulerState                 0x08004308   Section        0  tasks.o(i.xTaskGetSchedulerState)
    i.xTaskGetTickCount                      0x08004324   Section        0  tasks.o(i.xTaskGetTickCount)
    i.xTaskIncrementTick                     0x08004330   Section        0  tasks.o(i.xTaskIncrementTick)
    i.xTaskPriorityDisinherit                0x080043fc   Section        0  tasks.o(i.xTaskPriorityDisinherit)
    i.xTaskRemoveFromEventList               0x0800447c   Section        0  tasks.o(i.xTaskRemoveFromEventList)
    i.xTaskResumeAll                         0x080044f4   Section        0  tasks.o(i.xTaskResumeAll)
    i.xTimerCreateTimerTask                  0x080045c0   Section        0  timers.o(i.xTimerCreateTimerTask)
    i.xTimerGenericCommand                   0x08004628   Section        0  timers.o(i.xTimerGenericCommand)
    .constdata                               0x0800469c   Section      200  freertos.o(.constdata)
    .constdata                               0x08004764   Section       16  system_stm32f1xx.o(.constdata)
    .constdata                               0x08004774   Section        8  system_stm32f1xx.o(.constdata)
    .constdata                               0x0800477c   Section      512  mbcrc.o(.constdata)
    aucCRCHi                                 0x0800477c   Data         256  mbcrc.o(.constdata)
    aucCRCLo                                 0x0800487c   Data         256  mbcrc.o(.constdata)
    .conststring                             0x0800497c   Section       68  freertos.o(.conststring)
    .data                                    0x20000000   Section       28  freertos.o(.data)
    .data                                    0x2000001c   Section       20  can.o(.data)
    .data                                    0x20000030   Section       12  stm32f1xx_hal.o(.data)
    .data                                    0x2000003c   Section        4  system_stm32f1xx.o(.data)
    .data                                    0x20000040   Section       16  mbascii.o(.data)
    eSndState                                0x20000040   Data           1  mbascii.o(.data)
    eRcvState                                0x20000041   Data           1  mbascii.o(.data)
    eBytePos                                 0x20000042   Data           1  mbascii.o(.data)
    ucMBLFCharacter                          0x20000043   Data           1  mbascii.o(.data)
    usRcvBufferPos                           0x20000044   Data           2  mbascii.o(.data)
    usSndBufferCount                         0x20000046   Data           2  mbascii.o(.data)
    ucASCIIBuf                               0x20000048   Data           4  mbascii.o(.data)
    pucSndBufferCur                          0x2000004c   Data           4  mbascii.o(.data)
    .data                                    0x20000050   Section        2  mbfuncother.o(.data)
    usMBSlaveIDLen                           0x20000050   Data           2  mbfuncother.o(.data)
    .data                                    0x20000054   Section       12  mbrtu.o(.data)
    eSndState                                0x20000054   Data           1  mbrtu.o(.data)
    eRcvState                                0x20000055   Data           1  mbrtu.o(.data)
    usSndBufferCount                         0x20000056   Data           2  mbrtu.o(.data)
    usRcvBufferPos                           0x20000058   Data           2  mbrtu.o(.data)
    pucSndBufferCur                          0x2000005c   Data           4  mbrtu.o(.data)
    .data                                    0x20000060   Section      172  mb.o(.data)
    eMBState                                 0x20000060   Data           1  mb.o(.data)
    ucRcvAddress                             0x20000061   Data           1  mb.o(.data)
    ucFunctionCode                           0x20000062   Data           1  mb.o(.data)
    eException                               0x20000063   Data           1  mb.o(.data)
    ucMBAddress                              0x20000064   Data           1  mb.o(.data)
    eMBCurrentMode                           0x20000065   Data           1  mb.o(.data)
    usLength                                 0x20000066   Data           2  mb.o(.data)
    ucMBFrame                                0x20000068   Data           4  mb.o(.data)
    peMBFrameSendCur                         0x2000006c   Data           4  mb.o(.data)
    pvMBFrameStartCur                        0x20000070   Data           4  mb.o(.data)
    pvMBFrameStopCur                         0x20000074   Data           4  mb.o(.data)
    peMBFrameReceiveCur                      0x20000078   Data           4  mb.o(.data)
    pvMBFrameCloseCur                        0x2000007c   Data           4  mb.o(.data)
    xFuncHandlers                            0x2000008c   Data         128  mb.o(.data)
    .data                                    0x2000010c   Section     1036  demo.o(.data)
    .data                                    0x20000518   Section        2  portevent.o(.data)
    eQueuedEvent                             0x20000518   Data           1  portevent.o(.data)
    xEventInQueue                            0x20000519   Data           1  portevent.o(.data)
    .data                                    0x2000051c   Section       60  tasks.o(.data)
    pxDelayedTaskList                        0x20000520   Data           4  tasks.o(.data)
    pxOverflowDelayedTaskList                0x20000524   Data           4  tasks.o(.data)
    uxDeletedTasksWaitingCleanUp             0x20000528   Data           4  tasks.o(.data)
    uxCurrentNumberOfTasks                   0x2000052c   Data           4  tasks.o(.data)
    xTickCount                               0x20000530   Data           4  tasks.o(.data)
    uxTopReadyPriority                       0x20000534   Data           4  tasks.o(.data)
    xSchedulerRunning                        0x20000538   Data           4  tasks.o(.data)
    uxPendedTicks                            0x2000053c   Data           4  tasks.o(.data)
    xYieldPending                            0x20000540   Data           4  tasks.o(.data)
    xNumOfOverflows                          0x20000544   Data           4  tasks.o(.data)
    uxTaskNumber                             0x20000548   Data           4  tasks.o(.data)
    xNextTaskUnblockTime                     0x2000054c   Data           4  tasks.o(.data)
    xIdleTaskHandle                          0x20000550   Data           4  tasks.o(.data)
    uxSchedulerSuspended                     0x20000554   Data           4  tasks.o(.data)
    .data                                    0x20000558   Section       20  timers.o(.data)
    pxCurrentTimerList                       0x20000558   Data           4  timers.o(.data)
    pxOverflowTimerList                      0x2000055c   Data           4  timers.o(.data)
    xTimerQueue                              0x20000560   Data           4  timers.o(.data)
    xTimerTaskHandle                         0x20000564   Data           4  timers.o(.data)
    xLastTime                                0x20000568   Data           4  timers.o(.data)
    .data                                    0x2000056c   Section        4  cmsis_os2.o(.data)
    KernelState                              0x2000056c   Data           4  cmsis_os2.o(.data)
    .data                                    0x20000570   Section       24  heap_4.o(.data)
    pxEnd                                    0x20000570   Data           4  heap_4.o(.data)
    xFreeBytesRemaining                      0x20000574   Data           4  heap_4.o(.data)
    xMinimumEverFreeBytesRemaining           0x20000578   Data           4  heap_4.o(.data)
    xBlockAllocatedBit                       0x2000057c   Data           4  heap_4.o(.data)
    xStart                                   0x20000580   Data           8  heap_4.o(.data)
    .data                                    0x20000588   Section       12  port.o(.data)
    ucMaxSysCallPriority                     0x20000588   Data           1  port.o(.data)
    uxCriticalNesting                        0x2000058c   Data           4  port.o(.data)
    ulMaxPRIGROUPValue                       0x20000590   Data           4  port.o(.data)
    .bss                                     0x20000594   Section      196  can.o(.bss)
    .bss                                     0x20000658   Section       72  tim.o(.bss)
    .bss                                     0x200006a0   Section      136  usart.o(.bss)
    .bss                                     0x20000728   Section       32  mbfuncother.o(.bss)
    ucMBSlaveID                              0x20000728   Data          32  mbfuncother.o(.bss)
    .bss                                     0x20000748   Section      256  mbrtu.o(.bss)
    .bss                                     0x20000848   Section       64  queue.o(.bss)
    .bss                                     0x20000888   Section     1220  tasks.o(.bss)
    pxReadyTasksLists                        0x20000888   Data        1120  tasks.o(.bss)
    xDelayedTaskList1                        0x20000ce8   Data          20  tasks.o(.bss)
    xDelayedTaskList2                        0x20000cfc   Data          20  tasks.o(.bss)
    xPendingReadyList                        0x20000d10   Data          20  tasks.o(.bss)
    xTasksWaitingTermination                 0x20000d24   Data          20  tasks.o(.bss)
    xSuspendedTaskList                       0x20000d38   Data          20  tasks.o(.bss)
    .bss                                     0x20000d4c   Section      280  timers.o(.bss)
    xActiveTimerList1                        0x20000d4c   Data          20  timers.o(.bss)
    xActiveTimerList2                        0x20000d60   Data          20  timers.o(.bss)
    xStaticTimerQueue                        0x20000d74   Data          80  timers.o(.bss)
    ucStaticTimerQueueStorage                0x20000dc4   Data         160  timers.o(.bss)
    .bss                                     0x20000e64   Section     1720  cmsis_os2.o(.bss)
    Idle_TCB                                 0x20000e64   Data          92  cmsis_os2.o(.bss)
    Idle_Stack                               0x20000ec0   Data         512  cmsis_os2.o(.bss)
    Timer_TCB                                0x200010c0   Data          92  cmsis_os2.o(.bss)
    Timer_Stack                              0x2000111c   Data        1024  cmsis_os2.o(.bss)
    .bss                                     0x2000151c   Section     3072  heap_4.o(.bss)
    ucHeap                                   0x2000151c   Data        3072  heap_4.o(.bss)
    STACK                                    0x20002120   Section     1024  startup_stm32f103xb.o(STACK)

    Global Symbols

    Symbol Name                              Value     Ov Type        Size  Object(Section)

    BuildAttributes$$THM_ISAv4$P$D$K$B$S$PE$A:L22UL41UL21$X:L11$S22US41US21$IEEE1$IW$USESV6$~STKCKD$USESV7$~SHL$OTIME$EBA8$MICROLIB$REQ8$PRES8$EABIv2 0x00000000   Number         0  anon$$obj.o ABSOLUTE
    __ARM_use_no_argv                        0x00000000   Number         0  main.o ABSOLUTE
    __cpp_initialize__aeabi_                  - Undefined Weak Reference
    __cxa_finalize                            - Undefined Weak Reference
    _clock_init                               - Undefined Weak Reference
    _microlib_exit                            - Undefined Weak Reference
    __Vectors_Size                           0x000000ec   Number         0  startup_stm32f103xb.o ABSOLUTE
    __Vectors                                0x08000000   Data           4  startup_stm32f103xb.o(RESET)
    __Vectors_End                            0x080000ec   Data           0  startup_stm32f103xb.o(RESET)
    __main                                   0x080000ed   Thumb Code     0  entry.o(.ARM.Collect$$$$00000000)
    _main_stk                                0x080000ed   Thumb Code     0  entry2.o(.ARM.Collect$$$$00000001)
    _main_scatterload                        0x080000f1   Thumb Code     0  entry5.o(.ARM.Collect$$$$00000004)
    __main_after_scatterload                 0x080000f5   Thumb Code     0  entry5.o(.ARM.Collect$$$$00000004)
    _main_clock                              0x080000f5   Thumb Code     0  entry7b.o(.ARM.Collect$$$$00000008)
    _main_cpp_init                           0x080000f5   Thumb Code     0  entry8b.o(.ARM.Collect$$$$0000000A)
    _main_init                               0x080000f5   Thumb Code     0  entry9a.o(.ARM.Collect$$$$0000000B)
    __rt_final_cpp                           0x080000fd   Thumb Code     0  entry10a.o(.ARM.Collect$$$$0000000D)
    __rt_final_exit                          0x080000fd   Thumb Code     0  entry11a.o(.ARM.Collect$$$$0000000F)
    SVC_Handler                              0x08000101   Thumb Code    32  port.o(.emb_text)
    __asm___6_port_c_39a90d8d__prvStartFirstTask 0x08000125   Thumb Code    28  port.o(.emb_text)
    PendSV_Handler                           0x08000145   Thumb Code    72  port.o(.emb_text)
    vPortGetIPSR                             0x08000191   Thumb Code     6  port.o(.emb_text)
    Reset_Handler                            0x08000199   Thumb Code     8  startup_stm32f103xb.o(.text)
    ADC1_2_IRQHandler                        0x080001b3   Thumb Code     0  startup_stm32f103xb.o(.text)
    CAN1_RX1_IRQHandler                      0x080001b3   Thumb Code     0  startup_stm32f103xb.o(.text)
    CAN1_SCE_IRQHandler                      0x080001b3   Thumb Code     0  startup_stm32f103xb.o(.text)
    DMA1_Channel1_IRQHandler                 0x080001b3   Thumb Code     0  startup_stm32f103xb.o(.text)
    DMA1_Channel2_IRQHandler                 0x080001b3   Thumb Code     0  startup_stm32f103xb.o(.text)
    DMA1_Channel3_IRQHandler                 0x080001b3   Thumb Code     0  startup_stm32f103xb.o(.text)
    DMA1_Channel4_IRQHandler                 0x080001b3   Thumb Code     0  startup_stm32f103xb.o(.text)
    DMA1_Channel5_IRQHandler                 0x080001b3   Thumb Code     0  startup_stm32f103xb.o(.text)
    DMA1_Channel6_IRQHandler                 0x080001b3   Thumb Code     0  startup_stm32f103xb.o(.text)
    DMA1_Channel7_IRQHandler                 0x080001b3   Thumb Code     0  startup_stm32f103xb.o(.text)
    EXTI0_IRQHandler                         0x080001b3   Thumb Code     0  startup_stm32f103xb.o(.text)
    EXTI15_10_IRQHandler                     0x080001b3   Thumb Code     0  startup_stm32f103xb.o(.text)
    EXTI1_IRQHandler                         0x080001b3   Thumb Code     0  startup_stm32f103xb.o(.text)
    EXTI2_IRQHandler                         0x080001b3   Thumb Code     0  startup_stm32f103xb.o(.text)
    EXTI3_IRQHandler                         0x080001b3   Thumb Code     0  startup_stm32f103xb.o(.text)
    EXTI4_IRQHandler                         0x080001b3   Thumb Code     0  startup_stm32f103xb.o(.text)
    EXTI9_5_IRQHandler                       0x080001b3   Thumb Code     0  startup_stm32f103xb.o(.text)
    FLASH_IRQHandler                         0x080001b3   Thumb Code     0  startup_stm32f103xb.o(.text)
    I2C1_ER_IRQHandler                       0x080001b3   Thumb Code     0  startup_stm32f103xb.o(.text)
    I2C1_EV_IRQHandler                       0x080001b3   Thumb Code     0  startup_stm32f103xb.o(.text)
    I2C2_ER_IRQHandler                       0x080001b3   Thumb Code     0  startup_stm32f103xb.o(.text)
    I2C2_EV_IRQHandler                       0x080001b3   Thumb Code     0  startup_stm32f103xb.o(.text)
    PVD_IRQHandler                           0x080001b3   Thumb Code     0  startup_stm32f103xb.o(.text)
    RCC_IRQHandler                           0x080001b3   Thumb Code     0  startup_stm32f103xb.o(.text)
    RTC_Alarm_IRQHandler                     0x080001b3   Thumb Code     0  startup_stm32f103xb.o(.text)
    RTC_IRQHandler                           0x080001b3   Thumb Code     0  startup_stm32f103xb.o(.text)
    SPI1_IRQHandler                          0x080001b3   Thumb Code     0  startup_stm32f103xb.o(.text)
    SPI2_IRQHandler                          0x080001b3   Thumb Code     0  startup_stm32f103xb.o(.text)
    TAMPER_IRQHandler                        0x080001b3   Thumb Code     0  startup_stm32f103xb.o(.text)
    TIM1_BRK_IRQHandler                      0x080001b3   Thumb Code     0  startup_stm32f103xb.o(.text)
    TIM1_CC_IRQHandler                       0x080001b3   Thumb Code     0  startup_stm32f103xb.o(.text)
    TIM1_TRG_COM_IRQHandler                  0x080001b3   Thumb Code     0  startup_stm32f103xb.o(.text)
    TIM1_UP_IRQHandler                       0x080001b3   Thumb Code     0  startup_stm32f103xb.o(.text)
    TIM3_IRQHandler                          0x080001b3   Thumb Code     0  startup_stm32f103xb.o(.text)
    TIM4_IRQHandler                          0x080001b3   Thumb Code     0  startup_stm32f103xb.o(.text)
    USART1_IRQHandler                        0x080001b3   Thumb Code     0  startup_stm32f103xb.o(.text)
    USART2_IRQHandler                        0x080001b3   Thumb Code     0  startup_stm32f103xb.o(.text)
    USBWakeUp_IRQHandler                     0x080001b3   Thumb Code     0  startup_stm32f103xb.o(.text)
    USB_HP_CAN1_TX_IRQHandler                0x080001b3   Thumb Code     0  startup_stm32f103xb.o(.text)
    WWDG_IRQHandler                          0x080001b3   Thumb Code     0  startup_stm32f103xb.o(.text)
    __aeabi_memcpy                           0x080001bd   Thumb Code    36  memcpya.o(.text)
    __aeabi_memcpy4                          0x080001bd   Thumb Code     0  memcpya.o(.text)
    __aeabi_memcpy8                          0x080001bd   Thumb Code     0  memcpya.o(.text)
    __aeabi_memset                           0x080001e1   Thumb Code    14  memseta.o(.text)
    __aeabi_memset4                          0x080001e1   Thumb Code     0  memseta.o(.text)
    __aeabi_memset8                          0x080001e1   Thumb Code     0  memseta.o(.text)
    __aeabi_memclr                           0x080001ef   Thumb Code     4  memseta.o(.text)
    __aeabi_memclr4                          0x080001ef   Thumb Code     0  memseta.o(.text)
    __aeabi_memclr8                          0x080001ef   Thumb Code     0  memseta.o(.text)
    memset                                   0x080001f3   Thumb Code    18  memseta.o(.text)
    __scatterload                            0x08000205   Thumb Code    28  init.o(.text)
    __scatterload_rt2                        0x08000205   Thumb Code     0  init.o(.text)
    __decompress                             0x08000229   Thumb Code     0  __dczerorl2.o(.text)
    __decompress1                            0x08000229   Thumb Code    86  __dczerorl2.o(.text)
    BusFault_Handler                         0x0800027f   Thumb Code     2  stm32f1xx_it.o(i.BusFault_Handler)
    CAN_Send_Message                         0x08000281   Thumb Code   128  can.o(i.CAN_Send_Message)
    Can                                      0x0800032d   Thumb Code    22  freertos.o(i.Can)
    Cmd                                      0x08000343   Thumb Code     8  freertos.o(i.Cmd)
    DebugMon_Handler                         0x0800034b   Thumb Code     2  stm32f1xx_it.o(i.DebugMon_Handler)
    Error_Handler                            0x0800034d   Thumb Code     4  main.o(i.Error_Handler)
    HAL_CAN_ActivateNotification             0x08000351   Thumb Code    36  stm32f1xx_hal_can.o(i.HAL_CAN_ActivateNotification)
    HAL_CAN_AddTxMessage                     0x08000375   Thumb Code   200  stm32f1xx_hal_can.o(i.HAL_CAN_AddTxMessage)
    HAL_CAN_ConfigFilter                     0x0800043d   Thumb Code   238  stm32f1xx_hal_can.o(i.HAL_CAN_ConfigFilter)
    HAL_CAN_ErrorCallback                    0x0800052b   Thumb Code     2  stm32f1xx_hal_can.o(i.HAL_CAN_ErrorCallback)
    HAL_CAN_GetRxMessage                     0x0800052d   Thumb Code   232  stm32f1xx_hal_can.o(i.HAL_CAN_GetRxMessage)
    HAL_CAN_IRQHandler                       0x08000615   Thumb Code   508  stm32f1xx_hal_can.o(i.HAL_CAN_IRQHandler)
    HAL_CAN_Init                             0x08000811   Thumb Code   282  stm32f1xx_hal_can.o(i.HAL_CAN_Init)
    HAL_CAN_MspInit                          0x0800092d   Thumb Code   130  can.o(i.HAL_CAN_MspInit)
    HAL_CAN_RxFifo0FullCallback              0x080009c1   Thumb Code     2  stm32f1xx_hal_can.o(i.HAL_CAN_RxFifo0FullCallback)
    HAL_CAN_RxFifo0MsgPendingCallback        0x080009c5   Thumb Code   104  can.o(i.HAL_CAN_RxFifo0MsgPendingCallback)
    HAL_CAN_RxFifo1FullCallback              0x08000a39   Thumb Code     2  stm32f1xx_hal_can.o(i.HAL_CAN_RxFifo1FullCallback)
    HAL_CAN_RxFifo1MsgPendingCallback        0x08000a3b   Thumb Code     2  stm32f1xx_hal_can.o(i.HAL_CAN_RxFifo1MsgPendingCallback)
    HAL_CAN_SleepCallback                    0x08000a3d   Thumb Code     2  stm32f1xx_hal_can.o(i.HAL_CAN_SleepCallback)
    HAL_CAN_Start                            0x08000a41   Thumb Code    88  stm32f1xx_hal_can.o(i.HAL_CAN_Start)
    HAL_CAN_TxMailbox0AbortCallback          0x08000a99   Thumb Code     2  stm32f1xx_hal_can.o(i.HAL_CAN_TxMailbox0AbortCallback)
    HAL_CAN_TxMailbox0CompleteCallback       0x08000a9b   Thumb Code     2  stm32f1xx_hal_can.o(i.HAL_CAN_TxMailbox0CompleteCallback)
    HAL_CAN_TxMailbox1AbortCallback          0x08000a9d   Thumb Code     2  stm32f1xx_hal_can.o(i.HAL_CAN_TxMailbox1AbortCallback)
    HAL_CAN_TxMailbox1CompleteCallback       0x08000a9f   Thumb Code     2  stm32f1xx_hal_can.o(i.HAL_CAN_TxMailbox1CompleteCallback)
    HAL_CAN_TxMailbox2AbortCallback          0x08000aa1   Thumb Code     2  stm32f1xx_hal_can.o(i.HAL_CAN_TxMailbox2AbortCallback)
    HAL_CAN_TxMailbox2CompleteCallback       0x08000aa3   Thumb Code     2  stm32f1xx_hal_can.o(i.HAL_CAN_TxMailbox2CompleteCallback)
    HAL_CAN_WakeUpFromRxMsgCallback          0x08000aa5   Thumb Code     2  stm32f1xx_hal_can.o(i.HAL_CAN_WakeUpFromRxMsgCallback)
    HAL_GPIO_Init                            0x08000aa9   Thumb Code   446  stm32f1xx_hal_gpio.o(i.HAL_GPIO_Init)
    HAL_GPIO_WritePin                        0x08000c89   Thumb Code    10  stm32f1xx_hal_gpio.o(i.HAL_GPIO_WritePin)
    HAL_GetTick                              0x08000c95   Thumb Code     6  stm32f1xx_hal.o(i.HAL_GetTick)
    HAL_IncTick                              0x08000ca1   Thumb Code    12  stm32f1xx_hal.o(i.HAL_IncTick)
    HAL_Init                                 0x08000cb1   Thumb Code    32  stm32f1xx_hal.o(i.HAL_Init)
    HAL_InitTick                             0x08000cd5   Thumb Code    54  stm32f1xx_hal.o(i.HAL_InitTick)
    HAL_MspInit                              0x08000d15   Thumb Code    62  stm32f1xx_hal_msp.o(i.HAL_MspInit)
    HAL_NVIC_EnableIRQ                       0x08000d5d   Thumb Code    26  stm32f1xx_hal_cortex.o(i.HAL_NVIC_EnableIRQ)
    HAL_NVIC_SetPriority                     0x08000d79   Thumb Code    60  stm32f1xx_hal_cortex.o(i.HAL_NVIC_SetPriority)
    HAL_NVIC_SetPriorityGrouping             0x08000db9   Thumb Code    26  stm32f1xx_hal_cortex.o(i.HAL_NVIC_SetPriorityGrouping)
    HAL_RCC_ClockConfig                      0x08000ddd   Thumb Code   280  stm32f1xx_hal_rcc.o(i.HAL_RCC_ClockConfig)
    HAL_RCC_GetPCLK1Freq                     0x08000f09   Thumb Code    20  stm32f1xx_hal_rcc.o(i.HAL_RCC_GetPCLK1Freq)
    HAL_RCC_GetPCLK2Freq                     0x08000f29   Thumb Code    20  stm32f1xx_hal_rcc.o(i.HAL_RCC_GetPCLK2Freq)
    HAL_RCC_GetSysClockFreq                  0x08000f49   Thumb Code    74  stm32f1xx_hal_rcc.o(i.HAL_RCC_GetSysClockFreq)
    HAL_RCC_OscConfig                        0x08000fb5   Thumb Code   778  stm32f1xx_hal_rcc.o(i.HAL_RCC_OscConfig)
    HAL_SYSTICK_Config                       0x080012d5   Thumb Code    40  stm32f1xx_hal_cortex.o(i.HAL_SYSTICK_Config)
    HAL_TIMEx_MasterConfigSynchronization    0x080012fd   Thumb Code    92  stm32f1xx_hal_tim_ex.o(i.HAL_TIMEx_MasterConfigSynchronization)
    HAL_TIM_Base_Init                        0x08001365   Thumb Code    90  stm32f1xx_hal_tim.o(i.HAL_TIM_Base_Init)
    HAL_TIM_Base_MspInit                     0x080013c1   Thumb Code    50  tim.o(i.HAL_TIM_Base_MspInit)
    HAL_TIM_ConfigClockSource                0x080013f9   Thumb Code   214  stm32f1xx_hal_tim.o(i.HAL_TIM_ConfigClockSource)
    HAL_UART_Init                            0x080014cf   Thumb Code    98  stm32f1xx_hal_uart.o(i.HAL_UART_Init)
    HAL_UART_MspInit                         0x08001531   Thumb Code   186  usart.o(i.HAL_UART_MspInit)
    HAL_UART_Receive                         0x08001601   Thumb Code   192  stm32f1xx_hal_uart.o(i.HAL_UART_Receive)
    HAL_UART_Transmit                        0x080016c1   Thumb Code   178  stm32f1xx_hal_uart.o(i.HAL_UART_Transmit)
    HardFault_Handler                        0x08001773   Thumb Code     2  stm32f1xx_it.o(i.HardFault_Handler)
    MX_CAN_Init                              0x08001775   Thumb Code   142  can.o(i.MX_CAN_Init)
    MX_FREERTOS_Init                         0x0800180d   Thumb Code    98  freertos.o(i.MX_FREERTOS_Init)
    MX_GPIO_Init                             0x08001889   Thumb Code   100  gpio.o(i.MX_GPIO_Init)
    MX_TIM2_Init                             0x080018f5   Thumb Code    96  tim.o(i.MX_TIM2_Init)
    MX_USART1_UART_Init                      0x08001959   Thumb Code    54  usart.o(i.MX_USART1_UART_Init)
    MX_USART3_UART_Init                      0x08001999   Thumb Code    48  usart.o(i.MX_USART3_UART_Init)
    MemManage_Handler                        0x080019d1   Thumb Code     2  stm32f1xx_it.o(i.MemManage_Handler)
    Modbus                                   0x080019d5   Thumb Code    30  freertos.o(i.Modbus)
    NMI_Handler                              0x080019f3   Thumb Code     2  stm32f1xx_it.o(i.NMI_Handler)
    StartDefaultTask                         0x080019f5   Thumb Code     8  freertos.o(i.StartDefaultTask)
    SysTick_Handler                          0x080019fd   Thumb Code    24  stm32f1xx_it.o(i.SysTick_Handler)
    SystemClock_Config                       0x08001a15   Thumb Code    94  main.o(i.SystemClock_Config)
    SystemInit                               0x08001a73   Thumb Code     2  system_stm32f1xx.o(i.SystemInit)
    TIM2_IRQHandler                          0x08001a75   Thumb Code    24  porttimer.o(i.TIM2_IRQHandler)
    TIM_Base_SetConfig                       0x08001a95   Thumb Code    94  stm32f1xx_hal_tim.o(i.TIM_Base_SetConfig)
    TIM_ETR_SetConfig                        0x08001b01   Thumb Code    20  stm32f1xx_hal_tim.o(i.TIM_ETR_SetConfig)
    USART3_IRQHandler                        0x08001c89   Thumb Code    38  portserial.o(i.USART3_IRQHandler)
    USB_LP_CAN1_RX0_IRQHandler               0x08001cbd   Thumb Code     6  stm32f1xx_it.o(i.USB_LP_CAN1_RX0_IRQHandler)
    UsageFault_Handler                       0x08001cc9   Thumb Code     2  stm32f1xx_it.o(i.UsageFault_Handler)
    __scatterload_copy                       0x08001ceb   Thumb Code    14  handlers.o(i.__scatterload_copy)
    __scatterload_null                       0x08001cf9   Thumb Code     2  handlers.o(i.__scatterload_null)
    __scatterload_zeroinit                   0x08001cfb   Thumb Code    14  handlers.o(i.__scatterload_zeroinit)
    eMBASCIIInit                             0x08001d09   Thumb Code    44  mbascii.o(i.eMBASCIIInit)
    eMBASCIIReceive                          0x08001d39   Thumb Code    68  mbascii.o(i.eMBASCIIReceive)
    eMBASCIISend                             0x08001d81   Thumb Code    68  mbascii.o(i.eMBASCIISend)
    eMBASCIIStart                            0x08001dc9   Thumb Code    24  mbascii.o(i.eMBASCIIStart)
    eMBASCIIStop                             0x08001de5   Thumb Code    18  mbascii.o(i.eMBASCIIStop)
    eMBEnable                                0x08001df9   Thumb Code    28  mb.o(i.eMBEnable)
    eMBFuncReadCoils                         0x08001e19   Thumb Code   110  mbfunccoils.o(i.eMBFuncReadCoils)
    eMBFuncReadDiscreteInputs                0x08001e87   Thumb Code   110  mbfuncdisc.o(i.eMBFuncReadDiscreteInputs)
    eMBFuncReadHoldingRegister               0x08001ef5   Thumb Code    90  mbfuncholding.o(i.eMBFuncReadHoldingRegister)
    eMBFuncReadInputRegister                 0x08001f4f   Thumb Code    94  mbfuncinput.o(i.eMBFuncReadInputRegister)
    eMBFuncReadWriteMultipleHoldingRegister  0x08001fad   Thumb Code   148  mbfuncholding.o(i.eMBFuncReadWriteMultipleHoldingRegister)
    eMBFuncReportSlaveID                     0x08002041   Thumb Code    26  mbfuncother.o(i.eMBFuncReportSlaveID)
    eMBFuncWriteCoil                         0x08002065   Thumb Code    82  mbfunccoils.o(i.eMBFuncWriteCoil)
    eMBFuncWriteHoldingRegister              0x080020b7   Thumb Code    46  mbfuncholding.o(i.eMBFuncWriteHoldingRegister)
    eMBFuncWriteMultipleCoils                0x080020e5   Thumb Code    94  mbfunccoils.o(i.eMBFuncWriteMultipleCoils)
    eMBFuncWriteMultipleHoldingRegister      0x08002143   Thumb Code    74  mbfuncholding.o(i.eMBFuncWriteMultipleHoldingRegister)
    eMBInit                                  0x0800218d   Thumb Code   140  mb.o(i.eMBInit)
    eMBPoll                                  0x08002255   Thumb Code   176  mb.o(i.eMBPoll)
    eMBRTUInit                               0x08002309   Thumb Code    54  mbrtu.o(i.eMBRTUInit)
    eMBRTUReceive                            0x08002345   Thumb Code    70  mbrtu.o(i.eMBRTUReceive)
    eMBRTUSend                               0x08002395   Thumb Code    80  mbrtu.o(i.eMBRTUSend)
    eMBRTUStart                              0x080023ed   Thumb Code    24  mbrtu.o(i.eMBRTUStart)
    eMBRTUStop                               0x08002409   Thumb Code    18  mbrtu.o(i.eMBRTUStop)
    eMBRegCoilsCB                            0x0800241d   Thumb Code   106  demo.o(i.eMBRegCoilsCB)
    eMBRegDiscreteCB                         0x0800248d   Thumb Code     4  demo.o(i.eMBRegDiscreteCB)
    eMBRegHoldingCB                          0x08002491   Thumb Code   106  demo.o(i.eMBRegHoldingCB)
    eMBRegInputCB                            0x08002501   Thumb Code    60  demo.o(i.eMBRegInputCB)
    main                                     0x08002541   Thumb Code    58  main.o(i.main)
    osDelay                                  0x0800257d   Thumb Code    50  cmsis_os2.o(i.osDelay)
    osKernelInitialize                       0x080025b5   Thumb Code    50  cmsis_os2.o(i.osKernelInitialize)
    osKernelStart                            0x080025ed   Thumb Code    58  cmsis_os2.o(i.osKernelStart)
    osMessageQueueNew                        0x0800262d   Thumb Code   162  cmsis_os2.o(i.osMessageQueueNew)
    osMutexNew                               0x080026d5   Thumb Code   180  cmsis_os2.o(i.osMutexNew)
    osSemaphoreNew                           0x0800278d   Thumb Code   206  cmsis_os2.o(i.osSemaphoreNew)
    osThreadNew                              0x08002861   Thumb Code   218  cmsis_os2.o(i.osThreadNew)
    prveMBError2Exception                    0x08003149   Thumb Code    24  mbutils.o(i.prveMBError2Exception)
    pvPortMalloc                             0x08003195   Thumb Code   218  heap_4.o(i.pvPortMalloc)
    pxPortInitialiseStack                    0x08003279   Thumb Code    30  port.o(i.pxPortInitialiseStack)
    usMBCRC16                                0x0800329d   Thumb Code    40  mbcrc.o(i.usMBCRC16)
    uxListRemove                             0x080032c9   Thumb Code    38  list.o(i.uxListRemove)
    vApplicationGetIdleTaskMemory            0x080032f1   Thumb Code    16  cmsis_os2.o(i.vApplicationGetIdleTaskMemory)
    vApplicationGetTimerTaskMemory           0x08003305   Thumb Code    18  cmsis_os2.o(i.vApplicationGetTimerTaskMemory)
    vListInitialise                          0x0800331d   Thumb Code    22  list.o(i.vListInitialise)
    vListInitialiseItem                      0x08003333   Thumb Code     6  list.o(i.vListInitialiseItem)
    vListInsert                              0x08003339   Thumb Code    54  list.o(i.vListInsert)
    vListInsertEnd                           0x0800336f   Thumb Code    24  list.o(i.vListInsertEnd)
    vMBPortSerialEnable                      0x08003389   Thumb Code    58  portserial.o(i.vMBPortSerialEnable)
    vMBPortTimersDisable                     0x080033cd   Thumb Code    56  porttimer.o(i.vMBPortTimersDisable)
    vMBPortTimersEnable                      0x08003409   Thumb Code    38  porttimer.o(i.vMBPortTimersEnable)
    vPortEnterCritical                       0x08003435   Thumb Code    54  port.o(i.vPortEnterCritical)
    vPortExitCritical                        0x08003475   Thumb Code    38  port.o(i.vPortExitCritical)
    vPortFree                                0x080034a1   Thumb Code    88  heap_4.o(i.vPortFree)
    vPortSetupTimerInterrupt                 0x080034fd   Thumb Code    32  port.o(i.vPortSetupTimerInterrupt)
    vPortValidateInterruptPriority           0x08003521   Thumb Code    74  port.o(i.vPortValidateInterruptPriority)
    vQueueAddToRegistry                      0x08003575   Thumb Code    34  queue.o(i.vQueueAddToRegistry)
    vQueueDelete                             0x0800359d   Thumb Code    50  queue.o(i.vQueueDelete)
    vQueueUnregisterQueue                    0x080035d1   Thumb Code    36  queue.o(i.vQueueUnregisterQueue)
    vQueueWaitForMessageRestricted           0x080035f9   Thumb Code    74  queue.o(i.vQueueWaitForMessageRestricted)
    vTaskDelay                               0x08003645   Thumb Code    70  tasks.o(i.vTaskDelay)
    vTaskInternalSetTimeOutState             0x08003695   Thumb Code    12  tasks.o(i.vTaskInternalSetTimeOutState)
    vTaskMissedYield                         0x080036a5   Thumb Code     8  tasks.o(i.vTaskMissedYield)
    vTaskPlaceOnEventList                    0x080036b1   Thumb Code    48  tasks.o(i.vTaskPlaceOnEventList)
    vTaskPlaceOnEventListRestricted          0x080036e5   Thumb Code    54  tasks.o(i.vTaskPlaceOnEventListRestricted)
    vTaskStartScheduler                      0x08003721   Thumb Code   128  tasks.o(i.vTaskStartScheduler)
    vTaskSuspendAll                          0x080037b1   Thumb Code    10  tasks.o(i.vTaskSuspendAll)
    vTaskSwitchContext                       0x080037c1   Thumb Code   100  tasks.o(i.vTaskSwitchContext)
    xMBASCIIReceiveFSM                       0x0800382d   Thumb Code   222  mbascii.o(i.xMBASCIIReceiveFSM)
    xMBASCIITimerT1SExpired                  0x08003911   Thumb Code    42  mbascii.o(i.xMBASCIITimerT1SExpired)
    xMBASCIITransmitFSM                      0x08003941   Thumb Code   168  mbascii.o(i.xMBASCIITransmitFSM)
    xMBPortEventGet                          0x080039ed   Thumb Code    24  portevent.o(i.xMBPortEventGet)
    xMBPortEventInit                         0x08003a09   Thumb Code    10  portevent.o(i.xMBPortEventInit)
    xMBPortEventPost                         0x08003a19   Thumb Code    12  portevent.o(i.xMBPortEventPost)
    xMBPortSerialGetByte                     0x08003a29   Thumb Code    24  portserial.o(i.xMBPortSerialGetByte)
    xMBPortSerialInit                        0x08003a45   Thumb Code     4  portserial.o(i.xMBPortSerialInit)
    xMBPortSerialPutByte                     0x08003a49   Thumb Code    24  portserial.o(i.xMBPortSerialPutByte)
    xMBPortTimersInit                        0x08003a65   Thumb Code     4  porttimer.o(i.xMBPortTimersInit)
    xMBRTUReceiveFSM                         0x08003a69   Thumb Code    96  mbrtu.o(i.xMBRTUReceiveFSM)
    xMBRTUTimerT35Expired                    0x08003ad1   Thumb Code    58  mbrtu.o(i.xMBRTUTimerT35Expired)
    xMBRTUTransmitFSM                        0x08003b11   Thumb Code    86  mbrtu.o(i.xMBRTUTransmitFSM)
    xPortStartScheduler                      0x08003b6d   Thumb Code   168  port.o(i.xPortStartScheduler)
    xPortSysTickHandler                      0x08003c21   Thumb Code    38  port.o(i.xPortSysTickHandler)
    xQueueCreateCountingSemaphore            0x08003c4d   Thumb Code    60  queue.o(i.xQueueCreateCountingSemaphore)
    xQueueCreateCountingSemaphoreStatic      0x08003c89   Thumb Code    66  queue.o(i.xQueueCreateCountingSemaphoreStatic)
    xQueueCreateMutex                        0x08003ccb   Thumb Code    24  queue.o(i.xQueueCreateMutex)
    xQueueCreateMutexStatic                  0x08003ce3   Thumb Code    28  queue.o(i.xQueueCreateMutexStatic)
    xQueueGenericCreate                      0x08003cff   Thumb Code    74  queue.o(i.xQueueGenericCreate)
    xQueueGenericCreateStatic                0x08003d49   Thumb Code   112  queue.o(i.xQueueGenericCreateStatic)
    xQueueGenericReset                       0x08003db9   Thumb Code   138  queue.o(i.xQueueGenericReset)
    xQueueGenericSend                        0x08003e49   Thumb Code   362  queue.o(i.xQueueGenericSend)
    xQueueGenericSendFromISR                 0x08003fb9   Thumb Code   188  queue.o(i.xQueueGenericSendFromISR)
    xQueueReceive                            0x08004075   Thumb Code   322  queue.o(i.xQueueReceive)
    xTaskCheckForTimeOut                     0x080041bd   Thumb Code   122  tasks.o(i.xTaskCheckForTimeOut)
    xTaskCreate                              0x0800423d   Thumb Code   108  tasks.o(i.xTaskCreate)
    xTaskCreateStatic                        0x080042a9   Thumb Code    96  tasks.o(i.xTaskCreateStatic)
    xTaskGetSchedulerState                   0x08004309   Thumb Code    24  tasks.o(i.xTaskGetSchedulerState)
    xTaskGetTickCount                        0x08004325   Thumb Code     6  tasks.o(i.xTaskGetTickCount)
    xTaskIncrementTick                       0x08004331   Thumb Code   194  tasks.o(i.xTaskIncrementTick)
    xTaskPriorityDisinherit                  0x080043fd   Thumb Code   118  tasks.o(i.xTaskPriorityDisinherit)
    xTaskRemoveFromEventList                 0x0800447d   Thumb Code   106  tasks.o(i.xTaskRemoveFromEventList)
    xTaskResumeAll                           0x080044f5   Thumb Code   190  tasks.o(i.xTaskResumeAll)
    xTimerCreateTimerTask                    0x080045c1   Thumb Code    86  timers.o(i.xTimerCreateTimerTask)
    xTimerGenericCommand                     0x08004629   Thumb Code   112  timers.o(i.xTimerGenericCommand)
    defaultTask_attributes                   0x0800469c   Data          36  freertos.o(.constdata)
    ModbusTask_attributes                    0x080046c0   Data          36  freertos.o(.constdata)
    CanTask_attributes                       0x080046e4   Data          36  freertos.o(.constdata)
    CmdTask_attributes                       0x08004708   Data          36  freertos.o(.constdata)
    myQueue_attributes                       0x0800472c   Data          24  freertos.o(.constdata)
    myMutex_attributes                       0x08004744   Data          16  freertos.o(.constdata)
    myBinarySem_attributes                   0x08004754   Data          16  freertos.o(.constdata)
    AHBPrescTable                            0x08004764   Data          16  system_stm32f1xx.o(.constdata)
    APBPrescTable                            0x08004774   Data           8  system_stm32f1xx.o(.constdata)
    Region$$Table$$Base                      0x080049c0   Number         0  anon$$obj.o(Region$$Table)
    Region$$Table$$Limit                     0x080049e0   Number         0  anon$$obj.o(Region$$Table)
    defaultTaskHandle                        0x20000000   Data           4  freertos.o(.data)
    ModbusTaskHandle                         0x20000004   Data           4  freertos.o(.data)
    CanTaskHandle                            0x20000008   Data           4  freertos.o(.data)
    CmdTaskHandle                            0x2000000c   Data           4  freertos.o(.data)
    myQueueHandle                            0x20000010   Data           4  freertos.o(.data)
    myMutexHandle                            0x20000014   Data           4  freertos.o(.data)
    myBinarySemHandle                        0x20000018   Data           4  freertos.o(.data)
    TxMailbox                                0x2000001c   Data           4  can.o(.data)
    TxData                                   0x20000020   Data           8  can.o(.data)
    RxData                                   0x20000028   Data           8  can.o(.data)
    uwTickFreq                               0x20000030   Data           1  stm32f1xx_hal.o(.data)
    uwTickPrio                               0x20000034   Data           4  stm32f1xx_hal.o(.data)
    uwTick                                   0x20000038   Data           4  stm32f1xx_hal.o(.data)
    SystemCoreClock                          0x2000003c   Data           4  system_stm32f1xx.o(.data)
    pxMBFrameCBByteReceived                  0x20000080   Data           4  mb.o(.data)
    pxMBFrameCBTransmitterEmpty              0x20000084   Data           4  mb.o(.data)
    pxMBPortCBTimerExpired                   0x20000088   Data           4  mb.o(.data)
    usRegInputStart                          0x2000010c   Data           2  demo.o(.data)
    usRegHoldingStart                        0x2000010e   Data           2  demo.o(.data)
    usRegInputBuf                            0x20000110   Data           8  demo.o(.data)
    usRegHoldingBuf                          0x20000118   Data        1024  demo.o(.data)
    pxCurrentTCB                             0x2000051c   Data           4  tasks.o(.data)
    hcan                                     0x20000594   Data          40  can.o(.bss)
    CAN_FilterInitStructure                  0x200005bc   Data          40  can.o(.bss)
    TxHeader                                 0x200005e4   Data          24  can.o(.bss)
    RxHeader                                 0x200005fc   Data          28  can.o(.bss)
    data                                     0x20000618   Data          64  can.o(.bss)
    htim2                                    0x20000658   Data          72  tim.o(.bss)
    huart1                                   0x200006a0   Data          68  usart.o(.bss)
    huart3                                   0x200006e4   Data          68  usart.o(.bss)
    ucRTUBuf                                 0x20000748   Data         256  mbrtu.o(.bss)
    xQueueRegistry                           0x20000848   Data          64  queue.o(.bss)
    __initial_sp                             0x20002520   Data           0  startup_stm32f103xb.o(STACK)



==============================================================================

Memory Map of the image

  Image Entry point : 0x080000ed

  Load Region LR_IROM1 (Base: 0x08000000, Size: 0x00004f74, Max: 0x00010000, ABSOLUTE, COMPRESSED[0x00004a44])

    Execution Region ER_IROM1 (Exec base: 0x08000000, Load base: 0x08000000, Size: 0x000049e0, Max: 0x00010000, ABSOLUTE)

    Exec Addr    Load Addr    Size         Type   Attr      Idx    E Section Name        Object

    0x08000000   0x08000000   0x000000ec   Data   RO            3    RESET               startup_stm32f103xb.o
    0x080000ec   0x080000ec   0x00000000   Code   RO         5385  * .ARM.Collect$$$$00000000  mc_w.l(entry.o)
    0x080000ec   0x080000ec   0x00000004   Code   RO         5400    .ARM.Collect$$$$00000001  mc_w.l(entry2.o)
    0x080000f0   0x080000f0   0x00000004   Code   RO         5403    .ARM.Collect$$$$00000004  mc_w.l(entry5.o)
    0x080000f4   0x080000f4   0x00000000   Code   RO         5405    .ARM.Collect$$$$00000008  mc_w.l(entry7b.o)
    0x080000f4   0x080000f4   0x00000000   Code   RO         5407    .ARM.Collect$$$$0000000A  mc_w.l(entry8b.o)
    0x080000f4   0x080000f4   0x00000008   Code   RO         5408    .ARM.Collect$$$$0000000B  mc_w.l(entry9a.o)
    0x080000fc   0x080000fc   0x00000000   Code   RO         5410    .ARM.Collect$$$$0000000D  mc_w.l(entry10a.o)
    0x080000fc   0x080000fc   0x00000000   Code   RO         5412    .ARM.Collect$$$$0000000F  mc_w.l(entry11a.o)
    0x080000fc   0x080000fc   0x00000004   Code   RO         5401    .ARM.Collect$$$$00002712  mc_w.l(entry2.o)
    0x08000100   0x08000100   0x00000096   Code   RO         5308    .emb_text           port.o
    0x08000196   0x08000196   0x00000002   PAD
    0x08000198   0x08000198   0x00000024   Code   RO            4    .text               startup_stm32f103xb.o
    0x080001bc   0x080001bc   0x00000024   Code   RO         5392    .text               mc_w.l(memcpya.o)
    0x080001e0   0x080001e0   0x00000024   Code   RO         5396    .text               mc_w.l(memseta.o)
    0x08000204   0x08000204   0x00000024   Code   RO         5414    .text               mc_w.l(init.o)
    0x08000228   0x08000228   0x00000056   Code   RO         5424    .text               mc_w.l(__dczerorl2.o)
    0x0800027e   0x0800027e   0x00000002   Code   RO          458    i.BusFault_Handler  stm32f1xx_it.o
    0x08000280   0x08000280   0x000000ac   Code   RO          299    i.CAN_Send_Message  can.o
    0x0800032c   0x0800032c   0x00000016   Code   RO          232    i.Can               freertos.o
    0x08000342   0x08000342   0x00000008   Code   RO          233    i.Cmd               freertos.o
    0x0800034a   0x0800034a   0x00000002   Code   RO          459    i.DebugMon_Handler  stm32f1xx_it.o
    0x0800034c   0x0800034c   0x00000004   Code   RO           13    i.Error_Handler     main.o
    0x08000350   0x08000350   0x00000024   Code   RO          589    i.HAL_CAN_ActivateNotification  stm32f1xx_hal_can.o
    0x08000374   0x08000374   0x000000c8   Code   RO          590    i.HAL_CAN_AddTxMessage  stm32f1xx_hal_can.o
    0x0800043c   0x0800043c   0x000000ee   Code   RO          591    i.HAL_CAN_ConfigFilter  stm32f1xx_hal_can.o
    0x0800052a   0x0800052a   0x00000002   Code   RO          594    i.HAL_CAN_ErrorCallback  stm32f1xx_hal_can.o
    0x0800052c   0x0800052c   0x000000e8   Code   RO          597    i.HAL_CAN_GetRxMessage  stm32f1xx_hal_can.o
    0x08000614   0x08000614   0x000001fc   Code   RO          601    i.HAL_CAN_IRQHandler  stm32f1xx_hal_can.o
    0x08000810   0x08000810   0x0000011a   Code   RO          602    i.HAL_CAN_Init      stm32f1xx_hal_can.o
    0x0800092a   0x0800092a   0x00000002   PAD
    0x0800092c   0x0800092c   0x00000094   Code   RO          301    i.HAL_CAN_MspInit   can.o
    0x080009c0   0x080009c0   0x00000002   Code   RO          609    i.HAL_CAN_RxFifo0FullCallback  stm32f1xx_hal_can.o
    0x080009c2   0x080009c2   0x00000002   PAD
    0x080009c4   0x080009c4   0x00000074   Code   RO          302    i.HAL_CAN_RxFifo0MsgPendingCallback  can.o
    0x08000a38   0x08000a38   0x00000002   Code   RO          611    i.HAL_CAN_RxFifo1FullCallback  stm32f1xx_hal_can.o
    0x08000a3a   0x08000a3a   0x00000002   Code   RO          612    i.HAL_CAN_RxFifo1MsgPendingCallback  stm32f1xx_hal_can.o
    0x08000a3c   0x08000a3c   0x00000002   Code   RO          613    i.HAL_CAN_SleepCallback  stm32f1xx_hal_can.o
    0x08000a3e   0x08000a3e   0x00000002   PAD
    0x08000a40   0x08000a40   0x00000058   Code   RO          614    i.HAL_CAN_Start     stm32f1xx_hal_can.o
    0x08000a98   0x08000a98   0x00000002   Code   RO          616    i.HAL_CAN_TxMailbox0AbortCallback  stm32f1xx_hal_can.o
    0x08000a9a   0x08000a9a   0x00000002   Code   RO          617    i.HAL_CAN_TxMailbox0CompleteCallback  stm32f1xx_hal_can.o
    0x08000a9c   0x08000a9c   0x00000002   Code   RO          618    i.HAL_CAN_TxMailbox1AbortCallback  stm32f1xx_hal_can.o
    0x08000a9e   0x08000a9e   0x00000002   Code   RO          619    i.HAL_CAN_TxMailbox1CompleteCallback  stm32f1xx_hal_can.o
    0x08000aa0   0x08000aa0   0x00000002   Code   RO          620    i.HAL_CAN_TxMailbox2AbortCallback  stm32f1xx_hal_can.o
    0x08000aa2   0x08000aa2   0x00000002   Code   RO          621    i.HAL_CAN_TxMailbox2CompleteCallback  stm32f1xx_hal_can.o
    0x08000aa4   0x08000aa4   0x00000002   Code   RO          623    i.HAL_CAN_WakeUpFromRxMsgCallback  stm32f1xx_hal_can.o
    0x08000aa6   0x08000aa6   0x00000002   PAD
    0x08000aa8   0x08000aa8   0x000001e0   Code   RO         1137    i.HAL_GPIO_Init     stm32f1xx_hal_gpio.o
    0x08000c88   0x08000c88   0x0000000a   Code   RO         1141    i.HAL_GPIO_WritePin  stm32f1xx_hal_gpio.o
    0x08000c92   0x08000c92   0x00000002   PAD
    0x08000c94   0x08000c94   0x0000000c   Code   RO          833    i.HAL_GetTick       stm32f1xx_hal.o
    0x08000ca0   0x08000ca0   0x00000010   Code   RO          839    i.HAL_IncTick       stm32f1xx_hal.o
    0x08000cb0   0x08000cb0   0x00000024   Code   RO          840    i.HAL_Init          stm32f1xx_hal.o
    0x08000cd4   0x08000cd4   0x00000040   Code   RO          841    i.HAL_InitTick      stm32f1xx_hal.o
    0x08000d14   0x08000d14   0x00000048   Code   RO          528    i.HAL_MspInit       stm32f1xx_hal_msp.o
    0x08000d5c   0x08000d5c   0x0000001a   Code   RO         1297    i.HAL_NVIC_EnableIRQ  stm32f1xx_hal_cortex.o
    0x08000d76   0x08000d76   0x00000002   PAD
    0x08000d78   0x08000d78   0x00000040   Code   RO         1303    i.HAL_NVIC_SetPriority  stm32f1xx_hal_cortex.o
    0x08000db8   0x08000db8   0x00000024   Code   RO         1304    i.HAL_NVIC_SetPriorityGrouping  stm32f1xx_hal_cortex.o
    0x08000ddc   0x08000ddc   0x0000012c   Code   RO          997    i.HAL_RCC_ClockConfig  stm32f1xx_hal_rcc.o
    0x08000f08   0x08000f08   0x00000020   Code   RO         1004    i.HAL_RCC_GetPCLK1Freq  stm32f1xx_hal_rcc.o
    0x08000f28   0x08000f28   0x00000020   Code   RO         1005    i.HAL_RCC_GetPCLK2Freq  stm32f1xx_hal_rcc.o
    0x08000f48   0x08000f48   0x0000006c   Code   RO         1006    i.HAL_RCC_GetSysClockFreq  stm32f1xx_hal_rcc.o
    0x08000fb4   0x08000fb4   0x00000320   Code   RO         1009    i.HAL_RCC_OscConfig  stm32f1xx_hal_rcc.o
    0x080012d4   0x080012d4   0x00000028   Code   RO         1308    i.HAL_SYSTICK_Config  stm32f1xx_hal_cortex.o
    0x080012fc   0x080012fc   0x00000068   Code   RO         2522    i.HAL_TIMEx_MasterConfigSynchronization  stm32f1xx_hal_tim_ex.o
    0x08001364   0x08001364   0x0000005a   Code   RO         1799    i.HAL_TIM_Base_Init  stm32f1xx_hal_tim.o
    0x080013be   0x080013be   0x00000002   PAD
    0x080013c0   0x080013c0   0x00000038   Code   RO          356    i.HAL_TIM_Base_MspInit  tim.o
    0x080013f8   0x080013f8   0x000000d6   Code   RO         1808    i.HAL_TIM_ConfigClockSource  stm32f1xx_hal_tim.o
    0x080014ce   0x080014ce   0x00000062   Code   RO         2799    i.HAL_UART_Init     stm32f1xx_hal_uart.o
    0x08001530   0x08001530   0x000000d0   Code   RO          398    i.HAL_UART_MspInit  usart.o
    0x08001600   0x08001600   0x000000c0   Code   RO         2802    i.HAL_UART_Receive  stm32f1xx_hal_uart.o
    0x080016c0   0x080016c0   0x000000b2   Code   RO         2807    i.HAL_UART_Transmit  stm32f1xx_hal_uart.o
    0x08001772   0x08001772   0x00000002   Code   RO          460    i.HardFault_Handler  stm32f1xx_it.o
    0x08001774   0x08001774   0x00000098   Code   RO          303    i.MX_CAN_Init       can.o
    0x0800180c   0x0800180c   0x0000007c   Code   RO          234    i.MX_FREERTOS_Init  freertos.o
    0x08001888   0x08001888   0x0000006c   Code   RO          208    i.MX_GPIO_Init      gpio.o
    0x080018f4   0x080018f4   0x00000064   Code   RO          357    i.MX_TIM2_Init      tim.o
    0x08001958   0x08001958   0x00000040   Code   RO          399    i.MX_USART1_UART_Init  usart.o
    0x08001998   0x08001998   0x00000038   Code   RO          400    i.MX_USART3_UART_Init  usart.o
    0x080019d0   0x080019d0   0x00000002   Code   RO          461    i.MemManage_Handler  stm32f1xx_it.o
    0x080019d2   0x080019d2   0x00000002   PAD
    0x080019d4   0x080019d4   0x0000001e   Code   RO          235    i.Modbus            freertos.o
    0x080019f2   0x080019f2   0x00000002   Code   RO          462    i.NMI_Handler       stm32f1xx_it.o
    0x080019f4   0x080019f4   0x00000008   Code   RO          236    i.StartDefaultTask  freertos.o
    0x080019fc   0x080019fc   0x00000018   Code   RO          463    i.SysTick_Handler   stm32f1xx_it.o
    0x08001a14   0x08001a14   0x0000005e   Code   RO           14    i.SystemClock_Config  main.o
    0x08001a72   0x08001a72   0x00000002   Code   RO         3128    i.SystemInit        system_stm32f1xx.o
    0x08001a74   0x08001a74   0x00000020   Code   RO         3699    i.TIM2_IRQHandler   porttimer.o
    0x08001a94   0x08001a94   0x0000006c   Code   RO         1892    i.TIM_Base_SetConfig  stm32f1xx_hal_tim.o
    0x08001b00   0x08001b00   0x00000014   Code   RO         1903    i.TIM_ETR_SetConfig  stm32f1xx_hal_tim.o
    0x08001b14   0x08001b14   0x00000010   Code   RO         1904    i.TIM_ITRx_SetConfig  stm32f1xx_hal_tim.o
    0x08001b24   0x08001b24   0x00000022   Code   RO         1910    i.TIM_TI1_ConfigInputStage  stm32f1xx_hal_tim.o
    0x08001b46   0x08001b46   0x00000024   Code   RO         1912    i.TIM_TI2_ConfigInputStage  stm32f1xx_hal_tim.o
    0x08001b6a   0x08001b6a   0x00000002   PAD
    0x08001b6c   0x08001b6c   0x000000b8   Code   RO         2825    i.UART_SetConfig    stm32f1xx_hal_uart.o
    0x08001c24   0x08001c24   0x00000064   Code   RO         2828    i.UART_WaitOnFlagUntilTimeout  stm32f1xx_hal_uart.o
    0x08001c88   0x08001c88   0x00000034   Code   RO         3629    i.USART3_IRQHandler  portserial.o
    0x08001cbc   0x08001cbc   0x0000000c   Code   RO          464    i.USB_LP_CAN1_RX0_IRQHandler  stm32f1xx_it.o
    0x08001cc8   0x08001cc8   0x00000002   Code   RO          465    i.UsageFault_Handler  stm32f1xx_it.o
    0x08001cca   0x08001cca   0x00000020   Code   RO         1310    i.__NVIC_SetPriority  stm32f1xx_hal_cortex.o
    0x08001cea   0x08001cea   0x0000000e   Code   RO         5418    i.__scatterload_copy  mc_w.l(handlers.o)
    0x08001cf8   0x08001cf8   0x00000002   Code   RO         5419    i.__scatterload_null  mc_w.l(handlers.o)
    0x08001cfa   0x08001cfa   0x0000000e   Code   RO         5420    i.__scatterload_zeroinit  mc_w.l(handlers.o)
    0x08001d08   0x08001d08   0x00000030   Code   RO         3162    i.eMBASCIIInit      mbascii.o
    0x08001d38   0x08001d38   0x00000048   Code   RO         3163    i.eMBASCIIReceive   mbascii.o
    0x08001d80   0x08001d80   0x00000048   Code   RO         3164    i.eMBASCIISend      mbascii.o
    0x08001dc8   0x08001dc8   0x0000001c   Code   RO         3165    i.eMBASCIIStart     mbascii.o
    0x08001de4   0x08001de4   0x00000012   Code   RO         3166    i.eMBASCIIStop      mbascii.o
    0x08001df6   0x08001df6   0x00000002   PAD
    0x08001df8   0x08001df8   0x00000020   Code   RO         3471    i.eMBEnable         mb.o
    0x08001e18   0x08001e18   0x0000006e   Code   RO         3250    i.eMBFuncReadCoils  mbfunccoils.o
    0x08001e86   0x08001e86   0x0000006e   Code   RO         3277    i.eMBFuncReadDiscreteInputs  mbfuncdisc.o
    0x08001ef4   0x08001ef4   0x0000005a   Code   RO         3289    i.eMBFuncReadHoldingRegister  mbfuncholding.o
    0x08001f4e   0x08001f4e   0x0000005e   Code   RO         3319    i.eMBFuncReadInputRegister  mbfuncinput.o
    0x08001fac   0x08001fac   0x00000094   Code   RO         3290    i.eMBFuncReadWriteMultipleHoldingRegister  mbfuncholding.o
    0x08002040   0x08002040   0x00000024   Code   RO         3331    i.eMBFuncReportSlaveID  mbfuncother.o
    0x08002064   0x08002064   0x00000052   Code   RO         3251    i.eMBFuncWriteCoil  mbfunccoils.o
    0x080020b6   0x080020b6   0x0000002e   Code   RO         3291    i.eMBFuncWriteHoldingRegister  mbfuncholding.o
    0x080020e4   0x080020e4   0x0000005e   Code   RO         3252    i.eMBFuncWriteMultipleCoils  mbfunccoils.o
    0x08002142   0x08002142   0x0000004a   Code   RO         3292    i.eMBFuncWriteMultipleHoldingRegister  mbfuncholding.o
    0x0800218c   0x0800218c   0x000000c8   Code   RO         3472    i.eMBInit           mb.o
    0x08002254   0x08002254   0x000000b4   Code   RO         3473    i.eMBPoll           mb.o
    0x08002308   0x08002308   0x0000003c   Code   RO         3393    i.eMBRTUInit        mbrtu.o
    0x08002344   0x08002344   0x00000050   Code   RO         3394    i.eMBRTUReceive     mbrtu.o
    0x08002394   0x08002394   0x00000058   Code   RO         3395    i.eMBRTUSend        mbrtu.o
    0x080023ec   0x080023ec   0x0000001c   Code   RO         3396    i.eMBRTUStart       mbrtu.o
    0x08002408   0x08002408   0x00000012   Code   RO         3397    i.eMBRTUStop        mbrtu.o
    0x0800241a   0x0800241a   0x00000002   PAD
    0x0800241c   0x0800241c   0x00000070   Code   RO         3544    i.eMBRegCoilsCB     demo.o
    0x0800248c   0x0800248c   0x00000004   Code   RO         3545    i.eMBRegDiscreteCB  demo.o
    0x08002490   0x08002490   0x00000070   Code   RO         3546    i.eMBRegHoldingCB   demo.o
    0x08002500   0x08002500   0x00000040   Code   RO         3547    i.eMBRegInputCB     demo.o
    0x08002540   0x08002540   0x0000003a   Code   RO           15    i.main              main.o
    0x0800257a   0x0800257a   0x00000002   PAD
    0x0800257c   0x0800257c   0x00000038   Code   RO         4838    i.osDelay           cmsis_os2.o
    0x080025b4   0x080025b4   0x00000038   Code   RO         4852    i.osKernelInitialize  cmsis_os2.o
    0x080025ec   0x080025ec   0x00000040   Code   RO         4855    i.osKernelStart     cmsis_os2.o
    0x0800262c   0x0800262c   0x000000a8   Code   RO         4863    i.osMessageQueueNew  cmsis_os2.o
    0x080026d4   0x080026d4   0x000000b8   Code   RO         4869    i.osMutexNew        cmsis_os2.o
    0x0800278c   0x0800278c   0x000000d4   Code   RO         4874    i.osSemaphoreNew    cmsis_os2.o
    0x08002860   0x08002860   0x000000e0   Code   RO         4889    i.osThreadNew       cmsis_os2.o
    0x08002940   0x08002940   0x00000060   Code   RO         4313    i.prvAddCurrentTaskToDelayedList  tasks.o
    0x080029a0   0x080029a0   0x00000088   Code   RO         4314    i.prvAddNewTaskToReadyList  tasks.o
    0x08002a28   0x08002a28   0x0000005c   Code   RO         4674    i.prvCheckForValidListAndQueue  timers.o
    0x08002a84   0x08002a84   0x00000040   Code   RO         4315    i.prvCheckTasksWaitingTermination  tasks.o
    0x08002ac4   0x08002ac4   0x00000024   Code   RO         3909    i.prvCopyDataFromQueue  queue.o
    0x08002ae8   0x08002ae8   0x0000006e   Code   RO         3910    i.prvCopyDataToQueue  queue.o
    0x08002b56   0x08002b56   0x00000040   Code   RO         4316    i.prvDeleteTCB      tasks.o
    0x08002b96   0x08002b96   0x00000002   PAD
    0x08002b98   0x08002b98   0x00000024   Code   RO         4675    i.prvGetNextExpireTime  timers.o
    0x08002bbc   0x08002bbc   0x00000050   Code   RO         5259    i.prvHeapInit       heap_4.o
    0x08002c0c   0x08002c0c   0x00000028   Code   RO         4317    i.prvIdleTask       tasks.o
    0x08002c34   0x08002c34   0x00000018   Code   RO         3912    i.prvInitialiseMutex  queue.o
    0x08002c4c   0x08002c4c   0x00000022   Code   RO         3913    i.prvInitialiseNewQueue  queue.o
    0x08002c6e   0x08002c6e   0x0000008c   Code   RO         4318    i.prvInitialiseNewTask  tasks.o
    0x08002cfa   0x08002cfa   0x00000002   PAD
    0x08002cfc   0x08002cfc   0x00000060   Code   RO         4319    i.prvInitialiseTaskLists  tasks.o
    0x08002d5c   0x08002d5c   0x0000005c   Code   RO         5260    i.prvInsertBlockIntoFreeList  heap_4.o
    0x08002db8   0x08002db8   0x00000048   Code   RO         4677    i.prvInsertTimerInActiveList  timers.o
    0x08002e00   0x08002e00   0x0000001a   Code   RO         3914    i.prvIsQueueEmpty   queue.o
    0x08002e1a   0x08002e1a   0x0000001e   Code   RO         3915    i.prvIsQueueFull    queue.o
    0x08002e38   0x08002e38   0x0000005c   Code   RO         4678    i.prvProcessExpiredTimer  timers.o
    0x08002e94   0x08002e94   0x000000d8   Code   RO         4679    i.prvProcessReceivedCommands  timers.o
    0x08002f6c   0x08002f6c   0x0000006c   Code   RO         4680    i.prvProcessTimerOrBlockTask  timers.o
    0x08002fd8   0x08002fd8   0x00000024   Code   RO         4321    i.prvResetNextTaskUnblockTime  tasks.o
    0x08002ffc   0x08002ffc   0x0000002c   Code   RO         4681    i.prvSampleTimeNow  timers.o
    0x08003028   0x08003028   0x00000074   Code   RO         4682    i.prvSwitchTimerLists  timers.o
    0x0800309c   0x0800309c   0x00000030   Code   RO         5309    i.prvTaskExitError  port.o
    0x080030cc   0x080030cc   0x00000014   Code   RO         4683    i.prvTimerTask      timers.o
    0x080030e0   0x080030e0   0x00000068   Code   RO         3916    i.prvUnlockQueue    queue.o
    0x08003148   0x08003148   0x00000018   Code   RO         3352    i.prveMBError2Exception  mbutils.o
    0x08003160   0x08003160   0x0000001c   Code   RO         3167    i.prvucMBBIN2CHAR   mbascii.o
    0x0800317c   0x0800317c   0x00000018   Code   RO         3168    i.prvucMBLRC        mbascii.o
    0x08003194   0x08003194   0x000000e4   Code   RO         5261    i.pvPortMalloc      heap_4.o
    0x08003278   0x08003278   0x00000024   Code   RO         5310    i.pxPortInitialiseStack  port.o
    0x0800329c   0x0800329c   0x0000002c   Code   RO         3376    i.usMBCRC16         mbcrc.o
    0x080032c8   0x080032c8   0x00000026   Code   RO         3869    i.uxListRemove      list.o
    0x080032ee   0x080032ee   0x00000002   PAD
    0x080032f0   0x080032f0   0x00000014   Code   RO         4901    i.vApplicationGetIdleTaskMemory  cmsis_os2.o
    0x08003304   0x08003304   0x00000018   Code   RO         4902    i.vApplicationGetTimerTaskMemory  cmsis_os2.o
    0x0800331c   0x0800331c   0x00000016   Code   RO         3870    i.vListInitialise   list.o
    0x08003332   0x08003332   0x00000006   Code   RO         3871    i.vListInitialiseItem  list.o
    0x08003338   0x08003338   0x00000036   Code   RO         3872    i.vListInsert       list.o
    0x0800336e   0x0800336e   0x00000018   Code   RO         3873    i.vListInsertEnd    list.o
    0x08003386   0x08003386   0x00000002   PAD
    0x08003388   0x08003388   0x00000044   Code   RO         3632    i.vMBPortSerialEnable  portserial.o
    0x080033cc   0x080033cc   0x0000003c   Code   RO         3734    i.vMBPortTimersDisable  porttimer.o
    0x08003408   0x08003408   0x0000002c   Code   RO         3728    i.vMBPortTimersEnable  porttimer.o
    0x08003434   0x08003434   0x00000040   Code   RO         5312    i.vPortEnterCritical  port.o
    0x08003474   0x08003474   0x0000002c   Code   RO         5313    i.vPortExitCritical  port.o
    0x080034a0   0x080034a0   0x0000005c   Code   RO         5262    i.vPortFree         heap_4.o
    0x080034fc   0x080034fc   0x00000024   Code   RO         5314    i.vPortSetupTimerInterrupt  port.o
    0x08003520   0x08003520   0x00000054   Code   RO         5315    i.vPortValidateInterruptPriority  port.o
    0x08003574   0x08003574   0x00000028   Code   RO         3922    i.vQueueAddToRegistry  queue.o
    0x0800359c   0x0800359c   0x00000032   Code   RO         3923    i.vQueueDelete      queue.o
    0x080035ce   0x080035ce   0x00000002   PAD
    0x080035d0   0x080035d0   0x00000028   Code   RO         3925    i.vQueueUnregisterQueue  queue.o
    0x080035f8   0x080035f8   0x0000004a   Code   RO         3926    i.vQueueWaitForMessageRestricted  queue.o
    0x08003642   0x08003642   0x00000002   PAD
    0x08003644   0x08003644   0x00000050   Code   RO         4333    i.vTaskDelay        tasks.o
    0x08003694   0x08003694   0x00000010   Code   RO         4338    i.vTaskInternalSetTimeOutState  tasks.o
    0x080036a4   0x080036a4   0x0000000c   Code   RO         4339    i.vTaskMissedYield  tasks.o
    0x080036b0   0x080036b0   0x00000034   Code   RO         4341    i.vTaskPlaceOnEventList  tasks.o
    0x080036e4   0x080036e4   0x0000003c   Code   RO         4342    i.vTaskPlaceOnEventListRestricted  tasks.o
    0x08003720   0x08003720   0x00000090   Code   RO         4350    i.vTaskStartScheduler  tasks.o
    0x080037b0   0x080037b0   0x00000010   Code   RO         4352    i.vTaskSuspendAll   tasks.o
    0x080037c0   0x080037c0   0x0000006c   Code   RO         4353    i.vTaskSwitchContext  tasks.o
    0x0800382c   0x0800382c   0x000000e4   Code   RO         3169    i.xMBASCIIReceiveFSM  mbascii.o
    0x08003910   0x08003910   0x00000030   Code   RO         3170    i.xMBASCIITimerT1SExpired  mbascii.o
    0x08003940   0x08003940   0x000000ac   Code   RO         3171    i.xMBASCIITransmitFSM  mbascii.o
    0x080039ec   0x080039ec   0x0000001c   Code   RO         3600    i.xMBPortEventGet   portevent.o
    0x08003a08   0x08003a08   0x00000010   Code   RO         3601    i.xMBPortEventInit  portevent.o
    0x08003a18   0x08003a18   0x00000010   Code   RO         3602    i.xMBPortEventPost  portevent.o
    0x08003a28   0x08003a28   0x0000001c   Code   RO         3633    i.xMBPortSerialGetByte  portserial.o
    0x08003a44   0x08003a44   0x00000004   Code   RO         3634    i.xMBPortSerialInit  portserial.o
    0x08003a48   0x08003a48   0x0000001c   Code   RO         3635    i.xMBPortSerialPutByte  portserial.o
    0x08003a64   0x08003a64   0x00000004   Code   RO         3701    i.xMBPortTimersInit  porttimer.o
    0x08003a68   0x08003a68   0x00000068   Code   RO         3398    i.xMBRTUReceiveFSM  mbrtu.o
    0x08003ad0   0x08003ad0   0x00000040   Code   RO         3399    i.xMBRTUTimerT35Expired  mbrtu.o
    0x08003b10   0x08003b10   0x0000005c   Code   RO         3400    i.xMBRTUTransmitFSM  mbrtu.o
    0x08003b6c   0x08003b6c   0x000000b4   Code   RO         5316    i.xPortStartScheduler  port.o
    0x08003c20   0x08003c20   0x0000002c   Code   RO         5317    i.xPortSysTickHandler  port.o
    0x08003c4c   0x08003c4c   0x0000003c   Code   RO         3927    i.xQueueCreateCountingSemaphore  queue.o
    0x08003c88   0x08003c88   0x00000042   Code   RO         3928    i.xQueueCreateCountingSemaphoreStatic  queue.o
    0x08003cca   0x08003cca   0x00000018   Code   RO         3929    i.xQueueCreateMutex  queue.o
    0x08003ce2   0x08003ce2   0x0000001c   Code   RO         3930    i.xQueueCreateMutexStatic  queue.o
    0x08003cfe   0x08003cfe   0x0000004a   Code   RO         3931    i.xQueueGenericCreate  queue.o
    0x08003d48   0x08003d48   0x00000070   Code   RO         3932    i.xQueueGenericCreateStatic  queue.o
    0x08003db8   0x08003db8   0x00000090   Code   RO         3933    i.xQueueGenericReset  queue.o
    0x08003e48   0x08003e48   0x00000170   Code   RO         3934    i.xQueueGenericSend  queue.o
    0x08003fb8   0x08003fb8   0x000000bc   Code   RO         3935    i.xQueueGenericSendFromISR  queue.o
    0x08004074   0x08004074   0x00000148   Code   RO         3944    i.xQueueReceive     queue.o
    0x080041bc   0x080041bc   0x00000080   Code   RO         4354    i.xTaskCheckForTimeOut  tasks.o
    0x0800423c   0x0800423c   0x0000006c   Code   RO         4355    i.xTaskCreate       tasks.o
    0x080042a8   0x080042a8   0x00000060   Code   RO         4356    i.xTaskCreateStatic  tasks.o
    0x08004308   0x08004308   0x0000001c   Code   RO         4360    i.xTaskGetSchedulerState  tasks.o
    0x08004324   0x08004324   0x0000000c   Code   RO         4361    i.xTaskGetTickCount  tasks.o
    0x08004330   0x08004330   0x000000cc   Code   RO         4363    i.xTaskIncrementTick  tasks.o
    0x080043fc   0x080043fc   0x00000080   Code   RO         4366    i.xTaskPriorityDisinherit  tasks.o
    0x0800447c   0x0800447c   0x00000078   Code   RO         4368    i.xTaskRemoveFromEventList  tasks.o
    0x080044f4   0x080044f4   0x000000cc   Code   RO         4369    i.xTaskResumeAll    tasks.o
    0x080045c0   0x080045c0   0x00000068   Code   RO         4690    i.xTimerCreateTimerTask  timers.o
    0x08004628   0x08004628   0x00000074   Code   RO         4691    i.xTimerGenericCommand  timers.o
    0x0800469c   0x0800469c   0x000000c8   Data   RO          237    .constdata          freertos.o
    0x08004764   0x08004764   0x00000010   Data   RO         3129    .constdata          system_stm32f1xx.o
    0x08004774   0x08004774   0x00000008   Data   RO         3130    .constdata          system_stm32f1xx.o
    0x0800477c   0x0800477c   0x00000200   Data   RO         3377    .constdata          mbcrc.o
    0x0800497c   0x0800497c   0x00000044   Data   RO          238    .conststring        freertos.o
    0x080049c0   0x080049c0   0x00000020   Data   RO         5416    Region$$Table       anon$$obj.o


    Execution Region RW_IRAM1 (Exec base: 0x20000000, Load base: 0x080049e0, Size: 0x00002520, Max: 0x00005000, ABSOLUTE, COMPRESSED[0x00000064])

    Exec Addr    Load Addr    Size         Type   Attr      Idx    E Section Name        Object

    0x20000000   COMPRESSED   0x0000001c   Data   RW          239    .data               freertos.o
    0x2000001c   COMPRESSED   0x00000014   Data   RW          305    .data               can.o
    0x20000030   COMPRESSED   0x0000000c   Data   RW          847    .data               stm32f1xx_hal.o
    0x2000003c   COMPRESSED   0x00000004   Data   RW         3131    .data               system_stm32f1xx.o
    0x20000040   COMPRESSED   0x00000010   Data   RW         3172    .data               mbascii.o
    0x20000050   COMPRESSED   0x00000002   Data   RW         3334    .data               mbfuncother.o
    0x20000052   COMPRESSED   0x00000002   PAD
    0x20000054   COMPRESSED   0x0000000c   Data   RW         3402    .data               mbrtu.o
    0x20000060   COMPRESSED   0x000000ac   Data   RW         3476    .data               mb.o
    0x2000010c   COMPRESSED   0x0000040c   Data   RW         3549    .data               demo.o
    0x20000518   COMPRESSED   0x00000002   Data   RW         3603    .data               portevent.o
    0x2000051a   COMPRESSED   0x00000002   PAD
    0x2000051c   COMPRESSED   0x0000003c   Data   RW         4372    .data               tasks.o
    0x20000558   COMPRESSED   0x00000014   Data   RW         4699    .data               timers.o
    0x2000056c   COMPRESSED   0x00000004   Data   RW         4904    .data               cmsis_os2.o
    0x20000570   COMPRESSED   0x00000018   Data   RW         5267    .data               heap_4.o
    0x20000588   COMPRESSED   0x0000000c   Data   RW         5318    .data               port.o
    0x20000594        -       0x000000c4   Zero   RW          304    .bss                can.o
    0x20000658        -       0x00000048   Zero   RW          358    .bss                tim.o
    0x200006a0        -       0x00000088   Zero   RW          402    .bss                usart.o
    0x20000728        -       0x00000020   Zero   RW         3333    .bss                mbfuncother.o
    0x20000748        -       0x00000100   Zero   RW         3401    .bss                mbrtu.o
    0x20000848        -       0x00000040   Zero   RW         3948    .bss                queue.o
    0x20000888        -       0x000004c4   Zero   RW         4371    .bss                tasks.o
    0x20000d4c        -       0x00000118   Zero   RW         4698    .bss                timers.o
    0x20000e64        -       0x000006b8   Zero   RW         4903    .bss                cmsis_os2.o
    0x2000151c        -       0x00000c00   Zero   RW         5266    .bss                heap_4.o
    0x2000211c   COMPRESSED   0x00000004   PAD
    0x20002120        -       0x00000400   Zero   RW            1    STACK               startup_stm32f103xb.o


==============================================================================

Image component sizes


      Code (inc. data)   RO Data    RW Data    ZI Data      Debug   Object Name

       588        100          0         20        196       3501   can.o
      1008         50          0          4       1720      20452   cmsis_os2.o
       292         16          0       1036          0       4297   demo.o
         0          0          0          0          0      18580   event_groups.o
       192         26        268         28          0       6270   freertos.o
       108          8          0          0          0        851   gpio.o
       492         32          0         24       3072       4675   heap_4.o
       144          0          0          0          0       3282   list.o
       156          0          0          0          0     448853   main.o
       412         68          0        172          0       4246   mb.o
       738         38          0         16          0      10111   mbascii.o
        44          4        512          0          0       1208   mbcrc.o
       286          0          0          0          0       3706   mbfunccoils.o
       110          0          0          0          0       1568   mbfuncdisc.o
       358          0          0          0          0       5099   mbfuncholding.o
        94          0          0          0          0       1555   mbfuncinput.o
        36         10          0          2         32       1379   mbfuncother.o
       534         48          0         12        256       6219   mbrtu.o
        24          0          0          0          0        612   mbutils.o
       686         72          0         12          0      10537   port.o
        60         14          0          2          0       2052   portevent.o
       180         32          0          0          0       4976   portserial.o
       140         18          0          0          0       2397   porttimer.o
      1960         28          0          0         64      22781   queue.o
        36          8        236          0       1024        776   startup_stm32f103xb.o
       128         24          0         12          0       5109   stm32f1xx_hal.o
      1608          0          0          0          0      13099   stm32f1xx_hal_can.o
       198         14          0          0          0      28795   stm32f1xx_hal_cortex.o
       490         34          0          0          0       2808   stm32f1xx_hal_gpio.o
        72         10          0          0          0        818   stm32f1xx_hal_msp.o
      1272        100          0          0          0       5032   stm32f1xx_hal_rcc.o
       518         14          0          0          0       5735   stm32f1xx_hal_tim.o
       104         12          0          0          0       1272   stm32f1xx_hal_tim_ex.o
       752          6          0          0          0       4983   stm32f1xx_hal_uart.o
        48          6          0          0          0       3328   stm32f1xx_it.o
         0          0          0          0          0       8908   stream_buffer.o
         2          0         24          4          0       1035   system_stm32f1xx.o
      2188        196          0         60       1220      23438   tasks.o
       156         10          0          0         72       1554   tim.o
      1016         96          0         20        280      26487   timers.o
       328         40          0          0        136       2287   usart.o

    ----------------------------------------------------------------------
     17596       1134       1072       1428       8076     724671   Object Totals
         0          0         32          0          0          0   (incl. Generated)
        38          0          0          4          4          0   (incl. Padding)

    ----------------------------------------------------------------------

      Code (inc. data)   RO Data    RW Data    ZI Data      Debug   Library Member Name

        86          0          0          0          0          0   __dczerorl2.o
         0          0          0          0          0          0   entry.o
         0          0          0          0          0          0   entry10a.o
         0          0          0          0          0          0   entry11a.o
         8          4          0          0          0          0   entry2.o
         4          0          0          0          0          0   entry5.o
         0          0          0          0          0          0   entry7b.o
         0          0          0          0          0          0   entry8b.o
         8          4          0          0          0          0   entry9a.o
        30          0          0          0          0          0   handlers.o
        36          8          0          0          0         68   init.o
        36          0          0          0          0         68   memcpya.o
        36          0          0          0          0        108   memseta.o

    ----------------------------------------------------------------------
       244         16          0          0          0        244   Library Totals
         0          0          0          0          0          0   (incl. Padding)

    ----------------------------------------------------------------------

      Code (inc. data)   RO Data    RW Data    ZI Data      Debug   Library Name

       244         16          0          0          0        244   mc_w.l

    ----------------------------------------------------------------------
       244         16          0          0          0        244   Library Totals

    ----------------------------------------------------------------------

==============================================================================


      Code (inc. data)   RO Data    RW Data    ZI Data      Debug   

     17840       1150       1072       1428       8076     714643   Grand Totals
     17840       1150       1072        100       8076     714643   ELF Image Totals (compressed)
     17840       1150       1072        100          0          0   ROM Totals

==============================================================================

    Total RO  Size (Code + RO Data)                18912 (  18.47kB)
    Total RW  Size (RW Data + ZI Data)              9504 (   9.28kB)
    Total ROM Size (Code + RO Data + RW Data)      19012 (  18.57kB)

==============================================================================

