Component: ARM Compiler 5.06 update 1 (build 61) Tool: armlink [4d35a8]

==============================================================================

Section Cross References

    startup_stm32f103xb.o(RESET) refers to startup_stm32f103xb.o(STACK) for __initial_sp
    startup_stm32f103xb.o(RESET) refers to startup_stm32f103xb.o(.text) for Reset_Handler
    startup_stm32f103xb.o(RESET) refers to stm32f1xx_it.o(i.NMI_Handler) for NMI_Handler
    startup_stm32f103xb.o(RESET) refers to stm32f1xx_it.o(i.HardFault_Handler) for HardFault_Handler
    startup_stm32f103xb.o(RESET) refers to stm32f1xx_it.o(i.MemManage_Handler) for MemManage_Handler
    startup_stm32f103xb.o(RESET) refers to stm32f1xx_it.o(i.BusFault_Handler) for BusFault_Handler
    startup_stm32f103xb.o(RESET) refers to stm32f1xx_it.o(i.UsageFault_Handler) for UsageFault_Handler
    startup_stm32f103xb.o(RESET) refers to port.o(.emb_text) for SVC_Handler
    startup_stm32f103xb.o(RESET) refers to stm32f1xx_it.o(i.DebugMon_Handler) for DebugMon_Handler
    startup_stm32f103xb.o(RESET) refers to stm32f1xx_it.o(i.SysTick_Handler) for SysTick_Handler
    startup_stm32f103xb.o(RESET) refers to stm32f1xx_it.o(i.USB_LP_CAN1_RX0_IRQHandler) for USB_LP_CAN1_RX0_IRQHandler
    startup_stm32f103xb.o(RESET) refers to porttimer.o(i.TIM2_IRQHandler) for TIM2_IRQHandler
    startup_stm32f103xb.o(RESET) refers to portserial.o(i.USART3_IRQHandler) for USART3_IRQHandler
    startup_stm32f103xb.o(.text) refers to system_stm32f1xx.o(i.SystemInit) for SystemInit
    startup_stm32f103xb.o(.text) refers to entry.o(.ARM.Collect$$$$00000000) for __main
    main.o(i.SystemClock_Config) refers to memseta.o(.text) for __aeabi_memclr4
    main.o(i.SystemClock_Config) refers to stm32f1xx_hal_rcc.o(i.HAL_RCC_OscConfig) for HAL_RCC_OscConfig
    main.o(i.SystemClock_Config) refers to stm32f1xx_hal_rcc.o(i.HAL_RCC_ClockConfig) for HAL_RCC_ClockConfig
    main.o(i.main) refers to stm32f1xx_hal.o(i.HAL_Init) for HAL_Init
    main.o(i.main) refers to main.o(i.SystemClock_Config) for SystemClock_Config
    main.o(i.main) refers to gpio.o(i.MX_GPIO_Init) for MX_GPIO_Init
    main.o(i.main) refers to can.o(i.MX_CAN_Init) for MX_CAN_Init
    main.o(i.main) refers to usart.o(i.MX_USART1_UART_Init) for MX_USART1_UART_Init
    main.o(i.main) refers to tim.o(i.MX_TIM2_Init) for MX_TIM2_Init
    main.o(i.main) refers to usart.o(i.MX_USART3_UART_Init) for MX_USART3_UART_Init
    main.o(i.main) refers to stm32f1xx_hal_cortex.o(i.HAL_NVIC_SetPriority) for HAL_NVIC_SetPriority
    main.o(i.main) refers to stm32f1xx_hal_cortex.o(i.HAL_NVIC_EnableIRQ) for HAL_NVIC_EnableIRQ
    main.o(i.main) refers to cmsis_os2.o(i.osKernelInitialize) for osKernelInitialize
    main.o(i.main) refers to freertos.o(i.MX_FREERTOS_Init) for MX_FREERTOS_Init
    main.o(i.main) refers to cmsis_os2.o(i.osKernelStart) for osKernelStart
    gpio.o(i.MX_GPIO_Init) refers to stm32f1xx_hal_gpio.o(i.HAL_GPIO_WritePin) for HAL_GPIO_WritePin
    gpio.o(i.MX_GPIO_Init) refers to stm32f1xx_hal_gpio.o(i.HAL_GPIO_Init) for HAL_GPIO_Init
    freertos.o(i.Can) refers to can.o(i.CAN_Send_Message) for CAN_Send_Message
    freertos.o(i.Can) refers to cmsis_os2.o(i.osDelay) for osDelay
    freertos.o(i.Cmd) refers to cmsis_os2.o(i.osDelay) for osDelay
    freertos.o(i.MX_FREERTOS_Init) refers to cmsis_os2.o(i.osMutexNew) for osMutexNew
    freertos.o(i.MX_FREERTOS_Init) refers to cmsis_os2.o(i.osSemaphoreNew) for osSemaphoreNew
    freertos.o(i.MX_FREERTOS_Init) refers to cmsis_os2.o(i.osMessageQueueNew) for osMessageQueueNew
    freertos.o(i.MX_FREERTOS_Init) refers to cmsis_os2.o(i.osThreadNew) for osThreadNew
    freertos.o(i.MX_FREERTOS_Init) refers to freertos.o(.constdata) for .constdata
    freertos.o(i.MX_FREERTOS_Init) refers to freertos.o(.data) for .data
    freertos.o(i.MX_FREERTOS_Init) refers to freertos.o(i.StartDefaultTask) for StartDefaultTask
    freertos.o(i.MX_FREERTOS_Init) refers to freertos.o(i.Modbus) for Modbus
    freertos.o(i.MX_FREERTOS_Init) refers to freertos.o(i.Can) for Can
    freertos.o(i.MX_FREERTOS_Init) refers to freertos.o(i.Cmd) for Cmd
    freertos.o(i.Modbus) refers to mb.o(i.eMBInit) for eMBInit
    freertos.o(i.Modbus) refers to mb.o(i.eMBEnable) for eMBEnable
    freertos.o(i.Modbus) refers to mb.o(i.eMBPoll) for eMBPoll
    freertos.o(i.StartDefaultTask) refers to cmsis_os2.o(i.osDelay) for osDelay
    freertos.o(.constdata) refers to freertos.o(.conststring) for .conststring
    can.o(i.CAN_Send_Message) refers to stm32f1xx_hal_can.o(i.HAL_CAN_AddTxMessage) for HAL_CAN_AddTxMessage
    can.o(i.CAN_Send_Message) refers to can.o(.bss) for .bss
    can.o(i.CAN_Send_Message) refers to demo1.o(.bss) for ucSCoilBuf
    can.o(i.CAN_Send_Message) refers to can.o(.data) for .data
    can.o(i.HAL_CAN_MspDeInit) refers to stm32f1xx_hal_gpio.o(i.HAL_GPIO_DeInit) for HAL_GPIO_DeInit
    can.o(i.HAL_CAN_MspDeInit) refers to stm32f1xx_hal_cortex.o(i.HAL_NVIC_DisableIRQ) for HAL_NVIC_DisableIRQ
[...]
    i.eMBASCIIReceive                        0x08001d24   Section        0  mbascii.o(i.eMBASCIIReceive)
    i.eMBASCIISend                           0x08001d6c   Section        0  mbascii.o(i.eMBASCIISend)
    i.eMBASCIIStart                          0x08001db4   Section        0  mbascii.o(i.eMBASCIIStart)
    i.eMBASCIIStop                           0x08001dd0   Section        0  mbascii.o(i.eMBASCIIStop)
    i.eMBEnable                              0x08001de4   Section        0  mb.o(i.eMBEnable)
    i.eMBFuncReadCoils                       0x08001e04   Section        0  mbfunccoils.o(i.eMBFuncReadCoils)
    i.eMBFuncReadDiscreteInputs              0x08001e72   Section        0  mbfuncdisc.o(i.eMBFuncReadDiscreteInputs)
    i.eMBFuncReadHoldingRegister             0x08001ee0   Section        0  mbfuncholding.o(i.eMBFuncReadHoldingRegister)
    i.eMBFuncReadInputRegister               0x08001f3a   Section        0  mbfuncinput.o(i.eMBFuncReadInputRegister)
    i.eMBFuncReadWriteMultipleHoldingRegister 0x08001f98   Section        0  mbfuncholding.o(i.eMBFuncReadWriteMultipleHoldingRegister)
    i.eMBFuncReportSlaveID                   0x0800202c   Section        0  mbfuncother.o(i.eMBFuncReportSlaveID)
    i.eMBFuncWriteCoil                       0x08002050   Section        0  mbfunccoils.o(i.eMBFuncWriteCoil)
    i.eMBFuncWriteHoldingRegister            0x080020a2   Section        0  mbfuncholding.o(i.eMBFuncWriteHoldingRegister)
    i.eMBFuncWriteMultipleCoils              0x080020d0   Section        0  mbfunccoils.o(i.eMBFuncWriteMultipleCoils)
    i.eMBFuncWriteMultipleHoldingRegister    0x0800212e   Section        0  mbfuncholding.o(i.eMBFuncWriteMultipleHoldingRegister)
    i.eMBInit                                0x08002178   Section        0  mb.o(i.eMBInit)
    i.eMBPoll                                0x08002240   Section        0  mb.o(i.eMBPoll)
    i.eMBRTUInit                             0x080022f4   Section        0  mbrtu.o(i.eMBRTUInit)
    i.eMBRTUReceive                          0x08002330   Section        0  mbrtu.o(i.eMBRTUReceive)
    i.eMBRTUSend                             0x08002380   Section        0  mbrtu.o(i.eMBRTUSend)
    i.eMBRTUStart                            0x080023d8   Section        0  mbrtu.o(i.eMBRTUStart)
    i.eMBRTUStop                             0x080023f4   Section        0  mbrtu.o(i.eMBRTUStop)
    i.eMBRegCoilsCB                          0x08002408   Section        0  demo1.o(i.eMBRegCoilsCB)
    i.eMBRegDiscreteCB                       0x080024ac   Section        0  demo1.o(i.eMBRegDiscreteCB)
    i.eMBRegHoldingCB                        0x08002520   Section        0  demo1.o(i.eMBRegHoldingCB)
    i.eMBRegInputCB                          0x08002590   Section        0  demo1.o(i.eMBRegInputCB)
    i.main                                   0x080025dc   Section        0  main.o(i.main)
    i.osDelay                                0x08002618   Section        0  cmsis_os2.o(i.osDelay)
    i.osKernelInitialize                     0x08002650   Section        0  cmsis_os2.o(i.osKernelInitialize)
    i.osKernelStart                          0x08002688   Section        0  cmsis_os2.o(i.osKernelStart)
    i.osMessageQueueNew                      0x080026c8   Section        0  cmsis_os2.o(i.osMessageQueueNew)
    i.osMutexNew                             0x08002770   Section        0  cmsis_os2.o(i.osMutexNew)
    i.osSemaphoreNew                         0x08002828   Section        0  cmsis_os2.o(i.osSemaphoreNew)
    i.osThreadNew                            0x080028fc   Section        0  cmsis_os2.o(i.osThreadNew)
    i.prvAddCurrentTaskToDelayedList         0x080029dc   Section        0  tasks.o(i.prvAddCurrentTaskToDelayedList)
    prvAddCurrentTaskToDelayedList           0x080029dd   Thumb Code    88  tasks.o(i.prvAddCurrentTaskToDelayedList)
    i.prvAddNewTaskToReadyList               0x08002a3c   Section        0  tasks.o(i.prvAddNewTaskToReadyList)
    prvAddNewTaskToReadyList                 0x08002a3d   Thumb Code   124  tasks.o(i.prvAddNewTaskToReadyList)
    i.prvCheckForValidListAndQueue           0x08002ac4   Section        0  timers.o(i.prvCheckForValidListAndQueue)
    prvCheckForValidListAndQueue             0x08002ac5   Thumb Code    68  timers.o(i.prvCheckForValidListAndQueue)
    i.prvCheckTasksWaitingTermination        0x08002b20   Section        0  tasks.o(i.prvCheckTasksWaitingTermination)
    prvCheckTasksWaitingTermination          0x08002b21   Thumb Code    56  tasks.o(i.prvCheckTasksWaitingTermination)
    i.prvCopyDataFromQueue                   0x08002b60   Section        0  queue.o(i.prvCopyDataFromQueue)
    prvCopyDataFromQueue                     0x08002b61   Thumb Code    36  queue.o(i.prvCopyDataFromQueue)
    i.prvCopyDataToQueue                     0x08002b84   Section        0  queue.o(i.prvCopyDataToQueue)
    prvCopyDataToQueue                       0x08002b85   Thumb Code   110  queue.o(i.prvCopyDataToQueue)
    i.prvDeleteTCB                           0x08002bf2   Section        0  tasks.o(i.prvDeleteTCB)
    prvDeleteTCB                             0x08002bf3   Thumb Code    64  tasks.o(i.prvDeleteTCB)
    i.prvGetNextExpireTime                   0x08002c34   Section        0  timers.o(i.prvGetNextExpireTime)
    prvGetNextExpireTime                     0x08002c35   Thumb Code    30  timers.o(i.prvGetNextExpireTime)
    i.prvHeapInit                            0x08002c58   Section        0  heap_4.o(i.prvHeapInit)
    prvHeapInit                              0x08002c59   Thumb Code    70  heap_4.o(i.prvHeapInit)
    i.prvIdleTask                            0x08002ca8   Section        0  tasks.o(i.prvIdleTask)
    prvIdleTask                              0x08002ca9   Thumb Code    30  tasks.o(i.prvIdleTask)
    i.prvInitialiseMutex                     0x08002cd0   Section        0  queue.o(i.prvInitialiseMutex)
    prvInitialiseMutex                       0x08002cd1   Thumb Code    24  queue.o(i.prvInitialiseMutex)
    i.prvInitialiseNewQueue                  0x08002ce8   Section        0  queue.o(i.prvInitialiseNewQueue)
    prvInitialiseNewQueue                    0x08002ce9   Thumb Code    34  queue.o(i.prvInitialiseNewQueue)
    i.prvInitialiseNewTask                   0x08002d0a   Section        0  tasks.o(i.prvInitialiseNewTask)
    prvInitialiseNewTask                     0x08002d0b   Thumb Code   140  tasks.o(i.prvInitialiseNewTask)
    i.prvInitialiseTaskLists                 0x08002d98   Section        0  tasks.o(i.prvInitialiseTaskLists)
    prvInitialiseTaskLists                   0x08002d99   Thumb Code    66  tasks.o(i.prvInitialiseTaskLists)
    i.prvInsertBlockIntoFreeList             0x08002df8   Section        0  heap_4.o(i.prvInsertBlockIntoFreeList)
    prvInsertBlockIntoFreeList               0x08002df9   Thumb Code    84  heap_4.o(i.prvInsertBlockIntoFreeList)
    i.prvInsertTimerInActiveList             0x08002e54   Section        0  timers.o(i.prvInsertTimerInActiveList)
    prvInsertTimerInActiveList               0x08002e55   Thumb Code    66  timers.o(i.prvInsertTimerInActiveList)
    i.prvIsQueueEmpty                        0x08002e9c   Section        0  queue.o(i.prvIsQueueEmpty)
    prvIsQueueEmpty                          0x08002e9d   Thumb Code    26  queue.o(i.prvIsQueueEmpty)
    i.prvIsQueueFull                         0x08002eb6   Section        0  queue.o(i.prvIsQueueFull)
    prvIsQueueFull                           0x08002eb7   Thumb Code    30  queue.o(i.prvIsQueueFull)
    i.prvProcessExpiredTimer                 0x08002ed4   Section        0  timers.o(i.prvProcessExpiredTimer)
    prvProcessExpiredTimer                   0x08002ed5   Thumb Code    88  timers.o(i.prvProcessExpiredTimer)
    i.prvProcessReceivedCommands             0x08002f30   Section        0  timers.o(i.prvProcessReceivedCommands)
    prvProcessReceivedCommands               0x08002f31   Thumb Code   210  timers.o(i.prvProcessReceivedCommands)
    i.prvProcessTimerOrBlockTask             0x08003008   Section        0  timers.o(i.prvProcessTimerOrBlockTask)
    prvProcessTimerOrBlockTask               0x08003009   Thumb Code   100  timers.o(i.prvProcessTimerOrBlockTask)
    i.prvResetNextTaskUnblockTime            0x08003074   Section        0  tasks.o(i.prvResetNextTaskUnblockTime)
    prvResetNextTaskUnblockTime              0x08003075   Thumb Code    30  tasks.o(i.prvResetNextTaskUnblockTime)
    i.prvSampleTimeNow                       0x08003098   Section        0  timers.o(i.prvSampleTimeNow)
    prvSampleTimeNow                         0x08003099   Thumb Code    38  timers.o(i.prvSampleTimeNow)
    i.prvSwitchTimerLists                    0x080030c4   Section        0  timers.o(i.prvSwitchTimerLists)
    prvSwitchTimerLists                      0x080030c5   Thumb Code   112  timers.o(i.prvSwitchTimerLists)
    i.prvTaskExitError                       0x08003138   Section        0  port.o(i.prvTaskExitError)
    prvTaskExitError                         0x08003139   Thumb Code    42  port.o(i.prvTaskExitError)
    i.prvTimerTask                           0x08003168   Section        0  timers.o(i.prvTimerTask)
    prvTimerTask                             0x08003169   Thumb Code    20  timers.o(i.prvTimerTask)
    i.prvUnlockQueue                         0x0800317c   Section        0  queue.o(i.prvUnlockQueue)
    prvUnlockQueue                           0x0800317d   Thumb Code   104  queue.o(i.prvUnlockQueue)
    i.prveMBError2Exception                  0x080031e4   Section        0  mbutils.o(i.prveMBError2Exception)
    i.prvucMBBIN2CHAR                        0x080031fc   Section        0  mbascii.o(i.prvucMBBIN2CHAR)
    prvucMBBIN2CHAR                          0x080031fd   Thumb Code    28  mbascii.o(i.prvucMBBIN2CHAR)
    i.prvucMBLRC                             0x08003218   Section        0  mbascii.o(i.prvucMBLRC)
    prvucMBLRC                               0x08003219   Thumb Code    24  mbascii.o(i.prvucMBLRC)
    i.pvPortMalloc                           0x08003230   Section        0  heap_4.o(i.pvPortMalloc)
    i.pxPortInitialiseStack                  0x08003314   Section        0  port.o(i.pxPortInitialiseStack)
    i.usMBCRC16                              0x08003338   Section        0  mbcrc.o(i.usMBCRC16)
    i.uxListRemove                           0x08003364   Section        0  list.o(i.uxListRemove)
    i.vApplicationGetIdleTaskMemory          0x0800338c   Section        0  cmsis_os2.o(i.vApplicationGetIdleTaskMemory)
    i.vApplicationGetTimerTaskMemory         0x080033a0   Section        0  cmsis_os2.o(i.vApplicationGetTimerTaskMemory)
    i.vListInitialise                        0x080033b8   Section        0  list.o(i.vListInitialise)
    i.vListInitialiseItem                    0x080033ce   Section        0  list.o(i.vListInitialiseItem)
    i.vListInsert                            0x080033d4   Section        0  list.o(i.vListInsert)
    i.vListInsertEnd                         0x0800340a   Section        0  list.o(i.vListInsertEnd)
    i.vMBPortSerialEnable                    0x08003424   Section        0  portserial.o(i.vMBPortSerialEnable)
    i.vMBPortTimersDisable                   0x08003468   Section        0  porttimer.o(i.vMBPortTimersDisable)
    i.vMBPortTimersEnable                    0x080034a4   Section        0  porttimer.o(i.vMBPortTimersEnable)
    i.vPortEnterCritical                     0x080034d0   Section        0  port.o(i.vPortEnterCritical)
    i.vPortExitCritical                      0x08003510   Section        0  port.o(i.vPortExitCritical)
    i.vPortFree                              0x0800353c   Section        0  heap_4.o(i.vPortFree)
    i.vPortSetupTimerInterrupt               0x08003598   Section        0  port.o(i.vPortSetupTimerInterrupt)
    i.vPortValidateInterruptPriority         0x080035bc   Section        0  port.o(i.vPortValidateInterruptPriority)
    i.vQueueAddToRegistry                    0x08003610   Section        0  queue.o(i.vQueueAddToRegistry)
    i.vQueueDelete                           0x08003638   Section        0  queue.o(i.vQueueDelete)
    i.vQueueUnregisterQueue                  0x0800366c   Section        0  queue.o(i.vQueueUnregisterQueue)
    i.vQueueWaitForMessageRestricted         0x08003694   Section        0  queue.o(i.vQueueWaitForMessageRestricted)
    i.vTaskDelay                             0x080036e0   Section        0  tasks.o(i.vTaskDelay)
    i.vTaskInternalSetTimeOutState           0x08003730   Section        0  tasks.o(i.vTaskInternalSetTimeOutState)
    i.vTaskMissedYield                       0x08003740   Section        0  tasks.o(i.vTaskMissedYield)
    i.vTaskPlaceOnEventList                  0x0800374c   Section        0  tasks.o(i.vTaskPlaceOnEventList)
    i.vTaskPlaceOnEventListRestricted        0x08003780   Section        0  tasks.o(i.vTaskPlaceOnEventListRestricted)
    i.vTaskStartScheduler                    0x080037bc   Section        0  tasks.o(i.vTaskStartScheduler)
    i.vTaskSuspendAll                        0x0800384c   Section        0  tasks.o(i.vTaskSuspendAll)
    i.vTaskSwitchContext                     0x0800385c   Section        0  tasks.o(i.vTaskSwitchContext)
    i.xMBASCIIReceiveFSM                     0x080038c8   Section        0  mbascii.o(i.xMBASCIIReceiveFSM)
    i.xMBASCIITimerT1SExpired                0x080039ac   Section        0  mbascii.o(i.xMBASCIITimerT1SExpired)
    i.xMBASCIITransmitFSM                    0x080039dc   Section        0  mbascii.o(i.xMBASCIITransmitFSM)
    i.xMBPortEventGet                        0x08003a88   Section        0  portevent.o(i.xMBPortEventGet)
    i.xMBPortEventInit                       0x08003aa4   Section        0  portevent.o(i.xMBPortEventInit)
    i.xMBPortEventPost                       0x08003ab4   Section        0  portevent.o(i.xMBPortEventPost)
    i.xMBPortSerialGetByte                   0x08003ac4   Section        0  portserial.o(i.xMBPortSerialGetByte)
    i.xMBPortSerialInit                      0x08003ae0   Section        0  portserial.o(i.xMBPortSerialInit)
    i.xMBPortSerialPutByte                   0x08003ae4   Section        0  portserial.o(i.xMBPortSerialPutByte)
    i.xMBPortTimersInit                      0x08003b00   Section        0  porttimer.o(i.xMBPortTimersInit)
    i.xMBRTUReceiveFSM                       0x08003b04   Section        0  mbrtu.o(i.xMBRTUReceiveFSM)
    i.xMBRTUTimerT35Expired                  0x08003b6c   Section        0  mbrtu.o(i.xMBRTUTimerT35Expired)
    i.xMBRTUTransmitFSM                      0x08003bac   Section        0  mbrtu.o(i.xMBRTUTransmitFSM)
    i.xMBUtilGetBits                         0x08003c08   Section        0  mbutils.o(i.xMBUtilGetBits)
    i.xMBUtilSetBits                         0x08003c2a   Section        0  mbutils.o(i.xMBUtilSetBits)
    i.xPortStartScheduler                    0x08003c5c   Section        0  port.o(i.xPortStartScheduler)
    i.xPortSysTickHandler                    0x08003d10   Section        0  port.o(i.xPortSysTickHandler)
    i.xQueueCreateCountingSemaphore          0x08003d3c   Section        0  queue.o(i.xQueueCreateCountingSemaphore)
    i.xQueueCreateCountingSemaphoreStatic    0x08003d78   Section        0  queue.o(i.xQueueCreateCountingSemaphoreStatic)
    i.xQueueCreateMutex                      0x08003dba   Section        0  queue.o(i.xQueueCreateMutex)
    i.xQueueCreateMutexStatic                0x08003dd2   Section        0  queue.o(i.xQueueCreateMutexStatic)
    i.xQueueGenericCreate                    0x08003dee   Section        0  queue.o(i.xQueueGenericCreate)
    i.xQueueGenericCreateStatic              0x08003e38   Section        0  queue.o(i.xQueueGenericCreateStatic)
    i.xQueueGenericReset                     0x08003ea8   Section        0  queue.o(i.xQueueGenericReset)
    i.xQueueGenericSend                      0x08003f38   Section        0  queue.o(i.xQueueGenericSend)
    i.xQueueGenericSendFromISR               0x080040a8   Section        0  queue.o(i.xQueueGenericSendFromISR)
    i.xQueueReceive                          0x08004164   Section        0  queue.o(i.xQueueReceive)
    i.xTaskCheckForTimeOut                   0x080042ac   Section        0  tasks.o(i.xTaskCheckForTimeOut)
    i.xTaskCreate                            0x0800432c   Section        0  tasks.o(i.xTaskCreate)
    i.xTaskCreateStatic                      0x08004398   Section        0  tasks.o(i.xTaskCreateStatic)
    i.xTaskGetSchedulerState                 0x080043f8   Section        0  tasks.o(i.xTaskGetSchedulerState)
    i.xTaskGetTickCount                      0x08004414   Section        0  tasks.o(i.xTaskGetTickCount)
    i.xTaskIncrementTick                     0x08004420   Section        0  tasks.o(i.xTaskIncrementTick)
    i.xTaskPriorityDisinherit                0x080044ec   Section        0  tasks.o(i.xTaskPriorityDisinherit)
    i.xTaskRemoveFromEventList               0x0800456c   Section        0  tasks.o(i.xTaskRemoveFromEventList)
    i.xTaskResumeAll                         0x080045e4   Section        0  tasks.o(i.xTaskResumeAll)
    i.xTimerCreateTimerTask                  0x080046b0   Section        0  timers.o(i.xTimerCreateTimerTask)
    i.xTimerGenericCommand                   0x08004718   Section        0  timers.o(i.xTimerGenericCommand)
    .constdata                               0x0800478c   Section      200  freertos.o(.constdata)
    .constdata                               0x08004854   Section       16  system_stm32f1xx.o(.constdata)
    .constdata                               0x08004864   Section        8  system_stm32f1xx.o(.constdata)
    .constdata                               0x0800486c   Section      512  mbcrc.o(.constdata)
    aucCRCHi                                 0x0800486c   Data         256  mbcrc.o(.constdata)
    aucCRCLo                                 0x0800496c   Data         256  mbcrc.o(.constdata)
    .conststring                             0x08004a6c   Section       68  freertos.o(.conststring)
    .data                                    0x20000000   Section       28  freertos.o(.data)
    .data                                    0x2000001c   Section       20  can.o(.data)
    .data                                    0x20000030   Section       12  stm32f1xx_hal.o(.data)
    .data                                    0x2000003c   Section        4  system_stm32f1xx.o(.data)
    .data                                    0x20000040   Section       16  mbascii.o(.data)
    eSndState                                0x20000040   Data           1  mbascii.o(.data)
    eRcvState                                0x20000041   Data           1  mbascii.o(.data)
    eBytePos                                 0x20000042   Data           1  mbascii.o(.data)
    ucMBLFCharacter                          0x20000043   Data           1  mbascii.o(.data)
    usRcvBufferPos                           0x20000044   Data           2  mbascii.o(.data)
    usSndBufferCount                         0x20000046   Data           2  mbascii.o(.data)
    ucASCIIBuf                               0x20000048   Data           4  mbascii.o(.data)
    pucSndBufferCur                          0x2000004c   Data           4  mbascii.o(.data)
    .data                                    0x20000050   Section        2  mbfuncother.o(.data)
    usMBSlaveIDLen                           0x20000050   Data           2  mbfuncother.o(.data)
    .data                                    0x20000054   Section       12  mbrtu.o(.data)
    eSndState                                0x20000054   Data           1  mbrtu.o(.data)
    eRcvState                                0x20000055   Data           1  mbrtu.o(.data)
    usSndBufferCount                         0x20000056   Data           2  mbrtu.o(.data)
    usRcvBufferPos                           0x20000058   Data           2  mbrtu.o(.data)
    pucSndBufferCur                          0x2000005c   Data           4  mbrtu.o(.data)
    .data                                    0x20000060   Section      172  mb.o(.data)
    eMBState                                 0x20000060   Data           1  mb.o(.data)
    ucRcvAddress                             0x20000061   Data           1  mb.o(.data)
    ucFunctionCode                           0x20000062   Data           1  mb.o(.data)
    eException                               0x20000063   Data           1  mb.o(.data)
    ucMBAddress                              0x20000064   Data           1  mb.o(.data)
    eMBCurrentMode                           0x20000065   Data           1  mb.o(.data)
    usLength                                 0x20000066   Data           2  mb.o(.data)
    ucMBFrame                                0x20000068   Data           4  mb.o(.data)
    peMBFrameSendCur                         0x2000006c   Data           4  mb.o(.data)
    pvMBFrameStartCur                        0x20000070   Data           4  mb.o(.data)
    pvMBFrameStopCur                         0x20000074   Data           4  mb.o(.data)
    peMBFrameReceiveCur                      0x20000078   Data           4  mb.o(.data)
    pvMBFrameCloseCur                        0x2000007c   Data           4  mb.o(.data)
    xFuncHandlers                            0x2000008c   Data         128  mb.o(.data)
    .data                                    0x2000010c   Section        2  portevent.o(.data)
    eQueuedEvent                             0x2000010c   Data           1  portevent.o(.data)
    xEventInQueue                            0x2000010d   Data           1  portevent.o(.data)
    .data                                    0x2000010e   Section       10  demo1.o(.data)
    .data                                    0x20000118   Section       60  tasks.o(.data)
    pxDelayedTaskList                        0x2000011c   Data           4  tasks.o(.data)
    pxOverflowDelayedTaskList                0x20000120   Data           4  tasks.o(.data)
    uxDeletedTasksWaitingCleanUp             0x20000124   Data           4  tasks.o(.data)
    uxCurrentNumberOfTasks                   0x20000128   Data           4  tasks.o(.data)
    xTickCount                               0x2000012c   Data           4  tasks.o(.data)
    uxTopReadyPriority                       0x20000130   Data           4  tasks.o(.data)
    xSchedulerRunning                        0x20000134   Data           4  tasks.o(.data)
    uxPendedTicks                            0x20000138   Data           4  tasks.o(.data)
    xYieldPending                            0x2000013c   Data           4  tasks.o(.data)
    xNumOfOverflows                          0x20000140   Data           4  tasks.o(.data)
    uxTaskNumber                             0x20000144   Data           4  tasks.o(.data)
    xNextTaskUnblockTime                     0x20000148   Data           4  tasks.o(.data)
    xIdleTaskHandle                          0x2000014c   Data           4  tasks.o(.data)
    uxSchedulerSuspended                     0x20000150   Data           4  tasks.o(.data)
    .data                                    0x20000154   Section       20  timers.o(.data)
    pxCurrentTimerList                       0x20000154   Data           4  timers.o(.data)
    pxOverflowTimerList                      0x20000158   Data           4  timers.o(.data)
    xTimerQueue                              0x2000015c   Data           4  timers.o(.data)
    xTimerTaskHandle                         0x20000160   Data           4  timers.o(.data)
    xLastTime                                0x20000164   Data           4  timers.o(.data)
    .data                                    0x20000168   Section        4  cmsis_os2.o(.data)
    KernelState                              0x20000168   Data           4  cmsis_os2.o(.data)
    .data                                    0x2000016c   Section       24  heap_4.o(.data)
    pxEnd                                    0x2000016c   Data           4  heap_4.o(.data)
    xFreeBytesRemaining                      0x20000170   Data           4  heap_4.o(.data)
    xMinimumEverFreeBytesRemaining           0x20000174   Data           4  heap_4.o(.data)
    xBlockAllocatedBit                       0x20000178   Data           4  heap_4.o(.data)
    xStart                                   0x2000017c   Data           8  heap_4.o(.data)
    .data                                    0x20000184   Section       12  port.o(.data)
    ucMaxSysCallPriority                     0x20000184   Data           1  port.o(.data)
    uxCriticalNesting                        0x20000188   Data           4  port.o(.data)
    ulMaxPRIGROUPValue                       0x2000018c   Data           4  port.o(.data)
    .bss                                     0x20000190   Section      132  can.o(.bss)
    .bss                                     0x20000214   Section       72  tim.o(.bss)
    .bss                                     0x2000025c   Section      136  usart.o(.bss)
    .bss                                     0x200002e4   Section       32  mbfuncother.o(.bss)
    ucMBSlaveID                              0x200002e4   Data          32  mbfuncother.o(.bss)
    .bss                                     0x20000304   Section      256  mbrtu.o(.bss)
    .bss                                     0x20000404   Section      464  demo1.o(.bss)
    .bss                                     0x200005d4   Section       64  queue.o(.bss)
    .bss                                     0x20000614   Section     1220  tasks.o(.bss)
    pxReadyTasksLists                        0x20000614   Data        1120  tasks.o(.bss)
    xDelayedTaskList1                        0x20000a74   Data          20  tasks.o(.bss)
    xDelayedTaskList2                        0x20000a88   Data          20  tasks.o(.bss)
    xPendingReadyList                        0x20000a9c   Data          20  tasks.o(.bss)
    xTasksWaitingTermination                 0x20000ab0   Data          20  tasks.o(.bss)
    xSuspendedTaskList                       0x20000ac4   Data          20  tasks.o(.bss)
    .bss                                     0x20000ad8   Section      280  timers.o(.bss)
    xActiveTimerList1                        0x20000ad8   Data          20  timers.o(.bss)
    xActiveTimerList2                        0x20000aec   Data          20  timers.o(.bss)
    xStaticTimerQueue                        0x20000b00   Data          80  timers.o(.bss)
    ucStaticTimerQueueStorage                0x20000b50   Data         160  timers.o(.bss)
    .bss                                     0x20000bf0   Section     1720  cmsis_os2.o(.bss)
    Idle_TCB                                 0x20000bf0   Data          92  cmsis_os2.o(.bss)
    Idle_Stack                               0x20000c4c   Data         512  cmsis_os2.o(.bss)
    Timer_TCB                                0x20000e4c   Data          92  cmsis_os2.o(.bss)
    Timer_Stack                              0x20000ea8   Data        1024  cmsis_os2.o(.bss)
    .bss                                     0x200012a8   Section     3072  heap_4.o(.bss)
    ucHeap                                   0x200012a8   Data        3072  heap_4.o(.bss)
    STACK                                    0x20001ea8   Section     1024  startup_stm32f103xb.o(STACK)

    Global Symbols

    Symbol Name                              Value     Ov Type        Size  Object(Section)

    BuildAttributes$$THM_ISAv4$P$D$K$B$S$PE$A:L22UL41UL21$X:L11$S22US41US21$IEEE1$IW$USESV6$~STKCKD$USESV7$~SHL$OTIME$EBA8$MICROLIB$REQ8$PRES8$EABIv2 0x00000000   Number         0  anon$$obj.o ABSOLUTE
    __ARM_use_no_argv                        0x00000000   Number         0  main.o ABSOLUTE
    __cpp_initialize__aeabi_                  - Undefined Weak Reference
    __cxa_finalize                            - Undefined Weak Reference
    _clock_init                               - Undefined Weak Reference
    _microlib_exit                            - Undefined Weak Reference
    __Vectors_Size                           0x000000ec   Number         0  startup_stm32f103xb.o ABSOLUTE
    __Vectors                                0x08000000   Data           4  startup_stm32f103xb.o(RESET)
    __Vectors_End                            0x080000ec   Data           0  startup_stm32f103xb.o(RESET)
    __main                                   0x080000ed   Thumb Code     0  entry.o(.ARM.Collect$$$$00000000)
    _main_stk                                0x080000ed   Thumb Code     0  entry2.o(.ARM.Collect$$$$00000001)
    _main_scatterload                        0x080000f1   Thumb Code     0  entry5.o(.ARM.Collect$$$$00000004)
    __main_after_scatterload                 0x080000f5   Thumb Code     0  entry5.o(.ARM.Collect$$$$00000004)
    _main_clock                              0x080000f5   Thumb Code     0  entry7b.o(.ARM.Collect$$$$00000008)
    _main_cpp_init                           0x080000f5   Thumb Code     0  entry8b.o(.ARM.Collect$$$$0000000A)
    _main_init                               0x080000f5   Thumb Code     0  entry9a.o(.ARM.Collect$$$$0000000B)
    __rt_final_cpp                           0x080000fd   Thumb Code     0  entry10a.o(.ARM.Collect$$$$0000000D)
    __rt_final_exit                          0x080000fd   Thumb Code     0  entry11a.o(.ARM.Collect$$$$0000000F)
    SVC_Handler                              0x08000101   Thumb Code    32  port.o(.emb_text)
    __asm___6_port_c_39a90d8d__prvStartFirstTask 0x08000125   Thumb Code    28  port.o(.emb_text)
    PendSV_Handler                           0x08000145   Thumb Code    72  port.o(.emb_text)
    vPortGetIPSR                             0x08000191   Thumb Code     6  port.o(.emb_text)
    Reset_Handler                            0x08000199   Thumb Code     8  startup_stm32f103xb.o(.text)
    ADC1_2_IRQHandler                        0x080001b3   Thumb Code     0  startup_stm32f103xb.o(.text)
    CAN1_RX1_IRQHandler                      0x080001b3   Thumb Code     0  startup_stm32f103xb.o(.text)
    CAN1_SCE_IRQHandler                      0x080001b3   Thumb Code     0  startup_stm32f103xb.o(.text)
    DMA1_Channel1_IRQHandler                 0x080001b3   Thumb Code     0  startup_stm32f103xb.o(.text)
    DMA1_Channel2_IRQHandler                 0x080001b3   Thumb Code     0  startup_stm32f103xb.o(.text)
    DMA1_Channel3_IRQHandler                 0x080001b3   Thumb Code     0  startup_stm32f103xb.o(.text)
    DMA1_Channel4_IRQHandler                 0x080001b3   Thumb Code     0  startup_stm32f103xb.o(.text)
    DMA1_Channel5_IRQHandler                 0x080001b3   Thumb Code     0  startup_stm32f103xb.o(.text)
    DMA1_Channel6_IRQHandler                 0x080001b3   Thumb Code     0  startup_stm32f103xb.o(.text)
    DMA1_Channel7_IRQHandler                 0x080001b3   Thumb Code     0  startup_stm32f103xb.o(.text)
    EXTI0_IRQHandler                         0x080001b3   Thumb Code     0  startup_stm32f103xb.o(.text)
    EXTI15_10_IRQHandler                     0x080001b3   Thumb Code     0  startup_stm32f103xb.o(.text)
    EXTI1_IRQHandler                         0x080001b3   Thumb Code     0  startup_stm32f103xb.o(.text)
    EXTI2_IRQHandler                         0x080001b3   Thumb Code     0  startup_stm32f103xb.o(.text)
    EXTI3_IRQHandler                         0x080001b3   Thumb Code     0  startup_stm32f103xb.o(.text)
    EXTI4_IRQHandler                         0x080001b3   Thumb Code     0  startup_stm32f103xb.o(.text)
    EXTI9_5_IRQHandler                       0x080001b3   Thumb Code     0  startup_stm32f103xb.o(.text)
    FLASH_IRQHandler                         0x080001b3   Thumb Code     0  startup_stm32f103xb.o(.text)
    I2C1_ER_IRQHandler                       0x080001b3   Thumb Code     0  startup_stm32f103xb.o(.text)
    I2C1_EV_IRQHandler                       0x080001b3   Thumb Code     0  startup_stm32f103xb.o(.text)
    I2C2_ER_IRQHandler                       0x080001b3   Thumb Code     0  startup_stm32f103xb.o(.text)
    I2C2_EV_IRQHandler                       0x080001b3   Thumb Code     0  startup_stm32f103xb.o(.text)
    PVD_IRQHandler                           0x080001b3   Thumb Code     0  startup_stm32f103xb.o(.text)
    RCC_IRQHandler                           0x080001b3   Thumb Code     0  startup_stm32f103xb.o(.text)
    RTC_Alarm_IRQHandler                     0x080001b3   Thumb Code     0  startup_stm32f103xb.o(.text)
    RTC_IRQHandler                           0x080001b3   Thumb Code     0  startup_stm32f103xb.o(.text)
    SPI1_IRQHandler                          0x080001b3   Thumb Code     0  startup_stm32f103xb.o(.text)
    SPI2_IRQHandler                          0x080001b3   Thumb Code     0  startup_stm32f103xb.o(.text)
    TAMPER_IRQHandler                        0x080001b3   Thumb Code     0  startup_stm32f103xb.o(.text)
    TIM1_BRK_IRQHandler                      0x080001b3   Thumb Code     0  startup_stm32f103xb.o(.text)
    TIM1_CC_IRQHandler                       0x080001b3   Thumb Code     0  startup_stm32f103xb.o(.text)
    TIM1_TRG_COM_IRQHandler                  0x080001b3   Thumb Code     0  startup_stm32f103xb.o(.text)
    TIM1_UP_IRQHandler                       0x080001b3   Thumb Code     0  startup_stm32f103xb.o(.text)
    TIM3_IRQHandler                          0x080001b3   Thumb Code     0  startup_stm32f103xb.o(.text)
    TIM4_IRQHandler                          0x080001b3   Thumb Code     0  startup_stm32f103xb.o(.text)
    USART1_IRQHandler                        0x080001b3   Thumb Code     0  startup_stm32f103xb.o(.text)
    USART2_IRQHandler                        0x080001b3   Thumb Code     0  startup_stm32f103xb.o(.text)
    USBWakeUp_IRQHandler                     0x080001b3   Thumb Code     0  startup_stm32f103xb.o(.text)
    USB_HP_CAN1_TX_IRQHandler                0x080001b3   Thumb Code     0  startup_stm32f103xb.o(.text)
    WWDG_IRQHandler                          0x080001b3   Thumb Code     0  startup_stm32f103xb.o(.text)
    __aeabi_memcpy                           0x080001bd   Thumb Code    36  memcpya.o(.text)
    __aeabi_memcpy4                          0x080001bd   Thumb Code     0  memcpya.o(.text)
    __aeabi_memcpy8                          0x080001bd   Thumb Code     0  memcpya.o(.text)
    __aeabi_memset                           0x080001e1   Thumb Code    14  memseta.o(.text)
    __aeabi_memset4                          0x080001e1   Thumb Code     0  memseta.o(.text)
    __aeabi_memset8                          0x080001e1   Thumb Code     0  memseta.o(.text)
    __aeabi_memclr                           0x080001ef   Thumb Code     4  memseta.o(.text)
    __aeabi_memclr4                          0x080001ef   Thumb Code     0  memseta.o(.text)
    __aeabi_memclr8                          0x080001ef   Thumb Code     0  memseta.o(.text)
    memset                                   0x080001f3   Thumb Code    18  memseta.o(.text)
    __scatterload                            0x08000205   Thumb Code    28  init.o(.text)
    __scatterload_rt2                        0x08000205   Thumb Code     0  init.o(.text)
    __decompress                             0x08000229   Thumb Code     0  __dczerorl2.o(.text)
    __decompress1                            0x08000229   Thumb Code    86  __dczerorl2.o(.text)
    BusFault_Handler                         0x0800027f   Thumb Code     2  stm32f1xx_it.o(i.BusFault_Handler)
    CAN_Send_Message                         0x08000281   Thumb Code   104  can.o(i.CAN_Send_Message)
    Can                                      0x08000315   Thumb Code    22  freertos.o(i.Can)
    Cmd                                      0x0800032b   Thumb Code     8  freertos.o(i.Cmd)
    DebugMon_Handler                         0x08000333   Thumb Code     2  stm32f1xx_it.o(i.DebugMon_Handler)
    Error_Handler                            0x08000335   Thumb Code     4  main.o(i.Error_Handler)
    HAL_CAN_ActivateNotification             0x08000339   Thumb Code    36  stm32f1xx_hal_can.o(i.HAL_CAN_ActivateNotification)
    HAL_CAN_AddTxMessage                     0x0800035d   Thumb Code   200  stm32f1xx_hal_can.o(i.HAL_CAN_AddTxMessage)
    HAL_CAN_ConfigFilter                     0x08000425   Thumb Code   238  stm32f1xx_hal_can.o(i.HAL_CAN_ConfigFilter)
    HAL_CAN_ErrorCallback                    0x08000513   Thumb Code     2  stm32f1xx_hal_can.o(i.HAL_CAN_ErrorCallback)
    HAL_CAN_GetRxMessage                     0x08000515   Thumb Code   232  stm32f1xx_hal_can.o(i.HAL_CAN_GetRxMessage)
    HAL_CAN_IRQHandler                       0x080005fd   Thumb Code   508  stm32f1xx_hal_can.o(i.HAL_CAN_IRQHandler)
    HAL_CAN_Init                             0x080007f9   Thumb Code   282  stm32f1xx_hal_can.o(i.HAL_CAN_Init)
    HAL_CAN_MspInit                          0x08000915   Thumb Code   130  can.o(i.HAL_CAN_MspInit)
    HAL_CAN_RxFifo0FullCallback              0x080009a9   Thumb Code     2  stm32f1xx_hal_can.o(i.HAL_CAN_RxFifo0FullCallback)
    HAL_CAN_RxFifo0MsgPendingCallback        0x080009ad   Thumb Code   102  can.o(i.HAL_CAN_RxFifo0MsgPendingCallback)
    HAL_CAN_RxFifo1FullCallback              0x08000a25   Thumb Code     2  stm32f1xx_hal_can.o(i.HAL_CAN_RxFifo1FullCallback)
    HAL_CAN_RxFifo1MsgPendingCallback        0x08000a27   Thumb Code     2  stm32f1xx_hal_can.o(i.HAL_CAN_RxFifo1MsgPendingCallback)
    HAL_CAN_SleepCallback                    0x08000a29   Thumb Code     2  stm32f1xx_hal_can.o(i.HAL_CAN_SleepCallback)
    HAL_CAN_Start                            0x08000a2d   Thumb Code    88  stm32f1xx_hal_can.o(i.HAL_CAN_Start)
    HAL_CAN_TxMailbox0AbortCallback          0x08000a85   Thumb Code     2  stm32f1xx_hal_can.o(i.HAL_CAN_TxMailbox0AbortCallback)
    HAL_CAN_TxMailbox0CompleteCallback       0x08000a87   Thumb Code     2  stm32f1xx_hal_can.o(i.HAL_CAN_TxMailbox0CompleteCallback)
    HAL_CAN_TxMailbox1AbortCallback          0x08000a89   Thumb Code     2  stm32f1xx_hal_can.o(i.HAL_CAN_TxMailbox1AbortCallback)
    HAL_CAN_TxMailbox1CompleteCallback       0x08000a8b   Thumb Code     2  stm32f1xx_hal_can.o(i.HAL_CAN_TxMailbox1CompleteCallback)
    HAL_CAN_TxMailbox2AbortCallback          0x08000a8d   Thumb Code     2  stm32f1xx_hal_can.o(i.HAL_CAN_TxMailbox2AbortCallback)
    HAL_CAN_TxMailbox2CompleteCallback       0x08000a8f   Thumb Code     2  stm32f1xx_hal_can.o(i.HAL_CAN_TxMailbox2CompleteCallback)
    HAL_CAN_WakeUpFromRxMsgCallback          0x08000a91   Thumb Code     2  stm32f1xx_hal_can.o(i.HAL_CAN_WakeUpFromRxMsgCallback)
    HAL_GPIO_Init                            0x08000a95   Thumb Code   446  stm32f1xx_hal_gpio.o(i.HAL_GPIO_Init)
    HAL_GPIO_WritePin                        0x08000c75   Thumb Code    10  stm32f1xx_hal_gpio.o(i.HAL_GPIO_WritePin)
    HAL_GetTick                              0x08000c81   Thumb Code     6  stm32f1xx_hal.o(i.HAL_GetTick)
    HAL_IncTick                              0x08000c8d   Thumb Code    12  stm32f1xx_hal.o(i.HAL_IncTick)
    HAL_Init                                 0x08000c9d   Thumb Code    32  stm32f1xx_hal.o(i.HAL_Init)
    HAL_InitTick                             0x08000cc1   Thumb Code    54  stm32f1xx_hal.o(i.HAL_InitTick)
    HAL_MspInit                              0x08000d01   Thumb Code    62  stm32f1xx_hal_msp.o(i.HAL_MspInit)
    HAL_NVIC_EnableIRQ                       0x08000d49   Thumb Code    26  stm32f1xx_hal_cortex.o(i.HAL_NVIC_EnableIRQ)
    HAL_NVIC_SetPriority                     0x08000d65   Thumb Code    60  stm32f1xx_hal_cortex.o(i.HAL_NVIC_SetPriority)
    HAL_NVIC_SetPriorityGrouping             0x08000da5   Thumb Code    26  stm32f1xx_hal_cortex.o(i.HAL_NVIC_SetPriorityGrouping)
    HAL_RCC_ClockConfig                      0x08000dc9   Thumb Code   280  stm32f1xx_hal_rcc.o(i.HAL_RCC_ClockConfig)
    HAL_RCC_GetPCLK1Freq                     0x08000ef5   Thumb Code    20  stm32f1xx_hal_rcc.o(i.HAL_RCC_GetPCLK1Freq)
    HAL_RCC_GetPCLK2Freq                     0x08000f15   Thumb Code    20  stm32f1xx_hal_rcc.o(i.HAL_RCC_GetPCLK2Freq)
    HAL_RCC_GetSysClockFreq                  0x08000f35   Thumb Code    74  stm32f1xx_hal_rcc.o(i.HAL_RCC_GetSysClockFreq)
    HAL_RCC_OscConfig                        0x08000fa1   Thumb Code   778  stm32f1xx_hal_rcc.o(i.HAL_RCC_OscConfig)
    HAL_SYSTICK_Config                       0x080012c1   Thumb Code    40  stm32f1xx_hal_cortex.o(i.HAL_SYSTICK_Config)
    HAL_TIMEx_MasterConfigSynchronization    0x080012e9   Thumb Code    92  stm32f1xx_hal_tim_ex.o(i.HAL_TIMEx_MasterConfigSynchronization)
    HAL_TIM_Base_Init                        0x08001351   Thumb Code    90  stm32f1xx_hal_tim.o(i.HAL_TIM_Base_Init)
    HAL_TIM_Base_MspInit                     0x080013ad   Thumb Code    50  tim.o(i.HAL_TIM_Base_MspInit)
    HAL_TIM_ConfigClockSource                0x080013e5   Thumb Code   214  stm32f1xx_hal_tim.o(i.HAL_TIM_ConfigClockSource)
    HAL_UART_Init                            0x080014bb   Thumb Code    98  stm32f1xx_hal_uart.o(i.HAL_UART_Init)
    HAL_UART_MspInit                         0x0800151d   Thumb Code   186  usart.o(i.HAL_UART_MspInit)
    HAL_UART_Receive                         0x080015ed   Thumb Code   192  stm32f1xx_hal_uart.o(i.HAL_UART_Receive)
    HAL_UART_Transmit                        0x080016ad   Thumb Code   178  stm32f1xx_hal_uart.o(i.HAL_UART_Transmit)
    HardFault_Handler                        0x0800175f   Thumb Code     2  stm32f1xx_it.o(i.HardFault_Handler)
    MX_CAN_Init                              0x08001761   Thumb Code   142  can.o(i.MX_CAN_Init)
    MX_FREERTOS_Init                         0x080017f9   Thumb Code    98  freertos.o(i.MX_FREERTOS_Init)
    MX_GPIO_Init                             0x08001875   Thumb Code   100  gpio.o(i.MX_GPIO_Init)
    MX_TIM2_Init                             0x080018e1   Thumb Code    96  tim.o(i.MX_TIM2_Init)
    MX_USART1_UART_Init                      0x08001945   Thumb Code    54  usart.o(i.MX_USART1_UART_Init)
    MX_USART3_UART_Init                      0x08001985   Thumb Code    48  usart.o(i.MX_USART3_UART_Init)
    MemManage_Handler                        0x080019bd   Thumb Code     2  stm32f1xx_it.o(i.MemManage_Handler)
    Modbus                                   0x080019c1   Thumb Code    30  freertos.o(i.Modbus)
    NMI_Handler                              0x080019df   Thumb Code     2  stm32f1xx_it.o(i.NMI_Handler)
    StartDefaultTask                         0x080019e1   Thumb Code     8  freertos.o(i.StartDefaultTask)
    SysTick_Handler                          0x080019e9   Thumb Code    24  stm32f1xx_it.o(i.SysTick_Handler)
    SystemClock_Config                       0x08001a01   Thumb Code    94  main.o(i.SystemClock_Config)
    SystemInit                               0x08001a5f   Thumb Code     2  system_stm32f1xx.o(i.SystemInit)
    TIM2_IRQHandler                          0x08001a61   Thumb Code    24  porttimer.o(i.TIM2_IRQHandler)
    TIM_Base_SetConfig                       0x08001a81   Thumb Code    94  stm32f1xx_hal_tim.o(i.TIM_Base_SetConfig)
    TIM_ETR_SetConfig                        0x08001aed   Thumb Code    20  stm32f1xx_hal_tim.o(i.TIM_ETR_SetConfig)
    USART3_IRQHandler                        0x08001c75   Thumb Code    38  portserial.o(i.USART3_IRQHandler)
    USB_LP_CAN1_RX0_IRQHandler               0x08001ca9   Thumb Code     6  stm32f1xx_it.o(i.USB_LP_CAN1_RX0_IRQHandler)
    UsageFault_Handler                       0x08001cb5   Thumb Code     2  stm32f1xx_it.o(i.UsageFault_Handler)
    __scatterload_copy                       0x08001cd7   Thumb Code    14  handlers.o(i.__scatterload_copy)
    __scatterload_null                       0x08001ce5   Thumb Code     2  handlers.o(i.__scatterload_null)
    __scatterload_zeroinit                   0x08001ce7   Thumb Code    14  handlers.o(i.__scatterload_zeroinit)
    eMBASCIIInit                             0x08001cf5   Thumb Code    44  mbascii.o(i.eMBASCIIInit)
    eMBASCIIReceive                          0x08001d25   Thumb Code    68  mbascii.o(i.eMBASCIIReceive)
    eMBASCIISend                             0x08001d6d   Thumb Code    68  mbascii.o(i.eMBASCIISend)
    eMBASCIIStart                            0x08001db5   Thumb Code    24  mbascii.o(i.eMBASCIIStart)
    eMBASCIIStop                             0x08001dd1   Thumb Code    18  mbascii.o(i.eMBASCIIStop)
    eMBEnable                                0x08001de5   Thumb Code    28  mb.o(i.eMBEnable)
    eMBFuncReadCoils                         0x08001e05   Thumb Code   110  mbfunccoils.o(i.eMBFuncReadCoils)
    eMBFuncReadDiscreteInputs                0x08001e73   Thumb Code   110  mbfuncdisc.o(i.eMBFuncReadDiscreteInputs)
    eMBFuncReadHoldingRegister               0x08001ee1   Thumb Code    90  mbfuncholding.o(i.eMBFuncReadHoldingRegister)
    eMBFuncReadInputRegister                 0x08001f3b   Thumb Code    94  mbfuncinput.o(i.eMBFuncReadInputRegister)
    eMBFuncReadWriteMultipleHoldingRegister  0x08001f99   Thumb Code   148  mbfuncholding.o(i.eMBFuncReadWriteMultipleHoldingRegister)
    eMBFuncReportSlaveID                     0x0800202d   Thumb Code    26  mbfuncother.o(i.eMBFuncReportSlaveID)
    eMBFuncWriteCoil                         0x08002051   Thumb Code    82  mbfunccoils.o(i.eMBFuncWriteCoil)
    eMBFuncWriteHoldingRegister              0x080020a3   Thumb Code    46  mbfuncholding.o(i.eMBFuncWriteHoldingRegister)
    eMBFuncWriteMultipleCoils                0x080020d1   Thumb Code    94  mbfunccoils.o(i.eMBFuncWriteMultipleCoils)
    eMBFuncWriteMultipleHoldingRegister      0x0800212f   Thumb Code    74  mbfuncholding.o(i.eMBFuncWriteMultipleHoldingRegister)
    eMBInit                                  0x08002179   Thumb Code   140  mb.o(i.eMBInit)
    eMBPoll                                  0x08002241   Thumb Code   176  mb.o(i.eMBPoll)
    eMBRTUInit                               0x080022f5   Thumb Code    54  mbrtu.o(i.eMBRTUInit)
    eMBRTUReceive                            0x08002331   Thumb Code    70  mbrtu.o(i.eMBRTUReceive)
    eMBRTUSend                               0x08002381   Thumb Code    80  mbrtu.o(i.eMBRTUSend)
    eMBRTUStart                              0x080023d9   Thumb Code    24  mbrtu.o(i.eMBRTUStart)
    eMBRTUStop                               0x080023f5   Thumb Code    18  mbrtu.o(i.eMBRTUStop)
    eMBRegCoilsCB                            0x08002409   Thumb Code   154  demo1.o(i.eMBRegCoilsCB)
    eMBRegDiscreteCB                         0x080024ad   Thumb Code   112  demo1.o(i.eMBRegDiscreteCB)
    eMBRegHoldingCB                          0x08002521   Thumb Code   104  demo1.o(i.eMBRegHoldingCB)
    eMBRegInputCB                            0x08002591   Thumb Code    66  demo1.o(i.eMBRegInputCB)
    main                                     0x080025dd   Thumb Code    58  main.o(i.main)
    osDelay                                  0x08002619   Thumb Code    50  cmsis_os2.o(i.osDelay)
    osKernelInitialize                       0x08002651   Thumb Code    50  cmsis_os2.o(i.osKernelInitialize)
    osKernelStart                            0x08002689   Thumb Code    58  cmsis_os2.o(i.osKernelStart)
    osMessageQueueNew                        0x080026c9   Thumb Code   162  cmsis_os2.o(i.osMessageQueueNew)
    osMutexNew                               0x08002771   Thumb Code   180  cmsis_os2.o(i.osMutexNew)
    osSemaphoreNew                           0x08002829   Thumb Code   206  cmsis_os2.o(i.osSemaphoreNew)
    osThreadNew                              0x080028fd   Thumb Code   218  cmsis_os2.o(i.osThreadNew)
    prveMBError2Exception                    0x080031e5   Thumb Code    24  mbutils.o(i.prveMBError2Exception)
    pvPortMalloc                             0x08003231   Thumb Code   218  heap_4.o(i.pvPortMalloc)
    pxPortInitialiseStack                    0x08003315   Thumb Code    30  port.o(i.pxPortInitialiseStack)
    usMBCRC16                                0x08003339   Thumb Code    40  mbcrc.o(i.usMBCRC16)
    uxListRemove                             0x08003365   Thumb Code    38  list.o(i.uxListRemove)
    vApplicationGetIdleTaskMemory            0x0800338d   Thumb Code    16  cmsis_os2.o(i.vApplicationGetIdleTaskMemory)
    vApplicationGetTimerTaskMemory           0x080033a1   Thumb Code    18  cmsis_os2.o(i.vApplicationGetTimerTaskMemory)
    vListInitialise                          0x080033b9   Thumb Code    22  list.o(i.vListInitialise)
    vListInitialiseItem                      0x080033cf   Thumb Code     6  list.o(i.vListInitialiseItem)
    vListInsert                              0x080033d5   Thumb Code    54  list.o(i.vListInsert)
    vListInsertEnd                           0x0800340b   Thumb Code    24  list.o(i.vListInsertEnd)
    vMBPortSerialEnable                      0x08003425   Thumb Code    58  portserial.o(i.vMBPortSerialEnable)
    vMBPortTimersDisable                     0x08003469   Thumb Code    56  porttimer.o(i.vMBPortTimersDisable)
    vMBPortTimersEnable                      0x080034a5   Thumb Code    38  porttimer.o(i.vMBPortTimersEnable)
    vPortEnterCritical                       0x080034d1   Thumb Code    54  port.o(i.vPortEnterCritical)
    vPortExitCritical                        0x08003511   Thumb Code    38  port.o(i.vPortExitCritical)
    vPortFree                                0x0800353d   Thumb Code    88  heap_4.o(i.vPortFree)
    vPortSetupTimerInterrupt                 0x08003599   Thumb Code    32  port.o(i.vPortSetupTimerInterrupt)
    vPortValidateInterruptPriority           0x080035bd   Thumb Code    74  port.o(i.vPortValidateInterruptPriority)
    vQueueAddToRegistry                      0x08003611   Thumb Code    34  queue.o(i.vQueueAddToRegistry)
    vQueueDelete                             0x08003639   Thumb Code    50  queue.o(i.vQueueDelete)
    vQueueUnregisterQueue                    0x0800366d   Thumb Code    36  queue.o(i.vQueueUnregisterQueue)
    vQueueWaitForMessageRestricted           0x08003695   Thumb Code    74  queue.o(i.vQueueWaitForMessageRestricted)
    vTaskDelay                               0x080036e1   Thumb Code    70  tasks.o(i.vTaskDelay)
    vTaskInternalSetTimeOutState             0x08003731   Thumb Code    12  tasks.o(i.vTaskInternalSetTimeOutState)
    vTaskMissedYield                         0x08003741   Thumb Code     8  tasks.o(i.vTaskMissedYield)
    vTaskPlaceOnEventList                    0x0800374d   Thumb Code    48  tasks.o(i.vTaskPlaceOnEventList)
    vTaskPlaceOnEventListRestricted          0x08003781   Thumb Code    54  tasks.o(i.vTaskPlaceOnEventListRestricted)
    vTaskStartScheduler                      0x080037bd   Thumb Code   128  tasks.o(i.vTaskStartScheduler)
    vTaskSuspendAll                          0x0800384d   Thumb Code    10  tasks.o(i.vTaskSuspendAll)
    vTaskSwitchContext                       0x0800385d   Thumb Code   100  tasks.o(i.vTaskSwitchContext)
    xMBASCIIReceiveFSM                       0x080038c9   Thumb Code   222  mbascii.o(i.xMBASCIIReceiveFSM)
    xMBASCIITimerT1SExpired                  0x080039ad   Thumb Code    42  mbascii.o(i.xMBASCIITimerT1SExpired)
    xMBASCIITransmitFSM                      0x080039dd   Thumb Code   168  mbascii.o(i.xMBASCIITransmitFSM)
    xMBPortEventGet                          0x08003a89   Thumb Code    24  portevent.o(i.xMBPortEventGet)
    xMBPortEventInit                         0x08003aa5   Thumb Code    10  portevent.o(i.xMBPortEventInit)
    xMBPortEventPost                         0x08003ab5   Thumb Code    12  portevent.o(i.xMBPortEventPost)
    xMBPortSerialGetByte                     0x08003ac5   Thumb Code    24  portserial.o(i.xMBPortSerialGetByte)
    xMBPortSerialInit                        0x08003ae1   Thumb Code     4  portserial.o(i.xMBPortSerialInit)
    xMBPortSerialPutByte                     0x08003ae5   Thumb Code    24  portserial.o(i.xMBPortSerialPutByte)
    xMBPortTimersInit                        0x08003b01   Thumb Code     4  porttimer.o(i.xMBPortTimersInit)
    xMBRTUReceiveFSM                         0x08003b05   Thumb Code    96  mbrtu.o(i.xMBRTUReceiveFSM)
    xMBRTUTimerT35Expired                    0x08003b6d   Thumb Code    58  mbrtu.o(i.xMBRTUTimerT35Expired)
    xMBRTUTransmitFSM                        0x08003bad   Thumb Code    86  mbrtu.o(i.xMBRTUTransmitFSM)
    xMBUtilGetBits                           0x08003c09   Thumb Code    34  mbutils.o(i.xMBUtilGetBits)
    xMBUtilSetBits                           0x08003c2b   Thumb Code    50  mbutils.o(i.xMBUtilSetBits)
    xPortStartScheduler                      0x08003c5d   Thumb Code   168  port.o(i.xPortStartScheduler)
    xPortSysTickHandler                      0x08003d11   Thumb Code    38  port.o(i.xPortSysTickHandler)
    xQueueCreateCountingSemaphore            0x08003d3d   Thumb Code    60  queue.o(i.xQueueCreateCountingSemaphore)
    xQueueCreateCountingSemaphoreStatic      0x08003d79   Thumb Code    66  queue.o(i.xQueueCreateCountingSemaphoreStatic)
    xQueueCreateMutex                        0x08003dbb   Thumb Code    24  queue.o(i.xQueueCreateMutex)
    xQueueCreateMutexStatic                  0x08003dd3   Thumb Code    28  queue.o(i.xQueueCreateMutexStatic)
    xQueueGenericCreate                      0x08003def   Thumb Code    74  queue.o(i.xQueueGenericCreate)
    xQueueGenericCreateStatic                0x08003e39   Thumb Code   112  queue.o(i.xQueueGenericCreateStatic)
    xQueueGenericReset                       0x08003ea9   Thumb Code   138  queue.o(i.xQueueGenericReset)
    xQueueGenericSend                        0x08003f39   Thumb Code   362  queue.o(i.xQueueGenericSend)
    xQueueGenericSendFromISR                 0x080040a9   Thumb Code   188  queue.o(i.xQueueGenericSendFromISR)
    xQueueReceive                            0x08004165   Thumb Code   322  queue.o(i.xQueueReceive)
    xTaskCheckForTimeOut                     0x080042ad   Thumb Code   122  tasks.o(i.xTaskCheckForTimeOut)
    xTaskCreate                              0x0800432d   Thumb Code   108  tasks.o(i.xTaskCreate)
    xTaskCreateStatic                        0x08004399   Thumb Code    96  tasks.o(i.xTaskCreateStatic)
    xTaskGetSchedulerState                   0x080043f9   Thumb Code    24  tasks.o(i.xTaskGetSchedulerState)
    xTaskGetTickCount                        0x08004415   Thumb Code     6  tasks.o(i.xTaskGetTickCount)
    xTaskIncrementTick                       0x08004421   Thumb Code   194  tasks.o(i.xTaskIncrementTick)
    xTaskPriorityDisinherit                  0x080044ed   Thumb Code   118  tasks.o(i.xTaskPriorityDisinherit)
    xTaskRemoveFromEventList                 0x0800456d   Thumb Code   106  tasks.o(i.xTaskRemoveFromEventList)
    xTaskResumeAll                           0x080045e5   Thumb Code   190  tasks.o(i.xTaskResumeAll)
    xTimerCreateTimerTask                    0x080046b1   Thumb Code    86  timers.o(i.xTimerCreateTimerTask)
    xTimerGenericCommand                     0x08004719   Thumb Code   112  timers.o(i.xTimerGenericCommand)
    defaultTask_attributes                   0x0800478c   Data          36  freertos.o(.constdata)
    ModbusTask_attributes                    0x080047b0   Data          36  freertos.o(.constdata)
    CanTask_attributes                       0x080047d4   Data          36  freertos.o(.constdata)
    CmdTask_attributes                       0x080047f8   Data          36  freertos.o(.constdata)
    myQueue_attributes                       0x0800481c   Data          24  freertos.o(.constdata)
    myMutex_attributes                       0x08004834   Data          16  freertos.o(.constdata)
    myBinarySem_attributes                   0x08004844   Data          16  freertos.o(.constdata)
    AHBPrescTable                            0x08004854   Data          16  system_stm32f1xx.o(.constdata)
    APBPrescTable                            0x08004864   Data           8  system_stm32f1xx.o(.constdata)
    Region$$Table$$Base                      0x08004ab0   Number         0  anon$$obj.o(Region$$Table)
    Region$$Table$$Limit                     0x08004ad0   Number         0  anon$$obj.o(Region$$Table)
    defaultTaskHandle                        0x20000000   Data           4  freertos.o(.data)
    ModbusTaskHandle                         0x20000004   Data           4  freertos.o(.data)
    CanTaskHandle                            0x20000008   Data           4  freertos.o(.data)
    CmdTaskHandle                            0x2000000c   Data           4  freertos.o(.data)
    myQueueHandle                            0x20000010   Data           4  freertos.o(.data)
    myMutexHandle                            0x20000014   Data           4  freertos.o(.data)
    myBinarySemHandle                        0x20000018   Data           4  freertos.o(.data)
    TxMailbox                                0x2000001c   Data           4  can.o(.data)
    TxData                                   0x20000020   Data           8  can.o(.data)
    RxData                                   0x20000028   Data           8  can.o(.data)
    uwTickFreq                               0x20000030   Data           1  stm32f1xx_hal.o(.data)
    uwTickPrio                               0x20000034   Data           4  stm32f1xx_hal.o(.data)
    uwTick                                   0x20000038   Data           4  stm32f1xx_hal.o(.data)
    SystemCoreClock                          0x2000003c   Data           4  system_stm32f1xx.o(.data)
    pxMBFrameCBByteReceived                  0x20000080   Data           4  mb.o(.data)
    pxMBFrameCBTransmitterEmpty              0x20000084   Data           4  mb.o(.data)
    pxMBPortCBTimerExpired                   0x20000088   Data           4  mb.o(.data)
    usSDiscInStart                           0x2000010e   Data           2  demo1.o(.data)
    usSCoilStart                             0x20000110   Data           2  demo1.o(.data)
    usSRegInStart                            0x20000112   Data           2  demo1.o(.data)
    usSRegHoldStart                          0x20000114   Data           2  demo1.o(.data)
    ucSDiscInBuf                             0x20000116   Data           2  demo1.o(.data)
    pxCurrentTCB                             0x20000118   Data           4  tasks.o(.data)
    hcan                                     0x20000190   Data          40  can.o(.bss)
    CAN_FilterInitStructure                  0x200001b8   Data          40  can.o(.bss)
    TxHeader                                 0x200001e0   Data          24  can.o(.bss)
    RxHeader                                 0x200001f8   Data          28  can.o(.bss)
    htim2                                    0x20000214   Data          72  tim.o(.bss)
    huart1                                   0x2000025c   Data          68  usart.o(.bss)
    huart3                                   0x200002a0   Data          68  usart.o(.bss)
    ucRTUBuf                                 0x20000304   Data         256  mbrtu.o(.bss)
    ucSCoilBuf                               0x20000404   Data          64  demo1.o(.bss)
    usSRegInBuf                              0x20000444   Data         200  demo1.o(.bss)
    usSRegHoldBuf                            0x2000050c   Data         200  demo1.o(.bss)
    xQueueRegistry                           0x200005d4   Data          64  queue.o(.bss)
    __initial_sp                             0x200022a8   Data           0  startup_stm32f103xb.o(STACK)



==============================================================================

Memory Map of the image

  Image Entry point : 0x080000ed

  Load Region LR_IROM1 (Base: 0x08000000, Size: 0x00004c60, Max: 0x00010000, ABSOLUTE, COMPRESSED[0x00004b20])

    Execution Region ER_IROM1 (Exec base: 0x08000000, Load base: 0x08000000, Size: 0x00004ad0, Max: 0x00010000, ABSOLUTE)

    Exec Addr    Load Addr    Size         Type   Attr      Idx    E Section Name        Object

    0x08000000   0x08000000   0x000000ec   Data   RO            3    RESET               startup_stm32f103xb.o
    0x080000ec   0x080000ec   0x00000000   Code   RO         5374  * .ARM.Collect$$$$00000000  mc_w.l(entry.o)
    0x080000ec   0x080000ec   0x00000004   Code   RO         5389    .ARM.Collect$$$$00000001  mc_w.l(entry2.o)
    0x080000f0   0x080000f0   0x00000004   Code   RO         5392    .ARM.Collect$$$$00000004  mc_w.l(entry5.o)
    0x080000f4   0x080000f4   0x00000000   Code   RO         5394    .ARM.Collect$$$$00000008  mc_w.l(entry7b.o)
    0x080000f4   0x080000f4   0x00000000   Code   RO         5396    .ARM.Collect$$$$0000000A  mc_w.l(entry8b.o)
    0x080000f4   0x080000f4   0x00000008   Code   RO         5397    .ARM.Collect$$$$0000000B  mc_w.l(entry9a.o)
    0x080000fc   0x080000fc   0x00000000   Code   RO         5399    .ARM.Collect$$$$0000000D  mc_w.l(entry10a.o)
    0x080000fc   0x080000fc   0x00000000   Code   RO         5401    .ARM.Collect$$$$0000000F  mc_w.l(entry11a.o)
    0x080000fc   0x080000fc   0x00000004   Code   RO         5390    .ARM.Collect$$$$00002712  mc_w.l(entry2.o)
    0x08000100   0x08000100   0x00000096   Code   RO         5297    .emb_text           port.o
    0x08000196   0x08000196   0x00000002   PAD
    0x08000198   0x08000198   0x00000024   Code   RO            4    .text               startup_stm32f103xb.o
    0x080001bc   0x080001bc   0x00000024   Code   RO         5381    .text               mc_w.l(memcpya.o)
    0x080001e0   0x080001e0   0x00000024   Code   RO         5385    .text               mc_w.l(memseta.o)
    0x08000204   0x08000204   0x00000024   Code   RO         5403    .text               mc_w.l(init.o)
    0x08000228   0x08000228   0x00000056   Code   RO         5413    .text               mc_w.l(__dczerorl2.o)
    0x0800027e   0x0800027e   0x00000002   Code   RO          458    i.BusFault_Handler  stm32f1xx_it.o
    0x08000280   0x08000280   0x00000094   Code   RO          298    i.CAN_Send_Message  can.o
    0x08000314   0x08000314   0x00000016   Code   RO          231    i.Can               freertos.o
    0x0800032a   0x0800032a   0x00000008   Code   RO          232    i.Cmd               freertos.o
    0x08000332   0x08000332   0x00000002   Code   RO          459    i.DebugMon_Handler  stm32f1xx_it.o
    0x08000334   0x08000334   0x00000004   Code   RO           13    i.Error_Handler     main.o
    0x08000338   0x08000338   0x00000024   Code   RO          589    i.HAL_CAN_ActivateNotification  stm32f1xx_hal_can.o
    0x0800035c   0x0800035c   0x000000c8   Code   RO          590    i.HAL_CAN_AddTxMessage  stm32f1xx_hal_can.o
    0x08000424   0x08000424   0x000000ee   Code   RO          591    i.HAL_CAN_ConfigFilter  stm32f1xx_hal_can.o
    0x08000512   0x08000512   0x00000002   Code   RO          594    i.HAL_CAN_ErrorCallback  stm32f1xx_hal_can.o
    0x08000514   0x08000514   0x000000e8   Code   RO          597    i.HAL_CAN_GetRxMessage  stm32f1xx_hal_can.o
    0x080005fc   0x080005fc   0x000001fc   Code   RO          601    i.HAL_CAN_IRQHandler  stm32f1xx_hal_can.o
    0x080007f8   0x080007f8   0x0000011a   Code   RO          602    i.HAL_CAN_Init      stm32f1xx_hal_can.o
    0x08000912   0x08000912   0x00000002   PAD
    0x08000914   0x08000914   0x00000094   Code   RO          300    i.HAL_CAN_MspInit   can.o
    0x080009a8   0x080009a8   0x00000002   Code   RO          609    i.HAL_CAN_RxFifo0FullCallback  stm32f1xx_hal_can.o
    0x080009aa   0x080009aa   0x00000002   PAD
    0x080009ac   0x080009ac   0x00000078   Code   RO          301    i.HAL_CAN_RxFifo0MsgPendingCallback  can.o
    0x08000a24   0x08000a24   0x00000002   Code   RO          611    i.HAL_CAN_RxFifo1FullCallback  stm32f1xx_hal_can.o
    0x08000a26   0x08000a26   0x00000002   Code   RO          612    i.HAL_CAN_RxFifo1MsgPendingCallback  stm32f1xx_hal_can.o
    0x08000a28   0x08000a28   0x00000002   Code   RO          613    i.HAL_CAN_SleepCallback  stm32f1xx_hal_can.o
    0x08000a2a   0x08000a2a   0x00000002   PAD
    0x08000a2c   0x08000a2c   0x00000058   Code   RO          614    i.HAL_CAN_Start     stm32f1xx_hal_can.o
    0x08000a84   0x08000a84   0x00000002   Code   RO          616    i.HAL_CAN_TxMailbox0AbortCallback  stm32f1xx_hal_can.o
    0x08000a86   0x08000a86   0x00000002   Code   RO          617    i.HAL_CAN_TxMailbox0CompleteCallback  stm32f1xx_hal_can.o
    0x08000a88   0x08000a88   0x00000002   Code   RO          618    i.HAL_CAN_TxMailbox1AbortCallback  stm32f1xx_hal_can.o
    0x08000a8a   0x08000a8a   0x00000002   Code   RO          619    i.HAL_CAN_TxMailbox1CompleteCallback  stm32f1xx_hal_can.o
    0x08000a8c   0x08000a8c   0x00000002   Code   RO          620    i.HAL_CAN_TxMailbox2AbortCallback  stm32f1xx_hal_can.o
    0x08000a8e   0x08000a8e   0x00000002   Code   RO          621    i.HAL_CAN_TxMailbox2CompleteCallback  stm32f1xx_hal_can.o
    0x08000a90   0x08000a90   0x00000002   Code   RO          623    i.HAL_CAN_WakeUpFromRxMsgCallback  stm32f1xx_hal_can.o
    0x08000a92   0x08000a92   0x00000002   PAD
    0x08000a94   0x08000a94   0x000001e0   Code   RO         1137    i.HAL_GPIO_Init     stm32f1xx_hal_gpio.o
    0x08000c74   0x08000c74   0x0000000a   Code   RO         1141    i.HAL_GPIO_WritePin  stm32f1xx_hal_gpio.o
    0x08000c7e   0x08000c7e   0x00000002   PAD
    0x08000c80   0x08000c80   0x0000000c   Code   RO          833    i.HAL_GetTick       stm32f1xx_hal.o
    0x08000c8c   0x08000c8c   0x00000010   Code   RO          839    i.HAL_IncTick       stm32f1xx_hal.o
    0x08000c9c   0x08000c9c   0x00000024   Code   RO          840    i.HAL_Init          stm32f1xx_hal.o
    0x08000cc0   0x08000cc0   0x00000040   Code   RO          841    i.HAL_InitTick      stm32f1xx_hal.o
    0x08000d00   0x08000d00   0x00000048   Code   RO          528    i.HAL_MspInit       stm32f1xx_hal_msp.o
    0x08000d48   0x08000d48   0x0000001a   Code   RO         1297    i.HAL_NVIC_EnableIRQ  stm32f1xx_hal_cortex.o
    0x08000d62   0x08000d62   0x00000002   PAD
    0x08000d64   0x08000d64   0x00000040   Code   RO         1303    i.HAL_NVIC_SetPriority  stm32f1xx_hal_cortex.o
    0x08000da4   0x08000da4   0x00000024   Code   RO         1304    i.HAL_NVIC_SetPriorityGrouping  stm32f1xx_hal_cortex.o
    0x08000dc8   0x08000dc8   0x0000012c   Code   RO          997    i.HAL_RCC_ClockConfig  stm32f1xx_hal_rcc.o
    0x08000ef4   0x08000ef4   0x00000020   Code   RO         1004    i.HAL_RCC_GetPCLK1Freq  stm32f1xx_hal_rcc.o
    0x08000f14   0x08000f14   0x00000020   Code   RO         1005    i.HAL_RCC_GetPCLK2Freq  stm32f1xx_hal_rcc.o
    0x08000f34   0x08000f34   0x0000006c   Code   RO         1006    i.HAL_RCC_GetSysClockFreq  stm32f1xx_hal_rcc.o
    0x08000fa0   0x08000fa0   0x00000320   Code   RO         1009    i.HAL_RCC_OscConfig  stm32f1xx_hal_rcc.o
    0x080012c0   0x080012c0   0x00000028   Code   RO         1308    i.HAL_SYSTICK_Config  stm32f1xx_hal_cortex.o
    0x080012e8   0x080012e8   0x00000068   Code   RO         2522    i.HAL_TIMEx_MasterConfigSynchronization  stm32f1xx_hal_tim_ex.o
    0x08001350   0x08001350   0x0000005a   Code   RO         1799    i.HAL_TIM_Base_Init  stm32f1xx_hal_tim.o
    0x080013aa   0x080013aa   0x00000002   PAD
    0x080013ac   0x080013ac   0x00000038   Code   RO          356    i.HAL_TIM_Base_MspInit  tim.o
    0x080013e4   0x080013e4   0x000000d6   Code   RO         1808    i.HAL_TIM_ConfigClockSource  stm32f1xx_hal_tim.o
    0x080014ba   0x080014ba   0x00000062   Code   RO         2799    i.HAL_UART_Init     stm32f1xx_hal_uart.o
    0x0800151c   0x0800151c   0x000000d0   Code   RO          398    i.HAL_UART_MspInit  usart.o
    0x080015ec   0x080015ec   0x000000c0   Code   RO         2802    i.HAL_UART_Receive  stm32f1xx_hal_uart.o
    0x080016ac   0x080016ac   0x000000b2   Code   RO         2807    i.HAL_UART_Transmit  stm32f1xx_hal_uart.o
    0x0800175e   0x0800175e   0x00000002   Code   RO          460    i.HardFault_Handler  stm32f1xx_it.o
    0x08001760   0x08001760   0x00000098   Code   RO          302    i.MX_CAN_Init       can.o
    0x080017f8   0x080017f8   0x0000007c   Code   RO          233    i.MX_FREERTOS_Init  freertos.o
    0x08001874   0x08001874   0x0000006c   Code   RO          207    i.MX_GPIO_Init      gpio.o
    0x080018e0   0x080018e0   0x00000064   Code   RO          357    i.MX_TIM2_Init      tim.o
    0x08001944   0x08001944   0x00000040   Code   RO          399    i.MX_USART1_UART_Init  usart.o
    0x08001984   0x08001984   0x00000038   Code   RO          400    i.MX_USART3_UART_Init  usart.o
    0x080019bc   0x080019bc   0x00000002   Code   RO          461    i.MemManage_Handler  stm32f1xx_it.o
    0x080019be   0x080019be   0x00000002   PAD
    0x080019c0   0x080019c0   0x0000001e   Code   RO          234    i.Modbus            freertos.o
    0x080019de   0x080019de   0x00000002   Code   RO          462    i.NMI_Handler       stm32f1xx_it.o
    0x080019e0   0x080019e0   0x00000008   Code   RO          235    i.StartDefaultTask  freertos.o
    0x080019e8   0x080019e8   0x00000018   Code   RO          463    i.SysTick_Handler   stm32f1xx_it.o
    0x08001a00   0x08001a00   0x0000005e   Code   RO           14    i.SystemClock_Config  main.o
    0x08001a5e   0x08001a5e   0x00000002   Code   RO         3128    i.SystemInit        system_stm32f1xx.o
    0x08001a60   0x08001a60   0x00000020   Code   RO         3642    i.TIM2_IRQHandler   porttimer.o
    0x08001a80   0x08001a80   0x0000006c   Code   RO         1892    i.TIM_Base_SetConfig  stm32f1xx_hal_tim.o
    0x08001aec   0x08001aec   0x00000014   Code   RO         1903    i.TIM_ETR_SetConfig  stm32f1xx_hal_tim.o
    0x08001b00   0x08001b00   0x00000010   Code   RO         1904    i.TIM_ITRx_SetConfig  stm32f1xx_hal_tim.o
    0x08001b10   0x08001b10   0x00000022   Code   RO         1910    i.TIM_TI1_ConfigInputStage  stm32f1xx_hal_tim.o
    0x08001b32   0x08001b32   0x00000024   Code   RO         1912    i.TIM_TI2_ConfigInputStage  stm32f1xx_hal_tim.o
    0x08001b56   0x08001b56   0x00000002   PAD
    0x08001b58   0x08001b58   0x000000b8   Code   RO         2825    i.UART_SetConfig    stm32f1xx_hal_uart.o
    0x08001c10   0x08001c10   0x00000064   Code   RO         2828    i.UART_WaitOnFlagUntilTimeout  stm32f1xx_hal_uart.o
    0x08001c74   0x08001c74   0x00000034   Code   RO         3570    i.USART3_IRQHandler  portserial.o
    0x08001ca8   0x08001ca8   0x0000000c   Code   RO          464    i.USB_LP_CAN1_RX0_IRQHandler  stm32f1xx_it.o
    0x08001cb4   0x08001cb4   0x00000002   Code   RO          465    i.UsageFault_Handler  stm32f1xx_it.o
    0x08001cb6   0x08001cb6   0x00000020   Code   RO         1310    i.__NVIC_SetPriority  stm32f1xx_hal_cortex.o
    0x08001cd6   0x08001cd6   0x0000000e   Code   RO         5407    i.__scatterload_copy  mc_w.l(handlers.o)
    0x08001ce4   0x08001ce4   0x00000002   Code   RO         5408    i.__scatterload_null  mc_w.l(handlers.o)
    0x08001ce6   0x08001ce6   0x0000000e   Code   RO         5409    i.__scatterload_zeroinit  mc_w.l(handlers.o)
    0x08001cf4   0x08001cf4   0x00000030   Code   RO         3162    i.eMBASCIIInit      mbascii.o
    0x08001d24   0x08001d24   0x00000048   Code   RO         3163    i.eMBASCIIReceive   mbascii.o
    0x08001d6c   0x08001d6c   0x00000048   Code   RO         3164    i.eMBASCIISend      mbascii.o
    0x08001db4   0x08001db4   0x0000001c   Code   RO         3165    i.eMBASCIIStart     mbascii.o
    0x08001dd0   0x08001dd0   0x00000012   Code   RO         3166    i.eMBASCIIStop      mbascii.o
    0x08001de2   0x08001de2   0x00000002   PAD
    0x08001de4   0x08001de4   0x00000020   Code   RO         3471    i.eMBEnable         mb.o
    0x08001e04   0x08001e04   0x0000006e   Code   RO         3250    i.eMBFuncReadCoils  mbfunccoils.o
    0x08001e72   0x08001e72   0x0000006e   Code   RO         3277    i.eMBFuncReadDiscreteInputs  mbfuncdisc.o
    0x08001ee0   0x08001ee0   0x0000005a   Code   RO         3289    i.eMBFuncReadHoldingRegister  mbfuncholding.o
    0x08001f3a   0x08001f3a   0x0000005e   Code   RO         3319    i.eMBFuncReadInputRegister  mbfuncinput.o
    0x08001f98   0x08001f98   0x00000094   Code   RO         3290    i.eMBFuncReadWriteMultipleHoldingRegister  mbfuncholding.o
    0x0800202c   0x0800202c   0x00000024   Code   RO         3331    i.eMBFuncReportSlaveID  mbfuncother.o
    0x08002050   0x08002050   0x00000052   Code   RO         3251    i.eMBFuncWriteCoil  mbfunccoils.o
    0x080020a2   0x080020a2   0x0000002e   Code   RO         3291    i.eMBFuncWriteHoldingRegister  mbfuncholding.o
    0x080020d0   0x080020d0   0x0000005e   Code   RO         3252    i.eMBFuncWriteMultipleCoils  mbfunccoils.o
    0x0800212e   0x0800212e   0x0000004a   Code   RO         3292    i.eMBFuncWriteMultipleHoldingRegister  mbfuncholding.o
    0x08002178   0x08002178   0x000000c8   Code   RO         3472    i.eMBInit           mb.o
    0x08002240   0x08002240   0x000000b4   Code   RO         3473    i.eMBPoll           mb.o
    0x080022f4   0x080022f4   0x0000003c   Code   RO         3393    i.eMBRTUInit        mbrtu.o
    0x08002330   0x08002330   0x00000050   Code   RO         3394    i.eMBRTUReceive     mbrtu.o
    0x08002380   0x08002380   0x00000058   Code   RO         3395    i.eMBRTUSend        mbrtu.o
    0x080023d8   0x080023d8   0x0000001c   Code   RO         3396    i.eMBRTUStart       mbrtu.o
    0x080023f4   0x080023f4   0x00000012   Code   RO         3397    i.eMBRTUStop        mbrtu.o
    0x08002406   0x08002406   0x00000002   PAD
    0x08002408   0x08002408   0x000000a4   Code   RO         3690    i.eMBRegCoilsCB     demo1.o
    0x080024ac   0x080024ac   0x00000074   Code   RO         3691    i.eMBRegDiscreteCB  demo1.o
    0x08002520   0x08002520   0x00000070   Code   RO         3692    i.eMBRegHoldingCB   demo1.o
    0x08002590   0x08002590   0x0000004c   Code   RO         3693    i.eMBRegInputCB     demo1.o
    0x080025dc   0x080025dc   0x0000003a   Code   RO           15    i.main              main.o
    0x08002616   0x08002616   0x00000002   PAD
    0x08002618   0x08002618   0x00000038   Code   RO         4827    i.osDelay           cmsis_os2.o
    0x08002650   0x08002650   0x00000038   Code   RO         4841    i.osKernelInitialize  cmsis_os2.o
    0x08002688   0x08002688   0x00000040   Code   RO         4844    i.osKernelStart     cmsis_os2.o
    0x080026c8   0x080026c8   0x000000a8   Code   RO         4852    i.osMessageQueueNew  cmsis_os2.o
    0x08002770   0x08002770   0x000000b8   Code   RO         4858    i.osMutexNew        cmsis_os2.o
    0x08002828   0x08002828   0x000000d4   Code   RO         4863    i.osSemaphoreNew    cmsis_os2.o
    0x080028fc   0x080028fc   0x000000e0   Code   RO         4878    i.osThreadNew       cmsis_os2.o
    0x080029dc   0x080029dc   0x00000060   Code   RO         4302    i.prvAddCurrentTaskToDelayedList  tasks.o
    0x08002a3c   0x08002a3c   0x00000088   Code   RO         4303    i.prvAddNewTaskToReadyList  tasks.o
    0x08002ac4   0x08002ac4   0x0000005c   Code   RO         4663    i.prvCheckForValidListAndQueue  timers.o
    0x08002b20   0x08002b20   0x00000040   Code   RO         4304    i.prvCheckTasksWaitingTermination  tasks.o
    0x08002b60   0x08002b60   0x00000024   Code   RO         3898    i.prvCopyDataFromQueue  queue.o
    0x08002b84   0x08002b84   0x0000006e   Code   RO         3899    i.prvCopyDataToQueue  queue.o
    0x08002bf2   0x08002bf2   0x00000040   Code   RO         4305    i.prvDeleteTCB      tasks.o
    0x08002c32   0x08002c32   0x00000002   PAD
    0x08002c34   0x08002c34   0x00000024   Code   RO         4664    i.prvGetNextExpireTime  timers.o
    0x08002c58   0x08002c58   0x00000050   Code   RO         5248    i.prvHeapInit       heap_4.o
    0x08002ca8   0x08002ca8   0x00000028   Code   RO         4306    i.prvIdleTask       tasks.o
    0x08002cd0   0x08002cd0   0x00000018   Code   RO         3901    i.prvInitialiseMutex  queue.o
    0x08002ce8   0x08002ce8   0x00000022   Code   RO         3902    i.prvInitialiseNewQueue  queue.o
    0x08002d0a   0x08002d0a   0x0000008c   Code   RO         4307    i.prvInitialiseNewTask  tasks.o
    0x08002d96   0x08002d96   0x00000002   PAD
    0x08002d98   0x08002d98   0x00000060   Code   RO         4308    i.prvInitialiseTaskLists  tasks.o
    0x08002df8   0x08002df8   0x0000005c   Code   RO         5249    i.prvInsertBlockIntoFreeList  heap_4.o
    0x08002e54   0x08002e54   0x00000048   Code   RO         4666    i.prvInsertTimerInActiveList  timers.o
    0x08002e9c   0x08002e9c   0x0000001a   Code   RO         3903    i.prvIsQueueEmpty   queue.o
    0x08002eb6   0x08002eb6   0x0000001e   Code   RO         3904    i.prvIsQueueFull    queue.o
    0x08002ed4   0x08002ed4   0x0000005c   Code   RO         4667    i.prvProcessExpiredTimer  timers.o
    0x08002f30   0x08002f30   0x000000d8   Code   RO         4668    i.prvProcessReceivedCommands  timers.o
    0x08003008   0x08003008   0x0000006c   Code   RO         4669    i.prvProcessTimerOrBlockTask  timers.o
    0x08003074   0x08003074   0x00000024   Code   RO         4310    i.prvResetNextTaskUnblockTime  tasks.o
    0x08003098   0x08003098   0x0000002c   Code   RO         4670    i.prvSampleTimeNow  timers.o
    0x080030c4   0x080030c4   0x00000074   Code   RO         4671    i.prvSwitchTimerLists  timers.o
    0x08003138   0x08003138   0x00000030   Code   RO         5298    i.prvTaskExitError  port.o
    0x08003168   0x08003168   0x00000014   Code   RO         4672    i.prvTimerTask      timers.o
    0x0800317c   0x0800317c   0x00000068   Code   RO         3905    i.prvUnlockQueue    queue.o
    0x080031e4   0x080031e4   0x00000018   Code   RO         3352    i.prveMBError2Exception  mbutils.o
    0x080031fc   0x080031fc   0x0000001c   Code   RO         3167    i.prvucMBBIN2CHAR   mbascii.o
    0x08003218   0x08003218   0x00000018   Code   RO         3168    i.prvucMBLRC        mbascii.o
    0x08003230   0x08003230   0x000000e4   Code   RO         5250    i.pvPortMalloc      heap_4.o
    0x08003314   0x08003314   0x00000024   Code   RO         5299    i.pxPortInitialiseStack  port.o
    0x08003338   0x08003338   0x0000002c   Code   RO         3376    i.usMBCRC16         mbcrc.o
    0x08003364   0x08003364   0x00000026   Code   RO         3858    i.uxListRemove      list.o
    0x0800338a   0x0800338a   0x00000002   PAD
    0x0800338c   0x0800338c   0x00000014   Code   RO         4890    i.vApplicationGetIdleTaskMemory  cmsis_os2.o
    0x080033a0   0x080033a0   0x00000018   Code   RO         4891    i.vApplicationGetTimerTaskMemory  cmsis_os2.o
    0x080033b8   0x080033b8   0x00000016   Code   RO         3859    i.vListInitialise   list.o
    0x080033ce   0x080033ce   0x00000006   Code   RO         3860    i.vListInitialiseItem  list.o
    0x080033d4   0x080033d4   0x00000036   Code   RO         3861    i.vListInsert       list.o
    0x0800340a   0x0800340a   0x00000018   Code   RO         3862    i.vListInsertEnd    list.o
    0x08003422   0x08003422   0x00000002   PAD
    0x08003424   0x08003424   0x00000044   Code   RO         3573    i.vMBPortSerialEnable  portserial.o
    0x08003468   0x08003468   0x0000003c   Code   RO         3677    i.vMBPortTimersDisable  porttimer.o
    0x080034a4   0x080034a4   0x0000002c   Code   RO         3671    i.vMBPortTimersEnable  porttimer.o
    0x080034d0   0x080034d0   0x00000040   Code   RO         5301    i.vPortEnterCritical  port.o
    0x08003510   0x08003510   0x0000002c   Code   RO         5302    i.vPortExitCritical  port.o
    0x0800353c   0x0800353c   0x0000005c   Code   RO         5251    i.vPortFree         heap_4.o
    0x08003598   0x08003598   0x00000024   Code   RO         5303    i.vPortSetupTimerInterrupt  port.o
    0x080035bc   0x080035bc   0x00000054   Code   RO         5304    i.vPortValidateInterruptPriority  port.o
    0x08003610   0x08003610   0x00000028   Code   RO         3911    i.vQueueAddToRegistry  queue.o
    0x08003638   0x08003638   0x00000032   Code   RO         3912    i.vQueueDelete      queue.o
    0x0800366a   0x0800366a   0x00000002   PAD
    0x0800366c   0x0800366c   0x00000028   Code   RO         3914    i.vQueueUnregisterQueue  queue.o
    0x08003694   0x08003694   0x0000004a   Code   RO         3915    i.vQueueWaitForMessageRestricted  queue.o
    0x080036de   0x080036de   0x00000002   PAD
    0x080036e0   0x080036e0   0x00000050   Code   RO         4322    i.vTaskDelay        tasks.o
    0x08003730   0x08003730   0x00000010   Code   RO         4327    i.vTaskInternalSetTimeOutState  tasks.o
    0x08003740   0x08003740   0x0000000c   Code   RO         4328    i.vTaskMissedYield  tasks.o
    0x0800374c   0x0800374c   0x00000034   Code   RO         4330    i.vTaskPlaceOnEventList  tasks.o
    0x08003780   0x08003780   0x0000003c   Code   RO         4331    i.vTaskPlaceOnEventListRestricted  tasks.o
    0x080037bc   0x080037bc   0x00000090   Code   RO         4339    i.vTaskStartScheduler  tasks.o
    0x0800384c   0x0800384c   0x00000010   Code   RO         4341    i.vTaskSuspendAll   tasks.o
    0x0800385c   0x0800385c   0x0000006c   Code   RO         4342    i.vTaskSwitchContext  tasks.o
    0x080038c8   0x080038c8   0x000000e4   Code   RO         3169    i.xMBASCIIReceiveFSM  mbascii.o
    0x080039ac   0x080039ac   0x00000030   Code   RO         3170    i.xMBASCIITimerT1SExpired  mbascii.o
    0x080039dc   0x080039dc   0x000000ac   Code   RO         3171    i.xMBASCIITransmitFSM  mbascii.o
    0x08003a88   0x08003a88   0x0000001c   Code   RO         3541    i.xMBPortEventGet   portevent.o
    0x08003aa4   0x08003aa4   0x00000010   Code   RO         3542    i.xMBPortEventInit  portevent.o
    0x08003ab4   0x08003ab4   0x00000010   Code   RO         3543    i.xMBPortEventPost  portevent.o
    0x08003ac4   0x08003ac4   0x0000001c   Code   RO         3574    i.xMBPortSerialGetByte  portserial.o
    0x08003ae0   0x08003ae0   0x00000004   Code   RO         3575    i.xMBPortSerialInit  portserial.o
    0x08003ae4   0x08003ae4   0x0000001c   Code   RO         3576    i.xMBPortSerialPutByte  portserial.o
    0x08003b00   0x08003b00   0x00000004   Code   RO         3644    i.xMBPortTimersInit  porttimer.o
    0x08003b04   0x08003b04   0x00000068   Code   RO         3398    i.xMBRTUReceiveFSM  mbrtu.o
    0x08003b6c   0x08003b6c   0x00000040   Code   RO         3399    i.xMBRTUTimerT35Expired  mbrtu.o
    0x08003bac   0x08003bac   0x0000005c   Code   RO         3400    i.xMBRTUTransmitFSM  mbrtu.o
    0x08003c08   0x08003c08   0x00000022   Code   RO         3353    i.xMBUtilGetBits    mbutils.o
    0x08003c2a   0x08003c2a   0x00000032   Code   RO         3354    i.xMBUtilSetBits    mbutils.o
    0x08003c5c   0x08003c5c   0x000000b4   Code   RO         5305    i.xPortStartScheduler  port.o
    0x08003d10   0x08003d10   0x0000002c   Code   RO         5306    i.xPortSysTickHandler  port.o
    0x08003d3c   0x08003d3c   0x0000003c   Code   RO         3916    i.xQueueCreateCountingSemaphore  queue.o
    0x08003d78   0x08003d78   0x00000042   Code   RO         3917    i.xQueueCreateCountingSemaphoreStatic  queue.o
    0x08003dba   0x08003dba   0x00000018   Code   RO         3918    i.xQueueCreateMutex  queue.o
    0x08003dd2   0x08003dd2   0x0000001c   Code   RO         3919    i.xQueueCreateMutexStatic  queue.o
    0x08003dee   0x08003dee   0x0000004a   Code   RO         3920    i.xQueueGenericCreate  queue.o
    0x08003e38   0x08003e38   0x00000070   Code   RO         3921    i.xQueueGenericCreateStatic  queue.o
    0x08003ea8   0x08003ea8   0x00000090   Code   RO         3922    i.xQueueGenericReset  queue.o
    0x08003f38   0x08003f38   0x00000170   Code   RO         3923    i.xQueueGenericSend  queue.o
    0x080040a8   0x080040a8   0x000000bc   Code   RO         3924    i.xQueueGenericSendFromISR  queue.o
    0x08004164   0x08004164   0x00000148   Code   RO         3933    i.xQueueReceive     queue.o
    0x080042ac   0x080042ac   0x00000080   Code   RO         4343    i.xTaskCheckForTimeOut  tasks.o
    0x0800432c   0x0800432c   0x0000006c   Code   RO         4344    i.xTaskCreate       tasks.o
    0x08004398   0x08004398   0x00000060   Code   RO         4345    i.xTaskCreateStatic  tasks.o
    0x080043f8   0x080043f8   0x0000001c   Code   RO         4349    i.xTaskGetSchedulerState  tasks.o
    0x08004414   0x08004414   0x0000000c   Code   RO         4350    i.xTaskGetTickCount  tasks.o
    0x08004420   0x08004420   0x000000cc   Code   RO         4352    i.xTaskIncrementTick  tasks.o
    0x080044ec   0x080044ec   0x00000080   Code   RO         4355    i.xTaskPriorityDisinherit  tasks.o
    0x0800456c   0x0800456c   0x00000078   Code   RO         4357    i.xTaskRemoveFromEventList  tasks.o
    0x080045e4   0x080045e4   0x000000cc   Code   RO         4358    i.xTaskResumeAll    tasks.o
    0x080046b0   0x080046b0   0x00000068   Code   RO         4679    i.xTimerCreateTimerTask  timers.o
    0x08004718   0x08004718   0x00000074   Code   RO         4680    i.xTimerGenericCommand  timers.o
    0x0800478c   0x0800478c   0x000000c8   Data   RO          236    .constdata          freertos.o
    0x08004854   0x08004854   0x00000010   Data   RO         3129    .constdata          system_stm32f1xx.o
    0x08004864   0x08004864   0x00000008   Data   RO         3130    .constdata          system_stm32f1xx.o
    0x0800486c   0x0800486c   0x00000200   Data   RO         3377    .constdata          mbcrc.o
    0x08004a6c   0x08004a6c   0x00000044   Data   RO          237    .conststring        freertos.o
    0x08004ab0   0x08004ab0   0x00000020   Data   RO         5405    Region$$Table       anon$$obj.o


    Execution Region RW_IRAM1 (Exec base: 0x20000000, Load base: 0x08004ad0, Size: 0x000022a8, Max: 0x00005000, ABSOLUTE, COMPRESSED[0x00000050])

    Exec Addr    Load Addr    Size         Type   Attr      Idx    E Section Name        Object

    0x20000000   COMPRESSED   0x0000001c   Data   RW          238    .data               freertos.o
    0x2000001c   COMPRESSED   0x00000014   Data   RW          305    .data               can.o
    0x20000030   COMPRESSED   0x0000000c   Data   RW          847    .data               stm32f1xx_hal.o
    0x2000003c   COMPRESSED   0x00000004   Data   RW         3131    .data               system_stm32f1xx.o
    0x20000040   COMPRESSED   0x00000010   Data   RW         3172    .data               mbascii.o
    0x20000050   COMPRESSED   0x00000002   Data   RW         3334    .data               mbfuncother.o
    0x20000052   COMPRESSED   0x00000002   PAD
    0x20000054   COMPRESSED   0x0000000c   Data   RW         3402    .data               mbrtu.o
    0x20000060   COMPRESSED   0x000000ac   Data   RW         3476    .data               mb.o
    0x2000010c   COMPRESSED   0x00000002   Data   RW         3544    .data               portevent.o
    0x2000010e   COMPRESSED   0x0000000a   Data   RW         3695    .data               demo1.o
    0x20000118   COMPRESSED   0x0000003c   Data   RW         4361    .data               tasks.o
    0x20000154   COMPRESSED   0x00000014   Data   RW         4688    .data               timers.o
    0x20000168   COMPRESSED   0x00000004   Data   RW         4893    .data               cmsis_os2.o
    0x2000016c   COMPRESSED   0x00000018   Data   RW         5256    .data               heap_4.o
    0x20000184   COMPRESSED   0x0000000c   Data   RW         5307    .data               port.o
    0x20000190        -       0x00000084   Zero   RW          303    .bss                can.o
    0x20000214        -       0x00000048   Zero   RW          358    .bss                tim.o
    0x2000025c        -       0x00000088   Zero   RW          402    .bss                usart.o
    0x200002e4        -       0x00000020   Zero   RW         3333    .bss                mbfuncother.o
    0x20000304        -       0x00000100   Zero   RW         3401    .bss                mbrtu.o
    0x20000404        -       0x000001d0   Zero   RW         3694    .bss                demo1.o
    0x200005d4        -       0x00000040   Zero   RW         3937    .bss                queue.o
    0x20000614        -       0x000004c4   Zero   RW         4360    .bss                tasks.o
    0x20000ad8        -       0x00000118   Zero   RW         4687    .bss                timers.o
    0x20000bf0        -       0x000006b8   Zero   RW         4892    .bss                cmsis_os2.o
    0x200012a8        -       0x00000c00   Zero   RW         5255    .bss                heap_4.o
    0x20001ea8        -       0x00000400   Zero   RW            1    STACK               startup_stm32f103xb.o


==============================================================================

Image component sizes


      Code (inc. data)   RO Data    RW Data    ZI Data      Debug   Object Name

       568        106          0         20        132       3390   can.o
      1008         50          0          4       1720      20452   cmsis_os2.o
       468         32          0         10        464       4535   demo1.o
         0          0          0          0          0      18580   event_groups.o
       192         26        268         28          0       6270   freertos.o
       108          8          0          0          0        851   gpio.o
       492         32          0         24       3072       4675   heap_4.o
       144          0          0          0          0       3282   list.o
       156          0          0          0          0     449769   main.o
       412         68          0        172          0       4246   mb.o
       738         38          0         16          0      10111   mbascii.o
        44          4        512          0          0       1208   mbcrc.o
       286          0          0          0          0       3706   mbfunccoils.o
       110          0          0          0          0       1568   mbfuncdisc.o
       358          0          0          0          0       5099   mbfuncholding.o
        94          0          0          0          0       1555   mbfuncinput.o
        36         10          0          2         32       1379   mbfuncother.o
       534         48          0         12        256       6219   mbrtu.o
       108          0          0          0          0       2570   mbutils.o
       686         72          0         12          0      10537   port.o
        60         14          0          2          0       2052   portevent.o
       180         32          0          0          0       5892   portserial.o
       140         18          0          0          0       2397   porttimer.o
      1960         28          0          0         64      22781   queue.o
        36          8        236          0       1024        776   startup_stm32f103xb.o
       128         24          0         12          0       5109   stm32f1xx_hal.o
      1608          0          0          0          0      13099   stm32f1xx_hal_can.o
       198         14          0          0          0      28795   stm32f1xx_hal_cortex.o
       490         34          0          0          0       2808   stm32f1xx_hal_gpio.o
        72         10          0          0          0        818   stm32f1xx_hal_msp.o
      1272        100          0          0          0       5032   stm32f1xx_hal_rcc.o
       518         14          0          0          0       5735   stm32f1xx_hal_tim.o
       104         12          0          0          0       1272   stm32f1xx_hal_tim_ex.o
       752          6          0          0          0       4983   stm32f1xx_hal_uart.o
        48          6          0          0          0       3328   stm32f1xx_it.o
         0          0          0          0          0       8908   stream_buffer.o
         2          0         24          4          0       1035   system_stm32f1xx.o
      2188        196          0         60       1220      23438   tasks.o
       156         10          0          0         72       1554   tim.o
      1016         96          0         20        280      26487   timers.o
       328         40          0          0        136       2287   usart.o

    ----------------------------------------------------------------------
     17836       1156       1072        400       8472     728588   Object Totals
         0          0         32          0          0          0   (incl. Generated)
        38          0          0          2          0          0   (incl. Padding)

    ----------------------------------------------------------------------

      Code (inc. data)   RO Data    RW Data    ZI Data      Debug   Library Member Name

        86          0          0          0          0          0   __dczerorl2.o
         0          0          0          0          0          0   entry.o
         0          0          0          0          0          0   entry10a.o
         0          0          0          0          0          0   entry11a.o
         8          4          0          0          0          0   entry2.o
         4          0          0          0          0          0   entry5.o
         0          0          0          0          0          0   entry7b.o
         0          0          0          0          0          0   entry8b.o
         8          4          0          0          0          0   entry9a.o
        30          0          0          0          0          0   handlers.o
        36          8          0          0          0         68   init.o
        36          0          0          0          0         68   memcpya.o
        36          0          0          0          0        108   memseta.o

    ----------------------------------------------------------------------
       244         16          0          0          0        244   Library Totals
         0          0          0          0          0          0   (incl. Padding)

    ----------------------------------------------------------------------

      Code (inc. data)   RO Data    RW Data    ZI Data      Debug   Library Name

       244         16          0          0          0        244   mc_w.l

    ----------------------------------------------------------------------
       244         16          0          0          0        244   Library Totals

    ----------------------------------------------------------------------

==============================================================================


      Code (inc. data)   RO Data    RW Data    ZI Data      Debug   

     18080       1172       1072        400       8472     718456   Grand Totals
     18080       1172       1072         80       8472     718456   ELF Image Totals (compressed)
     18080       1172       1072         80          0          0   ROM Totals

==============================================================================

    Total RO  Size (Code + RO Data)                19152 (  18.70kB)
    Total RW  Size (RW Data + ZI Data)              8872 (   8.66kB)
    Total ROM Size (Code + RO Data + RW Data)      19232 (  18.78kB)

==============================================================================

